20TH CENTURY FOX
3M
AB VOLVO
AB. VOLVO
ABACUS
ABB ROBOTICS
ABBOTT
ABF
ACADEMY OF SCIENCES
ACCO
ACER
ACHILLES
ACME
ACUSTAR
ADAM OPEL
ADAN KHASHOGGI
ADB
ADETEX
ADOLPH COORS
ADVANCED DISPLAY
ADVANCED MICRO DEVICES
ADVO
AEAECHNOLOGY
AEG
AEKYUNG
AEMSA
AENEAS
AER RIANTA
AERITALIA
AEROCOMPLEX
AEROFIRST
AEROFLOT
AEROLEASING
AEROMAR
AFFYMAX RESEARCH INST
AFIC
AFL-CIO
AG ASSOCIATES
AG PROCESSING
AG. ASSOCIATES
AGIP
AGPOL
AGRISENSE
AGWAY
AIR LANKA
AIR MICRONESIA
AIR MIKE EXPRESS
AIR TREADS
AIRBUS
AIRBUS INDUSTRIE
AJINOMOTO
AKZO
ALAS HELAU
ALBERTO CULVER
ALCAN ALUMINUM
ALCATEL
ALCATEL BELL TELEPHONE
ALCATEL-BELL
ALCHEM
ALCOA
ALCOM
ALDYL
ALEX. BROWN
ALG
ALGSU
ALITALIA
ALL NEWS CHANNEL
ALLEGHENY LUDLUM
ALLEN-BRADLEY
ALLERGAN
ALLIANT TECHSYSTEMS
ALLIED BREWERIES NEDERLAND
ALLIED PROPERTIES
ALLIED-SIGNAL
ALLIED-SIGNAL ENGINEERED PLASTICS
ALOHA TOWER ASSOCIATES
ALTA GOLD
ALTAIR TECHNOLOGIES GMBN
ALTERA
ALUJAIN
ALUSIT
AMAX
AMB
AMC
AMCOL
AMD
AMDAHL
AMERADA HESS
AMERICA ONLINE
AMERICAN BRANDS
AMERICAN CHEMICAL SOCIETY
AMERICAN CONTINENTAL PROPERTIES
AMERICAN CYANAMID
AMERICAN EXPRESS
AMERICAN EXPRESS VACATIONS
AMERICAN GREETINGS
AMERICAN HOME PRODUCTS
AMERICAN MAIZE-PRODUCTS
AMERICAN STANDARD
AMERICAN STOCK EXCHANGE
AMERICAN TELEPHONE AND TELEGRAPH
AMERIHOST
AMETEK
AMGEN
AMMANN YANMAR
AMOCO
AMOCO CHEMICAL
AMOCO CHEMICAL COMPANY
AMOCO.
AMOSKEAG
AMP
AMPER
AMSC
AMT
AMTRAK
ANA
ANACOMP
ANALOG DEVICES
ANALOGIC
ANCHOR GLASS CONTAINER
ANDERS WILHELMSEN
ANELVA
ANHEUSER-BUSCH
ANSALDO
ANTON KAJRICH
ANZCO
ANZCO.
AOKI
AOL
APHTON
APPLE
APPLE COLLEGE INFORMATION NETWORK
APPLE COMPUTER
APPLE COMPUTERS
APPLIED MATERIALS
ARCADIAN
ARCHER TECHNICOAT
ARCHER-DANIELS-MIDLAND
ARGONNE
ARGOS
ARIANESPACE
ARIZONA MICROCHIP
ARLINGTON
ARLINGTON SECURITIES
ARMCO
ARMCO STEEL
ARMSTORNG
ARMSTRONG INDUSTRIES SINGAPORE PTE
ARMSTRONG INDUSTRIES SINGAPORE PTE.
ARMSTRONG WORLD INDUST.
ASAHI
ASAHI GLASS
ASARCO
ASARCO.
ASC
ASCII
ASEA
ASEA BROWN
ASEA BROWN BOVER
ASEA BROWN BOVERI
ASEA-BROWN BOVERI
ASEAN
ASEAN BINTULU FERTILIZER
ASETCO
ASETCO.
ASHLAND
ASHLAND OIL
ASHURST
ASHURST MORRIS CRISP
ASIA PACIFIC PIPE INVESTMENT
ASIAN DEVELOPMENT BANK
ASIASAT
ASM
ASM EPITAXY
ASM LITHOGRAPHY
ASPEN SEMI-CONDUCTOR
ASSOCIATED FINANCE
ASSOCIATED FINANCE SHANGHAI
ASSOCIATED PRESS
AST
AST RESEARCH
ASTRA
ASTROPIZZA
AT & T
AT & T MICROELECTRONICS
AT &AMP; T
AT &AMP; T MICROELECTRONICS
AT AND T
AT&AMP ; T
AT&AMP ; T MICROELECTRONICS
AT&T
AT&T MICROELECTRONICS
ATEQ
ATLANTIC RICHFIELD
ATOCHEM
AU PRINTEMPS
AUGAT
AUTO VAZ SERVICE
AUTOEXPORTIMPORT
AUTOKONSZERN
AUTOLATINA
AUTOMOBIL-WERK EISENACH
AUTOMOBILE PEUGEOT
AUTOMOBILE WORKS EISENACH
AUTOMOBILES PEUGEOT
AVERY DENNISON
AVIALAT
AVIONS DE TRANSPORT REGIONAL
AVON IEC
AVON PRODUCTS
AYALA
AYER
B & W
B F GOODRICH
B&AMP ; W
B.F. GOODRICH
BABCOCK & WILCOX
BABCOCK &AMP; WILCOX
BABOLNA
BAIN VENTURE CAPITAL
BAKER & MCKENZIE
BAKER &AMP; MCKENZIE
BAKER HUGHES
BAKRIE BROTHERS
BALSHINE FOUNDATION AND GEORGE THE THIRD AND SON
BANCO SANTANDER
BANDAG
BANDO
BANDO CHEMICAL
BANGKOK BANK
BANK BUANA
BANK CENTRAL ASIA
BANK DAGANG NEGARA
BANK INTERNATIONAL INDONESIA
BANK NEGARA INDONESIA
BANK OF CHINA
BANK OF CHINA SHANGHAI TRUST AND CONSULTANCY
BANK OF COMMUNICATIONS
BANK OF EAST ASIA
BANK PEMBANGUNAN INDONESIA
BANQUE INDOSUEZ
BANTA
BAPINDO
BARD
BARLASTON
BAROID
BARUM
BARUM PUCHOV
BARUM TYRES
BARUM-OTROKOVICE
BASF
BAT
BAUMANIERE
BAUSCH & LOMB
BAUSCH &AMP; LOMB
BAXTER
BAYER
BBC
BBDO
BBDO WORLDWIDE
BCA
BCBS
BCE
BECHTEL
BECKMAN INSTRUMENTS
BECTON DICKINSON
BEIJING AMERICAN EXPRESS CENTER
BEIJING FIRST COMMERCIAL BUREAU
BEIJING MUNICIPALITY
BELL & HOWELL
BELL &AMP; HOWELL
BELL ATLANTIC
BELL SYSTEM
BELL TELEPHONE
BELLCORE
BELLSOUTH
BEMIS
BENNETT REISEBUREAU
BENZ
BERISFORD
BERKSHIRE HATHAWAY
BERLIAN INTERNIAGA
BERLINER BANK
BERTELSMANN AG
BETHANY MEDICAL CENTER
BETHLEHEM STEEL
BF GOODRICH
BFGOODRICH
BHC
BHP
BIG BOARD
BII
BIIN
BILLY HARGIS
BIRDS EYE
BIRGENAIR
BITIC
BLACK & DECKER
BLACK &AMP; DECKER
BLACK CAUCUS
BLOCK DRUG
BLOCKBUSTER
BLOCKBUSTER VIDEO
BLOOMBERG BUSINESS NEWS
BLOOMINGDALE
BLOUNT
BLUE CROSS BLUE SHIELD
BMW
BNFL
BNI
BOC
BOCTC
BOEING
BOEING AEROSPACE AND ELECTRONICS
BOISE CASCADE
BOMBARDIER
BON MARCHE
BOOTS
BORDEN
BOSCH
BOSTON GLOBE
BOVIS
BOWATER
BOZELL
BP
BP COAL
BR
BRAINTREE
BRASPETRO
BRATISLAVA AUTO WORKS
BRATISLAVA AUTOMOBILE ZAVODI
BRATISLAVSKE AUTOMOBILOVE ZAVODY
BRAZIL PETROLEUM
BRIDGESTONE
BRIGGS & STRATTON
BRIGGS &AMP; STRATTON
BRINA
BRINSON
BRINSON PARTNERS
BRISTOL-MYERS SQUIBB
BRITISH AEROSPACE
BRITISH AIRWAYS
BRITISH BROADCASTING CORPORATION
BRITISH GAS
BRITISH NUCLEAR FUELS
BRITISH PETROLEUM
BRITISH RAIL
BRITISH SKY BROADCASTING
BRITISH TELECOM
BROWN & ROOT
BROWN &AMP; ROOT
BROWN-FORMAN
BRUNSWICK
BSKYB
BT
BT CELLNET
BT FUTURE
BT WIRELESS
BTI
BTR NYLEX
BUFFALO BILLS
BUNDESBANK
BURDA
BURDINES
BURLINGTON INDUST. CAPITAL
BURLINGTON RESOURCES
BURMAH
BURNET
BURNET REALTY
BURNS FRY
BURR-BROWN
BURROUGHS
C ITOH
C. ITOH
C.R. BARD
C.S.P.A.
CABLE & WIRELESS
CABLE &AMP; WIRELESS
CABLE AND WIRELESS
CABLE NEWS NETWORK
CABOT
CAHNERS
CALIFORNIA JAMAR
CALL INTERACTIVE
CALMIT INDUSTRIAL LTDA
CALMIT INDUSTRIAL LTDA.
CALSETE EMPRESS
CAMBELL SOUP
CAMBRIDGE UNIVERSITY PRESS
CAMPEAU
CANADIAN HUNTER
CANDELA
CANDELA LASER
CANFOR
CANON
CANON U.S.A.
CANON USA
CAPITAL INDUSTRY
CARBIDE
CARENA
CARL ZEISS
CAROLCO
CAROLCO PARAVISION TELEVISION INTERNATIONAL V.O.F.
CAROLCO PARAVISION TELEVISION INTERNATIONAL VOF
CAROLCO.
CARRIAN
CARRIAN NOMINEE
CARTER-WALLACE
CARTERS
CASCADES
CASTROL
CATERPILLAR
CATHAY
CATIC
CATOLEUM
CBS
CCI
CDI TRANSPORTATION
CELMAR INDUSTRIA DE CELULOSE
CELULOSA ARAUCO
CELULOSA ARAUCO.
CENIBRA
CENTEL
CENTEL INFORMATION SYSTEMS DIVISION
CENTER FOR ADVANCED MICROSTRUCTURES AND DEVICES
CENTRAL RESEARCH INSTITUTE FOR PHYSICS
CENTRAL SARI METROPOLITAN LEASING
CENTUNION
CENTURION
CENTURION MINES
CEP
CESSNA
CFP-TOTAL
CHANNAR JOINT VENTURE PROJECT PILBARA REGION
CHAPELLE DARBLAY
CHARMANT
CHAROEN POKHPAND
CHEMISCHE WERKE BUNA
CHERRY SEMICONDUCTOR
CHEVRON
CHICAGO BEARS
CHICAGO BOARD OF TRADE
CHICAGO BOARD OPTIONS EXCHANGE
CHICAGO MERCANTILE EXCHANGE
CHICAGO WHITE SOX
CHINA DISTILLERY
CHINA GENERAL PLASTICS
CHINA GREAT WALL
CHINA LIGHT AND POWER
CHINA NATIONAL
CHINA NATIONAL CHEMICALS IMPORT
CHINA RESOURCES
CHINESE ACADEMY OF SCIENCE
CHINESE MINISTRY OF ELECTRONICS INDUSTRY
CHING FONG
CHIQUITA BRANDS INTL.
CHIYODA
CHIYODA CHEMICAL ENGINEERING AND CONSTRUCTION
CHOCOLATE AMERICAS
CHORI
CHRYSLER
CHUGAI
CHUJITSUYA
CHUNGHWA
CHUNGHWAAK
CIA
CIA VALE DO RIO DOCE
CIBA CORNING
CIBA GEIGY
CIBA-GEIGY
CIE FINANCIERE MICHELIN
CIE GENERALE D' ELECTRICITIE
CIE GENERALE DES ESTABLISSEMENTS MICHELIN
CIE. FINANCIERE MICHELIN
CIE. GENERALE DES ESTABLISSEMENTS MICHELIN
CIGATAM
CINCINNATI MILACRON
CINCINNATI STOCK EXCHANGE
CIPUTRA
CITGO PETROLEUM
CITIBANK
CITICORP
CITICORP.
CITIZEN WATCH
CITROEN
CITY OF LENINGRAD
CL AIR
CL AIR LEASING COOPERATIVE ASSOCIATION
CLAIBORNE
CLARION
CLARK EQUIPMENT
CLESID
CLIFFS
CLOROX COASTAL
CLUFF MINERALS
CMS
CMS ENERGY
CNAIC
CNB
CNBC
CNCDC
CNHTC
CNN
COALPORT
COASTAL
COCA COLA
COCA-COLA
COCA-COLA ENTERPRISES
COLGATE
COLGATE-PALMOLIVE
COLLAGEN
COLUMBIA SCHOOL OF PUBLIC HEALTH
COMALCO
COMALCO.
COMBELLGA
COMINCOM
COMMERCE CLEARING HOUSE
COMMERCIAL MEXICANA
COMMODITY EXCHANGE
COMMODORE
COMMODORE CRUISE LINE
COMPAGNIE FRANCAISE DES PETROLES
COMPANHIA VALE DO RIO DOCE
COMPANHIA VALE DO RIO DOCE-CVRD
COMPANIA MANUFACTURERA DE PAPELES Y CARTONES
COMPANIA SIDERURGICA DE TUBARAO
COMPANNIA VALE DO RIO DOCE
COMPAQ COMPUTER
COMPUSERVE
COMPUTER CITY
COMPUTER SCIENCES
COMTRAIN
CONAGRA
CONDUCTUS
CONE MILLS
CONNECTICUT MUTUAL
CONNER PERIPHERALS
CONRAIL
CONSERVE ITALIA
CONSOLIDATED PAPERS
CONSORZIO SURGELATI ITALIA
CONSUMER NEWS AND BUSINESS CHANNEL
CONSUMERS DISTRIBUTING
CONTINENTAL
CONTINENTAL CABLEVISION
CONTROL DATA
CONUS
CONUS COMMUNICATIONS
CONVESCO
CONVESCO.
COOPER
COOPER ROLLS
COOPER TIRE & RUBBER
COOPER TIRE &AMP; RUBBER
COOPERS & LY-BRAND DELOITTE
COOPERS &AMP; LY-BRAND DELOITTE
COORS
CORNING
CORNING ASAHI VIDEO PRODUCTS
CORNING GLASS
CORNING GLASS WORKS
CORPORATE DIRECTIONS
CORYO
COURAGE
COURIER
COURTAULDS GRAFIL
COX NEWS SERVICES
CRA
CRANGE
CRAY RESEARCH
CREDIT LYONNAIS
CREDIT SUISSE
CREDIT SUISSE FIRST BOSTON
CREUSOT LOIRE
CRIMSON
CRMI
CROWN
CROWN CENTRAL PETROLEUM
CROWN CORK & SEAL
CROWN CORK &AMP; SEAL
CROWN CRUISE LINE
CRYSTAL BRANDS
CSA
CSC
CSFB
CSPA
CULLUM
CUMMINS
CUMMINS ENGINE
CUREE
CUSHMAN & WAKEFIELD
CUSHMAN &AMP; WAKEFIELD
CUSTOMERS
CVC PRODUCTS
CVRD
CYANCO
CYANCO.
CYPRESS
CYPRESS SEMICONDUCTOR
CYPRESS SEMICONDUCTORS
CYPRUS MINERALS
D & S PLASTICS
D &AMP; S PLASTICS
DACTEX INDONESIA
DAEWOO
DAF
DAI NIPPON
DAI-ICHI KANGYO BANK
DAI-ICHI KATEI DENKI
DAICEL
DAIDO STEEL
DAIHATSU
DAIHATSU PHRANAKORN
DAIICHI KANGYO BANK
DAIICHI KATEI DENKI
DAIICHI SENKO
DAIMLER
DAIMLER-BENZ
DAISHINKU
DAIWA
DAIWA BANK
DAIWA EUROPE
DAIWA LIPPO
DAIWA SECURITIES
DAIWA-MKB
DALE LANG
DALE W LANG
DALE W. LANG
DALLAS COWBOYS
DALLAS TIMES HERALD
DANA
DANAHER
DANIELI
DARCHIN
DARPA
DATA GENERAL
DATA I
DATACUBE
DDB NEEDHAM WORLDWIDE
DEAN FOODS
DEBARTOLO
DECISIONBASE RESOURCES
DEERE
DEGUSSA
DEL MONTE
DELCO
DELL COMPUTER
DELTA
DELUXE
DENKI KOGYO
DENTSU
DENTSU, YOUNG & RUBICAM PARTNERSHIPS
DENTSU, YOUNG &AMP; RUBICAM PARTNERSHIPS
DESARU
DETROIT DIESEL
DETROIT LIONS
DEUTSCH BUNDESPOST TELEKOM
DEUTSCHE BUNDESPOST TELEKOM
DEUTSCHE TELEKOM
DEVELOPMENT BANK
DEVILS LAKE SIOUX
DEVILS LAKE SIOUX MANUFACTURING
DEXCO POLYMERS
DEXTER
DEXTER PLASTICS
DHL
DIAFOIL
DIAMOND SHAMROCK
DIAMOND STAR
DIAMOND WASTE
DIAMOND-STAR
DIBRELL BROTHERS
DIC
DIEBOLD
DIGITAL EQUIPMENT
DINA
DIRSB
DISETRONIC
DISNEY
DKP ELECTRONICS
DOFASCO
DOFASCO.
DOMINION
DOMINION TEXTILE
DOMINO PIZZA
DOMINO SUGAR
DOMINO'S PIZZA
DOMTAR
DONER & CO. DONNELLEY
DONER &AMP; CO. DONNELLEY
DONNELLEY & SONS
DONNELLEY DIRECTORIES
DONNELLEY DIRECTORY
DONOHUE
DOSKOCIL
DOV RIGER
DOW
DOW CHEMICAL
DOW CORNING
DOW ELANCO
DOW ELANCO.
DOW JONES
DOW-UNITED TECHNOLOGIES COMPOSITE PRODUCTS
DR HOLDINGS INC OF DEL
DR HOLDINGS INC. OF DEL
DR PEPPER / SEVEN-UP
DRESSER
DRESSER-RAND
DSM
DU PONT
DU PONT DE NEMOURS
DU PONT MERCK
DU PONT MERCK PHARM.
DUKE
DUKE POWER
DUN & BRADSTREET
DUN &AMP; BRADSTREET
DUNHILL
DUNLOP
DUPONT
DUPONT MERCK PHARMACEUTICALS
DURABLE ELECTRICAL
DUTCH STATE MINES
DWG
DYNAIRE
DYNASTY WINERY
E I DU PONT DE NEMOURS
E MERCK
E-SYSTEMS
E. MERCK
E.I. DU PONT DE NEMOURS
E.W. SCRIPPS
EAGLE
EAGLE STAR
EARTHWINDS
EASTERN AIR
EASTERN AIRWAYS
EASTERN STEEL DIVISION
EASTMAN
EASTMAN KODAK
EATON
ECHLIN
ECUADOR NGK SPARK PLUG
EDARAN OTOMOBIL NASIONAL
EDWARD J DEBARTOLO
EDWARD J. DEBARTOLO
EFFJOHN
EFFOA
EFISA
EG & G
EG &AMP; G
EG&AMP ; G
EG&G
EJIP
EJV
ELASTOGRAN
ELAZ
ELDERS
ELECTROLUX
ELECTRONIC JOINT VENTURE
ELECTRONICA CLARION SA DU CV
ELECTRONICA CLARION SA. DU. CV.
ELECTROTECH EQUIPMENTS
ELETTRORAVA
ELF AQUITAINE
ELI LILLY
ELION
ELISA
ELSCINT
ELXSI
EMCORE
EMERSON ELECTRIC
EMPIRE STATE PIPELINE
EMPRESAS GAMESA
ENASA
ENCERATEC
ENGELHARD
ENI
ENICHEM
ENICHEM ELASTOMERI
ENICHEM FIBRE
ENIMONT
ENRIQUE ZOBEL
ENTE NAZIONALE IDROCARBURI
ENTREE
ENZO
EPICOR
EPITRONICS
ERICSSON
ERICSSON-GE MOBILE COMMUNICATIONS
EST SURGELATI
ETEC
ETHYL
ETONWOOD
ETONWOOD HONG KONG
ETX
EUROCOM
EURODYNAMICS
EUROFIGHTER
EUROJET TURBO
EUROPEAN LITHOGRAPHY INNOVATION
EUROPEAN SILICON STRUCTURES
EVC
EVERGREEN
EXIDE
EXIM BANK
EXPLONAFT
EXXON
FABRYKA SAMOCHODOW MALOLITRAZOWYCH
FABRYKA SAMOCHODOW OSBOWYCH
FABRYKA SAMOCHODOW OSOBOWYCH
FAIRCHILD
FAIRCHILD DEFENSE
FAMILYMART
FANNIE MAE
FANUC
FAR EAST OIL AND TRADING
FAR EAST OIL TRADING
FCIE
FCMI
FEDERAL HOME LOAN MORTGAGE CORP
FEDERAL HOME LOAN MORTGAGE CORPORATION
FEDERAL NATIONAL MORTGAGE ASSOCIATION
FEDERAL-MOGUL
FERRO
FESCO
FESCO.
FHI
FIAT
FIATALLIS
FIDELITY
FIDELITY COMMUNICATIONS
FIDELITY INVESTMENTS
FIELD PUBLICATIONS
FIMA
FINA
FINANCIAL NEWS NETWORK
FINMECCANICA
FINSIDER
FIRESTONE
FIRST AUTOMOBLE WORKS
FIRST BOSTON
FIRST BRANDS
FIRST FIDELITY
FIRST MISSISSIPPI
FIRST NATIONAL BANK
FISONS
FIVE STAR BEEF
FLEETWOOD ENTERPRISES
FLUOR
FLUOROCARBON
FMC
FNN
FOKKER
FORD
FORD LIO HO
FORD MICROELECTRONICS
FORD MOTOR
FOREIGN TRADE BANK
FORT HOWARD
FORT WORTH STAR-TELEGRAM
FRAMATOME
FRANCE TELECOM
FRANCO-CANADIENNE
FRASER & NEAVE
FRASER &AMP; NEAVE
FREDDIE MAC
FREEPORT-MCMORAN
FREEPORT-MCMORAN ENERGY PARTNERS
FRIENDS PROVIDENT LIFE
FRIENDSHIP SIMULATION CENTRE
FRITO-LAY
FRUIT OF THE LOOM
FSM
FSO
FUJI
FUJI BANK
FUJI ELECTRIC
FUJIKOSHI
FUJISAWA
FUJITSU
FUJITSU GENERAL
FULLER
FURMAN SELZ
FURUKAWA
FURUKAWA ELECTRIC
FUZTFU CONSTRUCTION
G E
G E AMERICOM
G M
G M B
G. M. B.
G.E.
G.E. AMERICOM
G.M.
GAF
GAMESA
GANNETT
GANZ ELECTRICAL WORKS
GANZ-ANSALDO
GASONICS
GATX
GATX CAPITAL
GATX LEASING
GAYLORD CONTAINER
GAZPROM
GCA
GCA ULTRATECH
GE
GE CAPITAL
GE PLASTICS
GE SILICONES
GEC
GEC ALSTROM
GEC PLESSEY
GEC PLESSEY SEMICONDUCTORS
GEFINOR
GENCORP
GENERAL DYNAMICS
GENERAL ELECTRIC
GENERAL ELECTRIC SILICONES
GENERAL FOODS
GENERAL INSTRUMENT
GENERAL MILLS
GENERAL RAILWAY SIGNAL COMPANY
GENERAL SIGNAL
GENESIS MICROCHIP
GENETICS INSTITUTE
GENRAD
GENUS
GEO. A. HORMEL
GEORGIA GULF
GEORGIA PACIFIC
GEORGIA TECH
GEORGIA-PACIFIC
GERBER PRODUCTS
GETAC
GIKEN SAKATA
GILLETTE
GINNIE MAE
GKN
GLACIER
GLATFELTER
GLAXO
GLOBEX
GM
GMB
GMFANUC
GMO
GODDARD
GOGO TOURS
GOLD COAST SUNS
GOLD KIST
GOLDEN VALLEY
GOLDEN VALLEY MICROWAVE FOODS
GOLDMAN , SACHS
GOLDMAN SACHS
GOLDSTAR
GOLDSTAR INDUSTRIAL
GOLDWELL
GOODMAN FIELDER
GOODRICH
GOODYEAR
GOODYEAR TIRE & RUBBER
GOODYEAR TIRE &AMP; RUBBER
GOULD AMI
GOULD NATIONAL
GOULDS PUMPS
GOVERNMENT NATIONAL MORTGAGE ASSOCIATION
GOVERNMENTAL OVERSEAS ECONOMIC COOPERATION FUND
GPA
GRACE COCOA
GRACE COCOA WORLD PRESS DIVISION
GRACE ENERGY
GRAFIL
GRAND METROPOLITAN
GRAND-MET
GRANDMET
GRANT
GREAT AMER. MGMT. & INVEST.
GREAT AMER. MGMT. &AMP; INVEST.
GREAT LAKES CHEMICAL
GREAT LAKES MORTGAGE
GREENPEACE
GREYHOUND
GROUP OF SEVEN
GROUPE DE LA CITE
GRUMMAN
GRUNDSTAD MARITIME OVERSEAS
GRUPO TRASCO
GRUPPO
GRUPPO GFT
GTE
GUANGZHOU ECONOMIC & TECHNOLOGICAL DEVELOPMENT DISTRICT
GUANGZHOU ECONOMIC &AMP; TECHNOLOGICAL DEVELOPMENT DISTRICT
GUANGZHOU SOAP FACTORY
GUILFORD MILLS
GUINNESS PEAT AVIATION
GULF CANADA PRODUCTS
GULF OIL
GUNUNGCERMAI
GWSC
H.B. FULLER
H.J. HEINZ
HADEN MACLELLAN
HAJDUSAJ
HAKUHODO
HALLIBURTON
HAMON SOBELCO
HAMPHSIRE INSTRUMENTS
HAMPSHIRE
HAMPSHIRE INSTRUMENTS
HANAE MORI
HANIL
HANIL STAINLESS STEEL
HANNA
HANSON INDUSTRIES NA
HAPAG-LLOYD
HARLEY-DAVIDSON
HARRIS EDA
HARRIS SEMICONDUCTOR
HARRY CULLEN
HARSCO
HARTLEYS
HARTMARX
HARVARD
HASBRO
HAU TUNG
HAVAS CONSEIL
HAVAS VOYAGES
HAWAIIAN ELECTRIC
HCM
HDM
HDM WORLDWIDE DIRECT
HEALEY & BAKER
HEALEY &AMP; BAKER
HEARST NEWSPAPERS
HEAVY INDUSTRIES CORP OF MALAYSIA
HEAVY INDUSTRY CORP OF MALAYSIA
HEINZ
HELLER
HEM
HEM RESEARCH
HEMLO
HEMODYNAMICS
HENDERSON LAND
HENKEL
HENKEL HAKUSUI
HENKEL KGAA
HERMAN MILLER
HERSHEY FOODS
HERTZ
HERTZ PENSKE
HEWLETT-PACKARD
HEXATEC
HEXATEC POLYMERS
HICOM
HIMONT
HINO
HISPANICA DE PETROLEOS
HITACHI
HITACHI MAXELL
HITACHI METALS
HITACHI ZOSEN
HNSX
HODOGAYA ASHLAND
HOECHEST CELANESE
HOECHST
HOECHST CELANESE
HOFFMANN-LA ROCHE
HOGG ROBINSON TRAVEL
HOGG-ROBINSON
HOLIDAY INN
HOLIDAY INN CROWNE
HOLIDAY INN WORLDWIDE
HOLLAND SWEETENER
HOLNAM
HONDA
HONDA MOTOR
HONEY WELL
HONEYWELL
HONGKONG LAND
HONGKONG LAND AND GREAT EAGLE
HORMEL
HOTELECOPY
HOUSTON CHRONICLE
HOWMET TURBINE COMPONENTS
HOYA
HP
HUA TUNG
HUBBARD
HUBBELL
HUDSON CONWAY
HUDSON FOODS
HUELS
HUFFY
HUGHES
HUGHES AIRCRAFT
HUGHES RESEARCH LABS
HUGHES SPACE AND COMMUNICATIONS
HUMPUSS
HUNGARHOTELS
HUNGARIA-OBEROI
HUNGARIAN ACADEMY OF SCIENCES
HUNGARIAN FOREIGN TRADE BANK
HUNGARIAN FOREIGNRADE BANK
HUSSMAN
HYBRID MEMORY PRODUCTS
HYPERMART USA
HYPRES
HYUNDAI
I WAXMAN & SONS
I WAXMAN &AMP; SONS
I. WAXMAN & SONS
I. WAXMAN &AMP; SONS
IAF BIOCHEM
IBC VEHICLES
IBM
IBM CORPORATION
IBM DEUTSCHLAND
IBUSZ
IC MANUFACTURING EQUIPMENT DIVISION
ICEM
ICI
ICI FILMS
IDEMITSU
IDEMITSU KOSAN
IFA-KOMBINAT NUTZFAHRZEUGE
IKARUS
ILLNOIS TOOL WORKS
ILVA
IMEC
IMER NISSEI
IMMUNEX
IMMUNOLOGY VENTURES
IMPERIAL
IMPERIAL HOLLY
INACOMP
INCACAO
INDOMOBIL SUZUKI
INDONESIAN DEVELOPMENT BANK
INDUSTRIAL BANK
INDUSTRIAL BANK OF JAPAN
INDUSTRIAL RECOVERED MATERIALS
INDUSTRIAL TECHNOLOGY RESEARCH INSTITUTE
INDUSTRIAS MAMMI CA
INDUSTRIAS MAMMI CA. INDUSTRIAS NIPOMEX DEL CENTRO
INDUSTRIE MOTORNIH VOZIL
INGERSOLL-RAND
INJENER
INLAND STEEL
INNOVPHARM
INOCO
INOUE MTP
INOUE RUBBER INDONESIA
INSILCO
INSPIRATION RESOURCES
INSTITUTE OF PHYSICAL AND CHEMICAL RESEARCH
INSTITUTES OF THE U.S.S.R. ACADEMY OF SCIENCES
INSTITUTES OF THE USSR ACADEMY OF SCIENCES
INT. FLAVORS & FRAGRANCES
INT. FLAVORS &AMP; FRAGRANCES
INTEGRAL SPC
INTEGRALINTORG FOREIGN TRADE FIRM INTEGRAL SPC
INTEL
INTER-UNIVERSITY MICRO ELECTRONICS CENTER
INTERAMICS
INTERBOLD
INTERCO
INTERGRAPH
INTERLAKE
INTERLINK COOPERATIVE
INTERMET
INTERNATIONAL ADVERTISING SALES
INTERNATIONAL BUSINESS MACHINES
INTERNATIONAL CONTROLS
INTERNATIONAL MERCHANDISE MART
INTERNATIONAL MICROELECTRONIC PRODUCTS
INTERNATIONAL MULTIFOOD
INTERNATIONAL PAPER
INTERNATIONAL RECTIFIER
INTERNATIONAL TISHMAN SPEYER PROPERTIES
INTERPORE
INTERSERV
INTERSTATE BAKERIES
INVESTOR'S DAILY
INVEXCO
INVEXCO.
IPOH GARDEN
IRVINE SENSORS
IRVING AZOFF
ISETAN
ISHIBASHI FAMILY
ISLAND CREEK COAL
ISLAND DEVELOPMENT BANK
ISTITUTO PER LA RICOSTRUZIONE INDUSTRIALE
ISUZU
ITOHAM FOODS
ITRI
ITT
ITT RAYONIER
IVACO
IVECO
J & B SCOTCH
J &AMP; B SCOTCH
J&AMP ; B SCOTCH
J&B SCOTCH
J. WALTER THOMPSON
J.C. PENNEY
J.E. SEAGRAM
J.P. MORGAN
J.V. DIALOGUE
JACOBS , VISCONSI & JACOBS
JACOBS , VISCONSI &AMP; JACOBS
JAGUAR
JAIDO
JAL
JAPAN LINE
JAPAN OPTICAL
JAPAN STORAGE
JAPAN STORAGE BATTERY
JAPEX
JAYA NUSA
JAYA NUSA PRADANA
JEFFERSON SMURFIT
JELCZ
JELCZANSKIE ZAKLADY SAMOCHODOWE
JEOL
JESSI
JETBORNE
JINDO
JINDO RUS COOPERATIVE
JOHN BROWN
JOHN DEERE
JOHNSON & JOHNSON
JOHNSON &AMP; JOHNSON
JOHNSON BROTHERS
JOHNSON CONTROLS
JOHNSON LINE
JOINT CONSUMER HEALTH
JOINT EUROPEAN SUB-MICRON SILICON INITIATIVE
JOINT EUROPEAN SUBMICRON SILICON INITIATIVE
JOINT EUROPEAN SUBMICRON SILICON PROGRAM
JONES LANG WOOTTON
JOSHIN
JOSTENS
JUDICIAL CONFERENCE OF THE U.S.
JUI LI
JV DIALOGUE
JVC
K K YEUNG
K MART
K-SWISS
K.K. YEUNG
KAJIMA
KALIMANTAN STEEL
KAMAN
KANEBO
KANEMATSU GOSHO
KANSAI ELECTRIC
KANSAI PAINT
KARL SUSS AMERICA
KAUFMAN & BROAD
KAUFMAN &AMP; BROAD
KAWASAKI AND NISSHO IWAI PARTNERSHIP
KAWASAKI STEEL
KAYEX
KDD
KEENER
KELLOGG
KELLWOOD
KELLY
KENMARE
KENMARE RESOURCES
KENNAMETAL
KENTUCKY FRIED CHICKEN
KERR-MCGEE
KEY TECHNOLOGY RESEARCH CENTER
KFC
KFTCIC
KGB
KHASHOGGI
KHMER ROUGE
KIDS " R " US
KIDS ' R ' US
KIIC
KIMBERLY-CLARK
KITAGAWA
KITAGAWA USA
KLINE
KMART
KNIGHT RIDDER-TRIBUNE VENTURE
KNIGHT-RIDDER
KNIGHT-RIDDER-TRIBUNE
KNT NEWS WIRE
KOBE MILL
KOBE STEEL
KODAK
KODARNA
KOMATSU
KOMATSU INDONESIA
KOMATSUBARA
KONOIKE
KOPIN
KOYO SELKO
KPMG
KPMG PEAT MARWICK
KPN
KRAKATAU
KRAKATAU STEEL
KRASNAYA ZARYA
KRUPP
KRYPTON
KUBOTA
KUFPEC
KUHLMAN
KUMPULAN PERANGSANG
KUOZOI
KUOZOI MOTORSONS AND CHASSIS
KUREHA CHEMICAL INDUSTRY
KYOCERA
KYOWA
KYOWO HAKKO
L' OREAL
LA FRANCO-CANADIENNE DES PAPIERS
LA MODERNA
LA-Z-BOY CHAIR
LACHEMA
LACUFA
LAFARGE
LAID BACK ENTERPRISES
LAM RESEARCH
LAMB-WESTON
LAMBDA
LAMBDA PHYSIK
LAMBDA PHYSILK
LAND O' LAKES
LAND ROVER SANTANA
LARGO
LARGO ENTERTAINMENT
LATVIA DIRECTORATE OF CIVIL AVIATION
LAUGA
LAWRENCE GORDON
LAWRENCE LIVERMORE LAB
LAWSON MARDON
LCAC
LEE KOVEL
LEGGETT & PLATT
LEGGETT &AMP; PLATT
LEICA
LEICA CAMBRIDGE
LEITI
LEPTON
LESIEUR-COTELLE
LESLIE FAY
LEVI STRAUSS
LEVI STRAUSS ASSOCIATES
LIBBEY OWENS FORD
LIBERTY PUBLIC
LICENSINTORG
LIEM
LIEM SIOE LIONG
LIEN HWA
LILLY
LINCOLN ELECTRIC
LISA ENTERPRISES
LIZ CLAIBORNE
LLOYD'S
LLOYDS
LM ERICSSON
LOCAL INTERESTS
LOCKHEED
LOCKHEED COMMERCIAL AIRCRAFT CENTER
LOCTITE
LOGOVAZ
LONE STAR
LONE STAR NORTHWEST
LONG ISLAND RAIL ROAD
LONG TERM CREDIT BANK
LONG-TERM CREDIT BANK
LONGMAN
LONGMANS
LONGVIEW FIBRE
LONRHO
LORAL
LOS ANGELES DAILY NEWS
LOS ANGELES TIMES
LOUIS DREYFUS
LOUIS PIANCONE
LOUISIANA LAND & EXPLOR.
LOUISIANA LAND &AMP; EXPLOR.
LOUISIANA-PACIFIC
LSI LOGIC
LSS HOLDINGS
LTCB
LTV STEEL
LUBRIZOL
LUCKY-GOLDSTAR
LUFTHANSA
LUKENS
LUXOTTICA
LUZON PETROCHEMICAL
LYONDELL PETROCHEMICAL
M & G
M & T HARSHAW
M&AMP ; G
M&AMP ; T HARSHAW
M.A. HANNA
MACAO TOYS
MACHINE ISUZU INDONESIA
MACON IRON & PAPER STOCK
MACON IRON &AMP; PAPER STOCK
MAGMA
MAGMA COPPER
MAGYAR KUELKERESKEDELMI BANK
MAKRO
MALAYSIAN FIBREBOARD
MALAYSIAN HEAVY INDUSTRY PUBLIC CORPORATION
MAMMI
MAN NUTZFAHRZEUGE
MANDO MACHINERY
MANETEK
MANIX MANUFACTURING
MANVILLE
MAPCO
MARCONI ELECTRONIC DEVICES
MARFLET
MARIETTA
MARINE MIDLAND
MARINE MIDLAND AUTOMOTIVE
MARINES
MARINES CORPS
MARRIOTT
MARSTELLAR
MARTIN MARIETTA
MARUBENI
MARUTI UDYOG
MARY KAY
MASCO
MASERATI
MASON'S IRONSTONE
MASSPORT
MASTERCARD
MATERIALS RESEARCH
MATILDA PUBLICATIONS
MATRA
MATRA COMMUNICATION
MATSUHSITA
MATSUSHITA
MATSUSHITA ELECTRIC
MATSUSHITA ELECTRIC INDUSTRIAL
MATTEL
MATTEL USA
MATTRA
MAXELL
MAXICARE
MAXTOPIX
MAXTOR
MAXUS ENERGY
MAXWELL
MAXWELL SATELLITE COMMUNICATIONS
MAXXAM
MAYER STEEL PIPE
MAYO FOUNDATION
MAYTAG
MAZDA
MAZDA TOOLING
MCA TV
MCCORMICK
MCDERMOTT
MCDONALD'S
MCDONALDS
MCDONNELL DOUGLAS
MCDONNELL-DOUGLAS
MCGRAW-HILL
MCI
MCNC
MEAD
MECHANICS WAREHOUSE
MEDIA GENERAL
MEDSERV
MEDTRONIC
MEGADATA
MENTRIX
MERCEDES
MERCEDES-BENZ
MERCK
MERCURY MARINE
MEREDITH
MERIDIAN
MERRILL LYNCH
MERRILL LYNCH REALTY
MESSERSCHMITT-BOLKOW-BLOHM
METALLGESELLSCHAFT
METAPHOR
METBELOSA
METHODE
METRIKA
METRO AIR CARGO
METRO AIR MOSCOW
MEXICO NISSHO-IWAI
MIAMI INDIAN TRIBE
MICHELIN
MICRON TECHNOLOGY AND ADVANCED MICRO DEVICES
MICROSOFT
MICROTEST
MID-AMERICA DAIRYMEN
MIKROELEKTRONIK UND TECHNOLOGIE GESELLSCHAFT
MILLER , ANDERSON & SHERRERD
MILLER , ANDERSON &AMP; SHERRERD
MILLER ANDERSON
MILLIPORE
MINE SAFETY
MINEBEA
MINIMED
MINNESOTA MINING
MINNESOTA MINING & MFG.
MINNESOTA MINING &AMP; MFG.
MINORCO
MIPS
MITAC
MITAS
MITCHELL ENERGY & DEVEL.
MITCHELL ENERGY &AMP; DEVEL.
MITI
MITSUBISH ELECTRIC
MITSUBISHI
MITSUBISHI BANK
MITSUBISHI BUANA BANK
MITSUBISHI ELECTRIC
MITSUBISHI ELECTRIC UK
MITSUBISHI ELECTRONICS
MITSUBISHI ELECTRONICS AMERICA
MITSUBISHI KASEI
MITSUBISHI MINING
MITSUBISHI MOTOR
MITSUI
MITSUI BANK
MITSUI MINING
MITSUI PETROCHEMICAL
MITSUI TRUST AND BANKING
MOBIL
MOHEBI TRADING OVERSEAS
MOLEX
MONSANTO
MONTEDISON
MONTOR PERFORMANCE PLASTICS
MOODY'S
MORTOROLA
MOSCOW CITY COUNCIL HEALTH DEPARTMENT
MOSSOVIET
MOTOROLA
MOUNT SINAI
MOUNT SINAI MEDICAL CENTER
MTEX
MTEX PUERTO RICO
MTV
MURPHY OIL
N H S
N M ROTHSCHILD & SONS
N M ROTHSCHILD &AMP; SONS
N V PHILIPS
N.H.S.
N.M. ROTHSCHILD & SONS
N.M. ROTHSCHILD &AMP; SONS
N.V. PHILIPS
N.Y. TIMES NEWS SERVICE
NA DEGERSTROM
NA. DEGERSTROM
NACCO
NALCO
NALCO CHEMICAL
NALFLOC
NAMIB AIR
NARONG SEAFOOD
NASCO
NASDAQ
NASDAQ STOCK EXCHANGE
NASDAQ STOCK MARKET
NASTRA
NATHAN'S
NATION OF ISLAM
NATIONAL AUSTRALIA TRAVEL
NATIONAL AUTO AUCTION ASSOCIATION
NATIONAL AUTOMOBILE DEALERS ASSOCIATION USED CAR GUIDE
NATIONAL BANK
NATIONAL CENTRE FOR TELECOMMUNICATIONS RESEARCH
NATIONAL DIRECTORATE OF MINES
NATIONAL FACTORY FOR CAN ENDS
NATIONAL OILWELL
NATIONAL SEMICONDUCTOR
NATIONAL SERVICE INDUST.
NATIONAL STARCH
NATIONAL STEEL
NATL. COOP. REFINERY ASSN.
NATO
NBC
NCHIP
NEC
NEDERLANDSCHE MIDDENSTANDSBANK
NEDERLANDSE COCA-COLA BOTTELMAATSCHAPPIJ
NERCO
NESTE
NESTLE
NESTLE KOREA
NETCOM
NETWORLD
NEW CCI
NEW UNITED MOTOR MANUFACTURING
NEW YORK DAILY NEWS
NEW YORK POST
NEW YORK STOCK EXCHANGE
NEW YORK TIMES
NEW YORK TIMES NEWS SERVICE
NEW YORK TIMES SPECIAL FEATURES
NEW YORK TIMES SYNDICATE
NEW YORK YACHT CLUB
NEWBRIDGE
NEWELL
NEWMONT MINING
NEWS AMERICA PUBLISHING
NEWS CORP.
NEWS-CORP.
NEWSWEEK
NEXAS
NFL
NGK SPARK PLUG
NHK SPRING
NHK TELEVISION NETWORK
NHS
NICHIMEN
NICHIRIN
NICHIRO GYOGYO KAISHA
NIKKEI
NIKKON KOKKAN
NIKON
NIKON PRECISION KOREA
NIOC
NIPPON ABS
NIPPON ELECTRIC
NIPPON FIRE AND MARINE
NIPPON LIGHT METAL
NIPPON MINING
NIPPON MOTOROLA
NIPPON MOTOROLA MICRO ELECTRONICS
NIPPON OIL
NIPPON SANSO
NIPPON SHEET GLASS
NIPPON STEEL
NIPPON SUISAN KAISHA
NIPPON TELEGRAPH AND TELEPHONE
NIPPONDENSO CAPITAL
NIPPONDENSO CAPITAL SDNDHD
NIPRO
NISSAN
NISSAN DIESEL
NISSEI
NISSHO IWAI
NISSIN
NISSIN ELECTRIC
NISSIN FOOD
NISSIN SUGAR
NITTA-MOORE
NIVAC
NKK
NMB SEMICONDUCTOR
NOMURA
NOMURA INDONESIA
NOMURA INVESTMENT BANK HUNGARY
NOMURA SECURITIES
NONGSA PERMAI
NORANDA
NORDIKO
NORDIKO USA
NORINCO
NORITAKE
NORPLEX
NORRIS COMMUNICATIONS
NORTEK
NORTH AMERICAN PHILIPS
NORTH STAR
NORTH WEST WATER
NORTHEAST SEMICONDUCTOR
NORTHERN STAR
NORTHERN TELECOM
NORTHROP
NORTON
NOVA J V
NOVA J.V.
NOVA-PERMAFAB JV
NOVELLUS
NOVESPACE
NTT
NUCOR
NUMMI
NURTANIO
NV PHILIPS
NVRYAN
NWA
NY STATE UNIV
NYNEX
NYNEX INFORMATION RESOURCES
NYSE
NYTIMES NEWS SERVICE
O DATA KIKI
O LICENSINTORG
O VNESHTORGREKLAMA
OAK-MITSUI
OBAYASHI GUMO
OBEROI
OCCIDENTAL
OCCIDENTAL CHEMICAL
OCCIDENTAL PETROLEUM
OCEAN SPRAY CRANBERRIES
OGILVY
OGILVY & MATHER
OGILVY & MATHER WORLDWIDE
OGILVY &AMP; MATHER
OGILVY &AMP; MATHER WORLDWIDE
OKAMOTO
OKI ELECTRIC
OKI ELECTRIC INDUSTRY
OKI SEMICONDUCTOR
OLAMTEL
OLIN
OLIVETTI
OMNICOM
OMNIREL CORPORTION
OMNITEL
OMRON
OMRON TATEISI
ONEX
ONODA
ONODA NORTHWEST
OPEL
OPEN SYSTEMS SATELLITE
OPTICAL COATING
ORANGE
ORBIS
ORENSTEIN AND KOPPEL
ORIOLES
OROGEL
OROGIL
ORTHO
ORYX ENERGY
OSAKA GAS
OTIS
OTSUKA SHOKAI
OUTBOARD MARINE
OVERSEAS ECONOMIC COOPERATION FUND
OWENS
OWENS-CORNING FIBERGLAS
OWENS-CORNING FIBERGLASS
OXFAM
OXFORD INSTRUMENTS
OXFORD UNIVERSITY COMPUTING SERVICES
OXFORD UNIVERSITY PRESS
OXIQUIMICA
OXYCHEM
P & G
P & O
P T ASURANSI TOKIO MARINE INDONESIA
P T MITSUBISHI KRAMA YUDHA MOTORS AND MANUFACTURING
P V WALLCOVERINGS
P&AMP ; G
P&AMP ; O
P.H. GLATFELTER
P.T. ASURANSI TOKIO MARINE INDONESIA
P.T. MITSUBISHI KRAMA YUDHA MOTORS AND MANUFACTURING
P.V. WALLCOVERINGS
PACCAR
PACIFIC DUNLOP
PACIFIC INDUSTRIAL
PACIFIC MICROELECTRONICS CENTRE
PACIFICORP
PACTEL
PAINE WEBBER
PAINEWEBBER
PAKTANK EUROPE
PAKTANK INTERNATIONAL
PAKTANK SINGAPORE TANK STORAGE
PALL
PALMCO
PALMCO.
PALMO HOLDINGS
PAN AM
PAN AMERICAN
PANAMSAT
PANASONIC
PANAVIA
PAPST
PARAMOUNT
PARAMOUNT DOMESTIC TELEVISION
PARAVISION
PARKER HANNIFIN
PARKWAY REGIONAL MEDICAL CENTER
PARS-DATAS II
PARSYTEC
PAS
PAUL REVERE
PAUL SCHWALBE
PEAKE
PEARCE DEVELOPMENTS
PEARLE
PEAT MARWICK
PECHINEY
PECHINEY INTERNATIONAL
PECOM-NEC
PENINSULAR AND ORIENTAL STEAM NAVIGATION
PENN STATE
PENNZOIL
PENSKE
PENTAIR
PEPSICO
PERKIN-ELMER
PERMODALAN NASIONAL
PERSTORP POLYOLS
PERTAMINA
PERUSAHAAN SEPADU
PERWAJA TRENGGANU SDN BD
PERWAJA TRENGGANU SDN. BD.
PETER K NEVITT
PETER K. NEVITT
PETROKIMIA
PETROLEO BRASILEIRO
PETROLEOSDE VENEZUELA
PETROLEUM NATIONAL
PETRONAS
PETRONAS CARIGARI
PETROSYNTHESE
PEUGEOT
PEUGOT
PFIZER
PHARMATEC
PHELPS DODGE
PHILIP MORRIS
PHILIP PILEVSKY
PHILIPS
PHILIPS COMPONENTS
PHILIPS COMPONENTS-SIGNETICS
PHILLIPS
PHILLIPS PETROLEUM
PHILLIPS-VAN HEUSEN
PHOENIX SUNS
PHYSICS TECHNOLOGY INSTITUTE
PIAGGIO
PILGRIM'S PRIDE
PILKINGTON
PINAULT
PIRATES
PIRELLI
PITNEY BOWES
PITTSBURGH PIRATE
PITTSBURGH PIRATES
PITTWAY
PIZZA HUT
PLASTIC RECYCLING ALLIANCE
PLASTICS RECYCLING ALLIANCE
PLESSEY
PLY GEM
POHANG
POLAROID
POLISH STATE CAR PRODUCTION CORPORATION
POLYAIR
POLYCON
POLYDEX
POLYLITHICS
POLYPLASTICS
POONG SUNG ELECTRIC
PORT OF SINGAPORE AUTHORITY
POTLATCH
POTOMAC LAKES
PRAIRIE FARMS DAIRY
PRATT & WHITNEY
PRATT &AMP; WHITNEY
PRATT AND WHITNEY
PRECISION CASTPARTS
PREMIER
PREMIER ADVERTISER SALES
PRESSMAN
PRESSMANS
PRICE WATERHOUSE
PRIMESTAR
PRITZKER
PROCIGO
PROCTER & GAMBLE
PROCTER &AMP; GAMBLE
PRODIGY
PRODOME
PRODOME LTDA
PROLER
PROMUS
PROSPECT MOTOR
PROTON
PROTON CARS
PROTON UK
PRUDENTIAL GLOBAL REAL ESTATE INVESTMENT PROGRAM
PSK TEC
PTA INDONESIA
PTK DS INDONESIA
PUNA GEOTHERMAL VENTURES
Q.P.
QANTAS
QUAKER
QUAKER OATS
QUAKER STATE
QUALITY SEMICONDUCTOR
QUALITY SPRING
QUANEX
QUANTUM
QUANTUM CHEMICAL
QUEBECOR
QUEEN'S UNIVERSITY
QUEST
R.R. DONNELLEY & SONS
R.R. DONNELLEY &AMP; SONS
RABA
RABA HUNGARIAN RAILWAY CARRIAGE AND MACHINE WORKS
RACAL ELECTRONICS
RAILTRACK
RAILWAY SYSTEMS DIVISION
RALSTON PURINA
RAM BROADCASTING
RAMADA
RAMADA RENAISSANCE
RAMBUS OF MOUNTAIN VIEW
RANK ORGANIZATION
RANK XEROX
RASSINI
RASSINI SA DE CV
RASSINI SA. DE. CV.
RASSINI-NHK TORSION BARS SA DE CV
RASSINI-NHK TORSION BARS SA. DE. CV.
RAYCHEM
RAYTHEON
RCA
READER'S DIGEST
READER'S DIGEST ASSN
RED SOX
REGENCY
REGENEX
REGIE DES TELEGRAPHES ET TELEPHONES
REGIE NATIONALE DES USINES RENAULT
RELIANCE ELECTRIC
REMY MARTIN
RENAULT
REPSOL
REPUBLIC GLASS
REPUBLIC-ASAHI
REUTERS
REXFOR
REYNOLDS
REYNOLDS & REYNOLDS
REYNOLDS &AMP; REYNOLDS
REYNOLDS METALS
RHONE-POULENC
RHONE-POULENC RORER
RIBER
RICELAND FOODS
RICOH
RIO DOCE
RIPASA SA CELULOSE E PAPEL
RJR NABISCO HOLDINGS
ROBERT BOSCH
ROBERTSON-CECO
ROCKFORD MEMORIAL
ROCKFORD MEMORIAL HOSPITAL
ROCKWELL
ROHM & HAAS
ROHM &AMP; HAAS
ROHR
ROLLERBLADE
ROLLS ROYCE
ROLLS-ROYCE
ROME AIR DEVELOPMENT CENTER
RON ARNOLD
ROVER
ROYAL ADMIRAL
ROYAL SIGNALS & RADAR ESTABLISHMENT
ROYAL SIGNALS &AMP; RADAR ESTABLISHMENT
RUBBERMAID
RYOBI
S & W BERISFORD
S&AMP ; W BERISFORD
SAAB
SABRELINER
SABRETECH
SAFETY-KLEEN
SAHLEN
SAILOR
SAKATA
SALGOTARJAN IRON AND STEEL WORKS
SALICK
SALIM
SALMAN
SALVADOR CAETANO
SAMMI
SAMSUNG
SAMSUNG ELECTRONICS
SAMSUNG GENERAL CHEMICAL
SAN ESU
SAN FRANCISCO 49 ERS
SAN FRANCISCO CHRONICLE
SAN FRANCISCO EXAMINER
SAN-FU
SANDIA NATIONAL LABS
SANDOMIERZ
SANDOZ
SANFU
SANLUIS
SANOFI
SANOFI WINTHROP
SANSHIN KOGYO
SANWA BANK
SANWU
SANYANG
SANYO SPECIAL STEEL
SARA LEE
SATIC
SATURAMA
SAUDI REFINING
SAVA KRANJ
SAVANNAH FOODS & INDUST.
SAVANNAH FOODS &AMP; INDUST.
SCHAL
SCHERING-PLOUGH
SCHOTT GLASWERKE
SCHOTTENSTEIN STORES
SCHULMAN
SCHWARZHEIDE
SCOTT PAPER
SCRIPPS
SCRIVEN
SEAGRAM
SEALED AIR
SEALY HOLDINGS
SEAMLESS PIPE INDONESIA JAYA
SEARS
SEARS ROEBUCK
SEAT
SEATTLE POST-INTELLIGENCER
SECIM
SECURITY PACIFIC NATIONAL BANK
SEIBU
SEIKO ELECTRONICS
SEIKO EPSON
SEIKO-EPSON
SEKISUI AMERICA
SELECTRONIK
SELM
SEMATECH
SEMBAWANG SHIPYARD
SEMI-TECH
SEMI-TECH MICROELECTRONICS
SEMICOA SEMICONDUCTORS
SENSHUKAI
SEQUA
SES
SG WARBURG
SGS-THOMPSON
SGS-THOMSON MICROELECTRONICS
SHANGHAI BRANCH OF THE CONSTRUCTION BANK OF CHINA
SHARP
SHEAFFER
SHEARSON
SHEARSON LEHMAN BROTHERS
SHEARSON LEHMAN HUTTON
SHELDAHL
SHELL
SHELL CHEMICALS UK
SHELL ITALIA
SHELL OIL
SHELL UK
SHELLEY M ZEIGER
SHELLEY M. ZEIGER
SHERATON
SHERWIN-WILLIAMS
SHIMADZU
SHIN LAN
SHINKO ELECTRIC
SHIROKI
SHOEI
SHORT BROTHERS
SHOWA DENKO
SHOWA LEASING
SHOWA-SAVOIE
SIAM ELECTRICAL PARTS
SIAM TSUCHIYA
SIDERBRAS
SIDLEY
SIDLEY & AUSTIN
SIDLEY &AMP; AUSTIN
SIEMENS
SIEMENS MEDICAL
SIEMENS-ASEA
SIGNETICS
SILGAN
SILICON GRAPHICS
SILICONIX
SIME
SIME DARBY
SIMPSON PAPER
SIN KEAN BOON-SANWA
SINGAPORE TELECOM
SINOTRANS
SIOUX MANUFACTURING
SIOUX TRIBE
SIPEX
SKALA-CO OP
SKALA-CO. OP
SKODA
SLHE
SLOVAK STATE SAVINGS BANK
SMEC
SMITH BARNEY
SMITH BARNEY, HARRIS UPHAM
SMITH CORONA ACER
SMITHFIELDS FOODS
SNAP-ON TOOLS
SNECMA
SNKO
SOCIETA AGRO-INDUSTRIALE DI SVILUPPO SRL
SOCIETE EUROPEENE DES SATELLITES
SOCIETE GENERALE
SONOCO PRODUCTS
SONY
SORTEC
SOTHEBY'S
SOUTH CHINA MORNING POST
SOUTHERN INTERNATIONAL FILMS
SOUTHWESTERN BELL
SPACE SOFTWARE ITALIA
SPECTRUM CVD
SPEEDFAM
SPININDO
SPININDO MITRADAYA
SPRINT
SPTI
SPUTTERED FILMS
SRI YUWONO
SRIYUWONO
ST LUKE'S HOSPITAL
ST. JOE PAPER
ST. LUKE'S HOSPITAL
STAC
STANDARD CHARTERED
STANDARD COMMERCIAL
STANDARD ELEKTRIK LORENZ
STANDARD MOTOR
STANDARD PRODUCTS
STANDARD REGISTER
STANHOME
STANLEY WORKS
STAR ENTERPRISE
STATE OF ISRAEL BONDS
STEIREROBST
STELCO
STERLING DRUG
STERLING ENGINEERED
STERLING ENGINEERING PRODUCTS
STERLING HEALTH
STERLING INOAC
STET
STEWART & STEVENSON SVCS
STEWART &AMP; STEVENSON SVCS
STEYR-DAIMLER-PUCH
STEYR-DAIMLER-PUCH FAHRZEUGTECHNIK
STONE BRIDGE
STONE CONTAINER
STORA
STRASCINA
STRASCINA & PARTNERS
STRASCINA &AMP; PARTNERS
STRAUSS ASSOCIATES
SUBARU
SUKAB
SUMITOMO
SUMITOMO BANK
SUMITOMO ELECTRIC
SUMITOMO ELECTRICAL
SUMITOMO METAL
SUMITOMO METAL MINING ELECTRONICS
SUMITOMO MILL
SUMITOMO NAUGATUCK
SUMITOMO RUBBER
SUMMA
SUN HUNG KAI
SUN MICROSYSTEMS
SUN-DIAMOND GROWERS
SUN-TIMES
SUNBEAM / OSTER
SUNDSTRAND
SUNKEI
SUNSET
SUPER OCTANOS
SUPER OCTANOS CA
SUZUKI MOTOR
SVG LITHOGRAPHY
SVGL
SWEDISH TELECOM
SWEDISHAMERICAN
SWEDISHAMERICAN HOSPITAL
SZAMILK
T U C
TAESONG BANK
TAIGENE
TAIPOWER
TAIWAN ELECTRICAL AND MECHANICAL ENGINEERING SERVICE
TAIWAN FAMILYMART
TAIWAN NISSEI
TAIWAN Q P
TAIWAN Q.P.
TAIWAN SEMICONDUCTOR CONSORTIUM
TAIWAN SEMICONDUCTOR MANUFACTURING
TAIWAN SUBMICRON CONSORTIUM
TAIWAN VESPA
TAIYO
TAIYO COMPUTER CENTER
TAIYO OIL
TAKARABUNE CONFECTIONERY
TAM GOSPODARSKA VOZILA MARIBOR
TAMBRANDS
TANAKA MALAYSIA
TANDEM COMPUTERS
TASAKI
TASS
TAURUS
TBWA
TBWA ADVERTISING
TCBY
TCBY ENTERPRISES
TCF BANK
TCF BANK SAVINGS FSB
TCI
TEAMSTERS
TECDIS
TECHNICAL EQUIPMENT SERVICE ASSOCIATES
TECHNICAL UNIVERSITY OF CHEMNITZ
TECHNICAS REUNIDAS
TECUMSEH PRODUCTS
TEIJIN
TEKTRONIX
TELCO
TELE-COMMMUNICATIONS
TELECOM
TELECOM AUSTRALIA
TELEDYNE
TELEFON AB L M ERICSSON
TELEFON AB L.M. ERICSSON
TELEFONICA
TELEFUNKEN
TEMASEK HOLDINGS
TEMPLE-INLAND
TENNECO
TENNECO SODA ASH
TEREX
TESORO PETROLEUM
TEXACO
TEXACO USA
TEXAS INSTRUMENTS
TEXAS PACIFIC
TEXAS RANGERS
TEXTRON
TG SODA ASH
TG SODA ASH.
THE ARIZONA REPUBLIC
THE BOSTON GLOBE
THE FLYING KANGAROO
THE INDEPENDENT
THE PHOENIX GAZETTE
THE PRITZKER FAMILY
THE PROMUS COS
THE ROTARIAN
THERMO ELECTRON
THIOKOL
THOMAS & BETTS
THOMAS &AMP; BETTS
THOMAS EDISON
THOMSON-CSF
THORN
THORN APPLE VALLEY
THORN EMI
TIAN AN DEVELOPMENT
TIDAR NIAGA KHARISMA
TIME WARNER
TIMES MIRROR
TIMEX
TIMKEN
TIOXIDE
TISHMAN
TISHMAN DEVELOPMENT & ACQUISITION FUND
TISHMAN DEVELOPMENT &AMP; ACQUISITION FUND
TISHMAN SPEYER
TISHMAN SPEYER PROPERTIES
TISZA
TMMC
TNT
TNT AEROFLOT EXPRESS
TOCHIGI FUJI
TOCHIGI FUJI INDUSTRIAL
TOHOKU SEMICONDUCTOR
TOKAI BANK
TOKYO ELECTRON
TOKYO STOCK EXCHANGE
TOKYU
TOMEN
TONG IL
TOPIX
TORAY
TOSCO
TOSHIBA
TOSHIBA AMERICA
TOTAL PETROLEUM
TOWER RECORDS
TOYO MENKA
TOYO MENKA KAISHA
TOYO TIRE
TOYODA AUTOMATIC LOOM WORKS
TOYOTA
TOYOTA INDUSTRIAL EQUIPMENT
TOYOTA MOTOR
TOYOTA TSUSHO
TOYS "R" US
TOYS 'R' US
TOYS R US
TRABANT
TRANS - MEDIA RESOURCES
TRANSVIK
TRASCO
TRASCO.
TRI VALLEY GROWERS
TRIBUNE
TRIBUNE BROADCASTING
TRIBUNE PRODUCTIONS
TRINOVA
TRIQUINT SEMICONDUCTOR
TROPEL
TROPICANA
TRUST ARKTIC UGOL
TRUSTHOUSE FORTE
TRW
TSMC
TUC
TUNGSRAM
TURBO-UNION
TWA
TWENTIETH CENTURY FOX
TYLAN
TYSON FOODS
U-LITE
U.S. MEMORIES
U.S. NEWS & WORLD REPORT
U.S. NEWS &AMP; WORLD REPORT
U.S. PRECIOUS METALS
UAL
UCB-JSR ELECTRONICS
UCC INVESTORS HOLDING
UHDE
UK AEA
ULTRATECH
ULTRATECH STEPPER
UMW
UNICAO
UNICEF
UNIDEN
UNILEVER
UNILEVER U.S.
UNILOT
UNION CAMP
UNION CARBIDE
UNION CARBIDE SILICONES
UNION OFFSHORE EXPLORATION
UNION OIL
UNION PACIFIC
UNION TEXAS PETROLEUM
UNION TEXTILE ENTERPRISE
UNIROYAL
UNIROYAL-GOODRICH TIRE
UNISTAR RADIO NETWORKS
UNISYS
UNITED AIRLINES
UNITED BISCUITS
UNITED MOTOR WORKS
UNITED NEWSPAPERS
UNITED RAIL CAR PARTNERSHIP
UNITED SILICON STRUCTURES
UNITED STATES ADVANCED BATTERY CONSORTIUM
UNITED STATES SURGICAL
UNITED TELECOM
UNITED TRACTOR
UNITED VERTICAL BLINDS
UNIVERSAL
UNIVERSAL FOODS
UNIVERSAL HEALTH
UNIVERSAL LEAF TOBACCO
UNIVERSAL PRESS SYNDICATE
UNOCAL
UNVIERSAL TOYS
UPJOHN
UPS
URENCO
US SPRINT
USA TODAY
USAIR
USG
USI FAR EAST
USINOR
USINOR-SACILOR
USS-POSCO
UST
USX
UTA
UTE
VACUUM METALLURGICAL
VALERO ENERGY
VALHI
VALUJET
VAN OMMEREN OIL TERMINAL
VAN OMMEREN TERMINAL SINGAPORE
VARIAN
VARIAN ASSOC
VARIAN ASSOCIATES
VARTA
VEB IFA-KOMBINAT PERSONENKRAFTWAGEN
VEECO INSTRUMENTS
VENTURE CAPITAL FUND
VENTURE ONE
VESPA
VETCO GRAY
VF
VIACOM
VIACOM SATELLITE NEWS
VIDEOTON
VIKAY
VIRGIN
VISA
VISCODRIVE
VISTA
VISTA CHEMICAL
VITESSE SEMICONDUCTOR
VITKOVICE
VITRO
VITRO HOUSEHOLD PRODUCTS
VITROMATIC
VITROMATIC SADECV
VNESHTORGIZDAT
VNESHTORGREKLAMA
VODAPHONE
VOLGA AUTOMOTIVE WORKS
VOLKSWAGEN
VOLVO
VULCAN MATERIALS
VW
W.R. GRACE
WABCO WESTINGHOUSE
WACOAL
WAL-MART
WALLPAPERS TO GO
WALMART
WALTERS
WALTON COMPUTERS
WARNER BROS
WARNER BROS INTERNATIONAL THEATRES
WARNER BROS RECORDS
WARNER BROS. INTERNATIONAL THEATRES
WARNER BROS. RECORDS
WARNER CONTROL TECHNIQUES
WARNER ELECTRIC
WARNER-LAMBERT
WARTBURG
WASCHMITTELWORK GENTHIN
WASHINGTON POST
WASHINGTON POST NEWS SERVICE
WASHINGTON POST SERVICE
WASHINGTON REDSKINS
WASTE MANAGEMENT
WATERFORD WEDGWOOD
WATKINS-JOHNSON
WAVEMAT
WAXMAN
WEBCOR
WEDGWOOD
WEI MIN MACHINERY FACTORY
WEIRTON STEEL
WELLMAN
WESPEC
WESSEX WATER
WEST PALM BEACH TROPICS
WEST POINT
WEST POINT-PEPPERELL
WESTDEUTSCHE LANDESBANK GIROZENTRALE
WESTERN DIGITAL
WESTERN MINING
WESTERN MOTOR HOLDINGS
WESTERN UNION
WESTFIELD
WESTINGHOUSE
WESTINGHOUSE BROADCASTING
WESTINGHOUSE ELECTRIC
WESTINGHOUSE SCIENCE & TECHNOLOGY CENTER
WESTINGHOUSE SCIENCE &AMP; TECHNOLOGY CENTER
WESTLB
WESTMORELAND COAL
WESTVACO
WEYERHAEUSER
WHIRLPOOL
WHIRPOOL
WHITE SOX
WHITEWATER
WHITEWATER WEST
WHITMAN
WICKES
WICKES COS
WICKES MANUFACTURING
WILLIAMS-SONOMA
WIMPEY
WINARYO SULISTYO
WINBOND ELECTRONICS
WINDBOND
WISCONSIN DAIRIES
WITCO
WM. JR. WRIGLEY
WNYW-TV
WOOLCO
WOOLWORTH
WORKING WOMAN
WORLD BANK
WORLD INTERNATIONAL NETWORK
WORLD PRESS
WORLD PRESS DIVISION
WRIGLEY
WURNS
WURNS TECHNOLOGY
XEROX
Y E DATA
Y.E. DATA
YAKULT
YAMAHA
YAMAHA MOTOR
YAMANOUCHI PHARMACEUTICAL
YAMASHITA-SHINNIHON STEAMSHIP
YAMATAKE
YAMATAKE-HONEYWELL
YAMATO TRANSPORT
YANKEES
YANMAR
YAOHAN
YELAZ
YELL
YEU TYAN
YOKOGAWA
YOKOHAMA RUBBER
YOUNG & RUBICAM
YOUNG &AMP; RUBICAM
YS LINE
YUE LOONG
YUELOONG
ZASTAVA
ZASTAVA KAMIONI
ZAVODI CRVENA ZASTAVA
ZENITH ELECTRONICS
ZHANG JIA BIAN TOY FACTORY
ZHONGSHAN ELECTRONICS PLANT
