ACT                             DISCARD
BIO                             DISCARD
BIO.famous                      DISCARD
CA                              DISCARD
CA.cause_die                    CAUSE_OF_DEATH
CA.origin                       DISCARD
CC                              DISCARD
DEF                             DISCARD
DEF.abbr                        DISCARD
DEF.famous                      DISCARD
DEF.fun                         DISCARD
LEX                             DISCARD
LEX.abbr                        DISCARD
LEX.english                     DISCARD
LEX.french                      DISCARD
LEX.nickname                    DISCARD
LEX.quote                       DISCARD
LEX.scientific_name             DISCARD
LEX.spanish                     DISCARD
LEX.symbol                      ACRONYM
LEX.synonym                     DISCARD
LOC                             LOCATION
LOC.capital                     LOCATION.CITY.CAPITAL
LOC.city                        LOCATION.CITY
LOC.colony                      LOCATION.COUNTRY
LOC.continent                   LOCATION.CONTINENT
LOC.country                     LOCATION.COUNTRY
LOC.county                      LOCATION.COUNTY
LOC.hemisphere                  LOCATION.HEMISPHERE
LOC.island                      LOCATION.ISLAND
LOC.planet                      LOCATION.PLANET
LOC.province                    LOCATION.PROVINCE
LOC.state                       LOCATION.STATE
LOC.street                      LOCATION.STREET
LOC.town                        LOCATION.CITY
LST.LEX                         DISCARD
LST.LEX.synonym                 DISCARD
LST.LOC                         LOCATION
LST.LOC.city                    LOCATION.CITY
LST.LOC.country                 LOCATION.COUNTRY
LST.LOC.county                  LOCATION.COUNTY
LST.LOC.province                LOCATION.PROVINCE
LST.LOC.state                   LOCATION.STATE
LST.OBJ                         DISCARD
LST.OBJ.color                   COLOR
LST.OBJ.food                    FOOD
LST.OBJ.nationality             NATIONALITY
LST.OBJ.occupation              PROFESSION
LST.ORG                         PROPER_NAME.ORGANIZATION
LST.ORG.company                 PROPER_NAME.ORGANIZATION
LST.ORG.sports_team             PROPER_NAME.ORGANIZATION.TEAM
LST.PER                         PROPER_NAME.PERSON
LST.PROP                        DISCARD
LST.PROP.golf_course            DISCARD
LST.PROP.language               LANGUAGE
LST.PROP.museum                 DISCARD
LST.PROP.nationality            NATIONALITY
LST.PROP.ship                   DISCARD
LST.TITL                        DISCARD
LST.TITL.album                  DISCARD
LST.TITL.book                   PROPER_NAME.BOOK
LST.TITL.film                   PROPER_NAME.DRAMA.FILM
LST.TITL.music                  PROPER_NAME.MUSIC.SONG
LST.TITL.opera                  PROPER_NAME.MUSIC.OPERA
LST.TITL.tv                     PROPER_NAME.DRAMA.SHOW
LST.TMP.day                     DATE.DAY
NUM                             NUMBER
NUM.age                         DURATION
NUM.angle                       ANGLE
NUM.area                        SIZE.AREA
NUM.area.mile                   SIZE.AREA.SQUARE_MILES
NUM.capacity                    NUMBER
NUM.depth                       SIZE.LENGTH
NUM.diameter                    SIZE.LENGTH
NUM.dimensions                  DISCARD
NUM.distance                    SIZE.LENGTH
NUM.distance.mile               SIZE.LENGTH.MILES
NUM.duration                    DURATION
NUM.duration.day                DURATION.DAYS
NUM.duration.year               DURATION.YEARS
NUM.elevation                   SIZE.LENGTH
NUM.height                      SIZE.LENGTH
NUM.length                      SIZE.LENGTH
NUM.length.foot                 SIZE.LENGTH.FEET
NUM.length.mile                 SIZE.LENGTH.MILES
NUM.lifespan                    DURATION
NUM.money                       MONEY
NUM.percent                     PERCENTAGE
NUM.population                  NUMBER
NUM.pure                        NUMBER
NUM.range                       RANGE
NUM.rank                        NUMBER.ORDINAL
NUM.rate                        RATE
NUM.score                       SCORE
NUM.speed                       RATE.SPEED
NUM.speed.mph                   RATE.SPEED.MPH
NUM.temperature                 TEMPERATURE
NUM.time                        TIME
NUM.time_intval                 FREQUENCY
NUM.ton                         SIZE.WEIGHT.TONS
NUM.volume.gallon               SIZE.VOLUME.GALLONS
NUM.volume.liter                SIZE.VOLUME.LITERS
NUM.volume.ounce                SIZE.VOLUME.OUNCES
NUM.weight                      SIZE.WEIGHT
NUM.weight.gram                 SIZE.WEIGHT.GRAMS
NUM.weight.pound                SIZE.WEIGHT.POUNDS
NUM.width                       SIZE.LENGTH
OBJ                             DISCARD
OBJ.body_part                   BODY_PART
OBJ.color                       COLOR
OBJ.currency                    UNIT.CURRENCY
OBJ.food                        FOOD
OBJ.formula                     DISCARD
OBJ.meteorite                   DISCARD
OBJ.occupation                  PROFESSION
OBJ.prize                       PROPER_NAME.AWARD
OBJ.profession                  PROFESSION
OBJ.url                         URL
ORG                             PROPER_NAME.ORGANIZATION
ORG.college                     PROPER_NAME.ORGANIZATION.EDUCATIONAL_INSTITUTION
ORG.company                     PROPER_NAME.ORGANIZATION
ORG.newspaper                   PROPER_NAME.ORGANIZATION.NEWSPAPER
ORG.political_party             PROPER_NAME.ORGANIZATION.POLITICAL_PARTY
ORG.radio_station               PROPER_NAME.ORGANIZATION.RADIO_STATION
ORG.religion                    RELIGION
ORG.school                      PROPER_NAME.ORGANIZATION.EDUCATIONAL_INSTITUTION
ORG.sports_team                 PROPER_NAME.ORGANIZATION.TEAM
ORG.sports_team.nickname        PROPER_NAME.ORGANIZATION.TEAM
ORG.university                  PROPER_NAME.ORGANIZATION.EDUCATIONAL_INSTITUTION
PER                             PROPER_NAME.PERSON
PER.co-pilot                    PROPER_NAME.PERSON
PER.first_name                  PROPER_NAME.PERSON.FIRST_NAME
PER.full_name                   PROPER_NAME.PERSON
PER.last_name                   PROPER_NAME.PERSON.LAST_NAME
PER.middle_name                 PROPER_NAME.PERSON.FIRST_NAME
PER.nickname                    PROPER_NAME.PERSON
PER.pilot                       PROPER_NAME.PERSON
PER.real_name                   PROPER_NAME.PERSON
PRO                             DISCARD
PROP                            DISCARD
PROP.airplane                   DISCARD
PROP.airport                    LOCATION.AIRPORT
PROP.baseball_park              PROPER_NAME.STADIUM
PROP.battle                     PROPER_NAME.EVENT.CONFLICT
PROP.battlefield                LOCATION
PROP.beach                      LOCATION
PROP.bridge                     LOCATION
PROP.building                   LOCATION
PROP.canal                      LOCATION.WATER.CANAL
PROP.cemetery                   LOCATION
PROP.culture                    PROPER_NAME.ETHNIC_GROUP
PROP.dam                        LOCATION
PROP.event                      DISCARD
PROP.fault                      LOCATION
PROP.fleet                      DISCARD
PROP.galaxy                     DISCARD
PROP.god                        PROPER_NAME.PERSON
PROP.golf_course                LOCATION
PROP.hotel                      PROPER_NAME.ORGANIZATION
PROP.island                     LOCATION.ISLAND
PROP.lake                       LOCATION.WATER.LAKE
PROP.landmark                   LOCATION
PROP.language                   LANGUAGE
PROP.military_base              LOCATION
PROP.monument                   LOCATION
PROP.mountain                   LOCATION.MOUNTAIN
PROP.museum                     PROPER_NAME.ORGANIZATION
PROP.music_group                PROPER_NAME.ORGANIZATION
PROP.nationality                NATIONALITY
PROP.nickname                   PROPER_NAME.PERSON
PROP.ocean                      LOCATION.WATER.SEA.OCEAN
PROP.park                       LOCATION.NATIONAL_PARK
PROP.peninsula                  LOCATION.PENINSULA
PROP.port                       LOCATION
PROP.prison                     LOCATION
PROP.reef                       LOCATION.REEF
PROP.river                      LOCATION.WATER.RIVER
PROP.satellite                  DISCARD
PROP.sea                        LOCATION.WATER.SEA
PROP.ship                       DISCARD
PROP.spacecraft                 DISCARD
PROP.stadium                    PROPER_NAME.STADIUM
PROP.star                       DISCARD
PROP.statue                     DISCARD
PROP.strait                     LOCATION.WATER
PROP.tribe                      PROPER_NAME.ETHNIC_GROUP
PROP.volcano                    LOCATION
PROP.war                        PROPER_NAME.EVENT.CONFLICT
PROP.water_body                 LOCATION.WATER
REL                             DISCARD
REX                             DISCARD
REX.address                     DISCARD
REX.phone_number                NUMBER.PHONE_NUMBER
REX.url                         URL
REX.zipcode                     NUMBER.ZIPCODE
TITL                            DISCARD
TITL.album                      DISCARD
TITL.anthem                     PROPER_NAME.MUSIC.SONG.ANTHEM
TITL.art                        DISCARD
TITL.book                       PROPER_NAME.BOOK
TITL.film                       PROPER_NAME.DRAMA.FILM
TITL.music                      PROPER_NAME.MUSIC.SONG
TITL.musical                    PROPER_NAME.DRAMA.PLAY.MUSICAL
TITL.opera                      PROPER_NAME.MUSIC.OPERA
TITL.poem                       DISCARD
TITL.play                       PROPER_NAME.DRAMA.PLAY
TITL.routine                    DISCARD
TITL.tv                         PROPER_NAME.DRAMA.SHOW
TMP                             DATE
TMP.day                         DATE.DAY
TMP.day_month                   DATE.DAY_MONTH
TMP.day_range                   DATE
TMP.month                       DATE.MONTH
TMP.season                      DATE.SEASON
TMP.time                        TIME
TMP.weekday                     DATE.WEEKDAY
TMP.year                        DATE.YEAR
TMP.year_month                  DATE
