A.J. Cook
Aaliyah
Aamir Khan
Abazi Avni
Abbe Lane
Abhishek Bachchan
Adam Baldwin
Adam Brody
Adam Lake
Adam Sandler
Adam West
Adam Wylie
Adamari Lopez
Adele Jergens
Adele Mara
Adolfo Celi
Adolphe Menjou
Adrian Lester
Adrian Paul
Adriana Louvier
Adriano Celentano
Adrien Brody
Adrienne Ames
Adrienne Corri
Agnes Ayres
Agnes Moorehead
Agostina Belli
Aidan Quinn
Aileen Pringle
Aishwarya Rai
Al Hodge
Al Pacino
Alain Delon
Alan Alda
Alan Arkin
Alan Autry
Alan Bates
Alan Beckwith
Alan Carney
Alan Cumming
Alan Curtis
Alan Davies
Alan Hale
Alan King
Alan Napier
Alan Rickman
Alan Ruck
Alan Van Sprang
Alanna Ubach
Alastair Sim
Albert Basserman
Albert Brooks
Albert Dieudonne
Albert Finney
Alberta Watson
Alberto Rabagliati
Alberto Sordi
Aldo Fabrizi
Alec Baldwin
Alec Guinness
Alex Damiano
Alex Pettyfer
Alexander Knox
Alexander Siddig
Alexandra Stewart
Alexis Bledel
Alexis Denisof
Alexis Smith
Alfie Bass
Alfonsina Molinari
Alfre Woodard
Alfred Drake
Alfred Lunt
Alfred Molina
Ali MacGraw
Alia Shawkat
Alice Barrett
Alice Brady
Alice Day
Alice Faye
Alice Joyce
Alice Pearce
Alice Prin
Alice Terry
Alice White
Alicia Silverstone
Alicia Witt
Alida Valli
Aline MacMahon
Alisen Down
Alison MacInnis
Alison Skipworth
Alla Nazimova
Allison Hayes
Allison Janney
Allison Mack
Ally Sheedy
Alma Beltran
Alma Kruger
Alma Rubens
Alma Taylor
Alyson Hannigan
Alyson Kiperman
Alyssa Milano
Amanda Blake
Amanda Burton
Amanda Bynes
Amanda Donohoe
Amanda Holden
Amanda Peet
Amanda Peterson
Amanda Plummer
Amanda Redman
Amanda Swisten
Amanda Tapping
Amber Tamblyn
Amedeo Nazzari
Ami Dolenz
Amita Dhiri
Amitabh Bachchan
Amos Kollek
Amy Acker
Amy Brenneman
Amy Dalby
Amy Davidson
Amy Irving
Amy Jo Johnson
Amy Madigan
Amy Miller
Amy Smart
Amy Walz
Amy Wright
Anant Kumar
Andie MacDowell
Andre Braugher
Andrea Feldman
Andrea Leeds
Andrea Marcovicci
Andrea Roth
Andrew Faulds
Andrzej Seweryn
Andre the Giant
Andy Devine
Andy Garcia
Andy Griffith
Andy Kaufman
Angela Bassett
Angela Gair
Angela Kinsey
Angela Lansbury
Angelina Jolie
Angie Dickinson
Angie Everhart
Angie Harmon
Angus McLaren
Anita Dobson
Anita Ekberg
Anita Garvin
Anita LaSelva
Anita Louise
Anita Morris
Anita Stewart
Anjelica Huston
Ann B. Davis
Ann Blyth
Ann Burbrook
Ann Doran
Ann Dvorak
Ann Flood
Ann Harding
Ann Little
Ann Lynn
Ann Marie Crouch
Ann Miller
Ann Morgan Guilbert
Ann Reinking
Ann Richards
Ann Rutherford
Ann Sheridan
Ann Sothern
Ann Todd
Anna Belknap
Anna Faris
Anna Karina
Anna Lee
Anna Magnani
Anna Maria Alberghetti
Anna Massey
Anna May Wong
Anna Neagle
Anna Nicole Smith
Anna Paquin
Anna Q. Nilsson
Anna Sten
Anna Vocino
Anna Winslet
Annabella
Annabella Sciorra
Anne Archer
Anne Bancroft
Anne Baxter
Anne Crawford
Anne Francis
Anne Grey
Anne Gwynne
Anne Haney
Anne Hathaway
Anne Helm
Anne Heywood
Anne Jackson
Anne Jeffreys
Anne Meara
Anne Nagel
Anne Ramsey
Anne Revere
Anne Shirley
Anneliese Van Der Pol
Annette Bening
Annette Funicello
Annette O'Toole
Annie Girardot
Annie Humphrey
Annie Potts
Anny Ondra
Anouk Aimee
Anson Williams
Anthony Anderson
Anthony Andrews
Anthony Bushell
Anthony Edwards
Anthony Eisley
Anthony Geary
Anthony Heald
Anthony Hopkins
Anthony LaPaglia
Anthony Michael Hall
Anthony Montgomery
Anthony Perkins
Anthony Quayle
Anthony Quinn
Anthony Simcoe
Anthony Stewart Head
Antonio Banderas
Antonio Fargas
Antonio Sanchez
Archie Kao
Arielle Dombasle
Arlene Dahl
Arlene Whelan
Arletty
Arline Judge
Armand Assante
Armin Mueller
Arnold Schwarzenegger
Arnold Vosloo
Art Acord
Art Carney
Arthur Askey
Arthur Kennedy
Ashley Bennett
Ashley Brillault
Ashley Judd
Ashley Olsen
Asia Argento
Asia Carrera
Athole Shearer
Audie Murphy
Audra Lindley
Audrey Hepburn
Audrey Long
Audrey Meadows
Audrey Tautou
Audrey Totter
Aurore Clement
Austin St. John
Autumn Reeser
Ava Gardner
Avery Brooks
Avgusta Danilova
Ayumi Hamasaki
Azura Skye
Balthazar Getty
Barbara Anderson
Barbara Bach
Barbara Bain
Barbara Bel Geddes
Barbara Billingsley
Barbara Bouchet
Barbara Britton
Barbara Carrera
Barbara Cook
Barbara Eden
Barbara Everest
Barbara Hale
Barbara Harris
Barbara Hershey
Barbara Kent
Barbara La Marr
Barbara Loden
Barbara Mandrell
Barbara Mullen
Barbara Murray
Barbara Nichols
Barbara O'Neil
Barbara Payton
Barbara Rush
Barbara Shelley
Barbara Stanwyck
Barbara Steele
Barbara Sukowa
Barbara Windsor
Barbra Streisand
Barrie Ingham
Barry Bostwick
Barry Coe
Barry Corbin
Barry Fitzgerald
Barry Pepper
Barry Watson
Barry Williams
Bartolomeo Pagano
Basil Rathbone
Bea Arthur
Bea Benaderet
Beah Richards
Beatrice Arthur
Beatrice Lillie
Beatrice Straight
Beau Bridges
Bebe Daniels
Bebe Neuwirth
Behrouz Vossoughi
Bela Lugosi
Belinda Lee
Bella Darvi
Ben Affleck
Ben Alexander
Ben Blue
Ben Browder
Ben Cooper
Ben Cross
Ben Gazzara
Ben Johnson
Ben Kingsley
Ben Savage
Ben Stein
Ben Stiller
Ben Vereen
Benicio del Toro
Benita Hume
Benjamin Bratt
Benjamin Salisbury
Bernadette Peters
Berton Churchill
Beryl Mercer
Beryl Reid
Bessie Love
Beth Allen
Beth Porter
Beth Winslet
Bethany Joy Galeotti
Betsy Blair
Betsy Palmer
Bette Davis
Bette Midler
Betty Ann Davies
Betty Balfour
Betty Buckley
Betty Compson
Betty Field
Betty Furness
Betty Garrett
Betty Grable
Betty Hutton
Betty Stockfeld
Betty White
Beulah Bondi
Beverly D'Angelo
Beverly Garland
Beverly Mitchell
Beyonce Knowles
Bibi Andersson
Bill Bixby
Bill Cosby
Bill Daily
Bill Dana
Bill Maher
Bill Maynard
Bill McClean
Bill Mumy
Bill Murray
Bill Paxton
Bill Pullman
Billie Burke
Billie Dove
Billie Piper
Billie Whitelaw
Billy Barty
Billy Bob Thornton
Billy Boyd
Billy Crystal
Billy Drago
Billy Halop
Billy MacQueen
Billy Ray Cyrus
Billy Zane
Bing Crosby
Binnie Barnes
Bita Farrahi
Blair Brown
Blake Foster
Blanche Sweet
Blanche Yurka
Blayne Weaver
Blythe Danner
Bo Derek
Bob Crane
Bob Denver
Bob Hope
Bob Hoskins
Bob Newhart
Bob Saget
Bob Seagren
Bobby Darin
Bobby Sherman
Bobby Van
Bonar Colleano
Bonita Granville
Bonnie
Bonnie Bedelia
Bonnie Franklin
Bonnie Hunt
Boris Karloff
Brad Dourif
Brad Pitt
Bradley Stryker
Bradley Whitford
Branden Oliver
Brandon Henschel
Brandon Lee
Brandy
Branko Tomovic
Brenda Bruce
Brenda De Banzie
Brenda Fricker
Brenda Joyce
Brenda Marshall
Brenda Vaccaro
Brendan Fraser
Brendan Gleeson
Brent Huff
Brent Spiner
Brent Stait
Brian Aherne
Brian Bonsall
Brian Cox
Brian Dennehy
Brian G. Hutton
Brian Glover
Brian Keith
Brian Kerwin
Brian Krause
Brian Thompson
Bridget Fonda
Bridget Moynahan
Brigid Berlin
Brigitte Bardot
Brigitte Fossey
Brigitte Helm
Brigitte Horney
Brigitte Nielsen
Britt Ekland
Brittany Murphy
Brittany Petros
Broderick Crawford
Brooke Adams
Brooke Kerr
Brooke Nevin
Brooke Shields
Bruce Bennett
Bruce Cabot
Bruce Campbell
Bruce Dern
Bruce James
Bruce Lee
Bruce McGill
Bruce Willis
Bruce Yarnell
Bryan Brown
Bryan Greenberg
Bryce Dallas Howard
Bud Abbott
Bud Spencer
Buddy Ebsen
Bulle Ogier
Burgess Abernethy
Burgess Meredith
Burt Lancaster
Burt Reynolds
Burt Ward
Buster Crabbe
Buster Keaton
Butterfly McQueen
Caitlin Clarke
Caitlin Wachs
Calista Flockhart
Cameron Diaz
Camryn Manheim
Candace Elaine
Candice Bergen
Cantinflas
Capucine
Cara Williams
Cariba Heine
Carla Gugino
Carlo Rota
Carlos Bernard
Carly Schroeder
Carmel Myers
Carmen Dominicci
Carmen Duncan
Carmen Electra
Carmen Miranda
Carol Burnett
Carol Channing
Carol Dempster
Carol Kane
Carol Lawrence
Carol Lynley
Carol White
Carole Bouquet
Carole Landis
Carole Lesley
Carole Lombard
Carole Mathews
Caroline Lee
Caroline Munro
Caroline Quentin
Carolyn Jones
Carrie
Carrie Dobro
Carrie Fisher
Carrie Snodgress
Carroll Baker
Carroll O'Connor
Cary Elwes
Cary Grant
Cassandra Peterson
Cate Blanchett
Caterina Valente
Catherine Bell
Catherine Dale Owen
Catherine Deneuve
Catherine Hicks
Catherine Keener
Catherine Spaak
Catherine Sutherland
Catherine Zeta
Cathleen Nesbitt
Cathy Downs
Cathy Moriarty
Cathy O'Donnell
Cathy Rigby
Cecil Cunningham
Cecilia Parker
Celeste Holm
Celia Johnson
Cerina Vincent
Cesar Romero
Chad Lowe
Chad Michael Murray
Chambers Stevens
Channing Tatum
Charisma Carpenter
Charles 'Bud' Tingwell
Charles 'Buddy' Rogers
Charles Aznavour
Charles Bickford
Charles Boyer
Charles Bronson
Charles Coburn
Charles Farrell
Charles Fleischer
Charles Korvin
Charles Laughton
Charles Meredith
Charles Ruggles
Charles Shaughnessy
Charlie Callas
Charlie Chaplin
Charlie Hunnam
Charlie O'Connell
Charlie Sheen
Charlize Theron
Charlotte Gainsbourg
Charlotte Greenwood
Charlotte Rae
Charlotte Rampling
Charlotte Ross
Charlton Heston
Chase Masterson
Chazz Palminteri
Cher
Cherilee Taylor
Cheryl Ladd
Chespirito
Chester Morris
Chevy Chase 1943
Chico Marx
Chief Tahachee
Chili Bouchier
Chips Rafferty
Chita Rivera
Chiwetel Ejiofor
Chloe Sevigny
Chow Yun
Chris Barrie
Chris Cooper
Chris Demetral
Chris Evans
Chris Klein
Chris Sarandon
Chrissie White
Christa Miller
Christian Bale
Christian Slater
Christina Cox
Christina Milian
Christina Ricci
Christina Vidal
Christine Baranski
Christine Lahti
Christine Norden
Christine Pascal
Christopher Eccleston
Christopher George
Christopher Guest
Christopher Hewett
Christopher Judge
Christopher Khayman Lee
Christopher Knight
Christopher Lee
Christopher Lloyd
Christopher Massey
Christopher Meloni
Christopher Plummer
Christopher Reeve
Christopher Walken
Christy Romano
Chuck Connors
Chuck Norris
Cicely Courtneidge
Cicely Tyson
Cindy Williams
Claire Bloom
Claire Danes
Claire Dodd
Claire Forlani
Claire Goose
Claire Holt
Claire Trevor
Claire Windsor
Clara Blandick
Clara Bow
Clara Kimball Young
Clarence Gilyard Jr.
Clark Gable
Claude Akins
Claude Jade
Claude Rains
Claudette Colbert
Claudia Black
Claudia Cardinale
Claudia Christian
Claudia Martini
Cleavant Derricks
Cleo Moore
Cliff Robertson
Clifton Webb
Clint Eastwood
Clint Walker
Clive Ashborn
Clive Brook
Clive Russell
Cloris Leachman
Coleen Gray
Colin Baker
Colin Buchanan
Colin Clive
Colin Farrell
Colin Firth
Colin Lane
Colin Mochrie
Colleen Camp
Colleen Dewhurst
Colleen Moore
Colm Meaney
Connie Booth
Connie Gilchrist
Connie Stevens
Connor Trinneer
Conrad Bain
Conrad Janis
Conrad Nagel
Conrad Pla
Constance Bennett
Constance Collier
Constance Cummings
Constance Smith
Constance Talmadge
Cora Witherspoon
Corbin Bernsen
Corbin Bleu
Corin Nemec
Corinne Calvet
Corinne Griffith
Cornel Wilde
Countess Vaughn
Courteney Cox
Courtney Thorne
Craig Charles
Craig Stevens
Craig T. Nelson
Crispin Glover
Cristina Saralegui
Crystal Bernard
Crystal McKellar
Cuba Gooding Jr.
Curd Jurgens
Curly Joe DeRita
Cybill Shepherd
Cyd Charisse
Cynda Williams
Cynthia Loebe
Cynthia Nixon
Cynthia Watros
Cyril Cusack
Dabney Coleman
Daisy and Violet Hilton
Dakota Fanning
Dale Evans
Daliah Lavi
Dame Peggy Ashcroft
Damian Lewis
Dan Aykroyd
Dan Castellaneta
Dan Dailey
Dan White
Dana Andrews
Dana Ashbrook
Dana Carvey 1955
Dana Delany
Dana Plato
Dana Wynter
Dandy Nichols
Dane Clark
Dane Cook
Danica McKellar
Daniel Baldwin
Daniel Craig
Daniel Davis
Daniel Day
Daniel Massey
Daniel Radcliffe
Daniel Southworth
Daniel Stern
Daniela Lujan
Danielle Darrieux
Danielle Fischel
Danielle Harris
Daniele Delorme
Danny Aiello
Danny Arnold
Danny Bonaduce
Danny DeVito
Danny Glover
Danny John
Danny Kaye
Danny Pintauro
Danny Slavin
Danny Thomas
Danny Trejo
Dany Robin
Dario Andrej Klac
Darla Hood
Darwin Joston
Daryl Hannah
Dash Mihok
Dave Chappelle
Daveigh Chase
David Anthony Higgins
David Arquette
David Bacon
David Boreanaz
David Bowie
David Brian
David Canary
David Carradine
David Caruso
David Cassidy
David Duchovny
David Faustino
David Field
David Gallagher
David Hasselhoff
David Hemblen
David Hewlett
David Hyde Pierce
David James Elliott
David Janssen
David Jason
David Jones
David Keith
David Krumholtz
David L. Lander
David Longo
David McCallum
David Morse
David Niven
David Ogden Stiers
David Olelowo
David Schwimmer
David Soul
David Spade
David Strathairn
David Strickland
David Tennant
David Warner
David Yost
Dawn Addams
Dawn French
Dawn Wells
Dean Cain
Dean Paul Martin
Dean Stockwell
Deanna Durbin
Debbe Dunning
Debbie Allen
Debbie Reynolds
Deborah Estelle Phillips
Deborah Kerr
Deborah Raffin
Deborah Shelton
Debra Jo Rupp
Debra Lawrance
Debra Messing
Debra Paget
Debra Winger
Dedee Pfeiffer
Dee Wallace Stone
Deidre Hall
Delia Scala
Della Reese
Delphi Lawrence
Delphine Seyrig
Delta Burke
Demi Moore
Denholm Elliott
Denis Leary
Denise Crosby
Denise Richards
Dennis Haysbert
Dennis Hopper
Dennis Quaid
Dennis Weaver
Denver Pyle
Denzel Washington
Derek Bond
Derek Fowlds
Derek McGrath
Desmond Harrington
Dev Anand
Devon Sawa
Dexter Gordon
Dharmendra
Diahann Carroll
Diana Churchill
Diana Dors
Diana Lewis
Diana Lynn
Diana Muldaur
Diana Rigg
Diana Ross
Diana Wynyard
Diandra Newlin
Diane Baker
Diane Cary
Diane Cilento
Diane Ellis
Diane Keaton
Diane Kruger
Diane Ladd
Diane Lane
Diane Varsi
Dianne Foster
Dianne Wiest
Dick Martin
Dick Powell
Dick Sargent
Dick Van Dyke
Dick York
Diedrich Bader
Dieter Pfaff
Dilip Kumar
Dimitris Voyatzis
Dina Merrill
Dina Meyer
Dinah Sheridan
Dinah Shore
Dino Guglietta
Dirk Benedict
Dirk Bogarde
Dita Parlo
Dixie Carter
Djimon Hounsou
Dolly Parton
Dolores Costello
Dolores Del Rio
Dolores Hart
Dolores Moran
Dominic Keating
Dominique Sanda
Don 'Red' Barry
Don Ameche
Don Beddoe
Don Castle
Don Cheadle
Don Francks
Don Harron
Don Johnson
Don Knotts
Don Most
Don S. Davis
Donald Cook
Donald Crisp
Donald Faison
Donald O'Connor
Donald Pleasence
Donald Sutherland
Donald Wolfit
Donna Douglas
Donna Reed
Dooley Wilson
Dora Bryan
Dora Gerson
Dorian Gregory
Doris Day
Doris Lloyd
Doris Roberts
Dorothy Alison
Dorothy Comingore
Dorothy Dandridge
Dorothy Dell
Dorothy Gish
Dorothy Jordan
Dorothy Lamour
Dorothy Loudon
Dorothy Mackaill
Dorothy Mackaye
Dorothy Malone
Dorothy McGuire
Dorothy Peterson
Dorothy Provine
Dorothy Revier
Dorothy Seastrom
Dorothy Stratten
Doug McClure
Doug Savant
Douglas Fairbanks
Dougray Scott
Drew Barrymore
Drew Carey
Drew Fuller
Dudley Moore
Dulcie Gray
Duncan MacRae
Dusa Pockaj
Dustin Hoffman
Dwayne Douglas Johnson
Dwight Schultz
Dyan Cannon
Dylan McDermott
Dylan Walsh
E.G. Marshall
Earl Hindman
Earl Holliman
Eartha Kitt
Ed Asner
Ed Begley
Ed Harris
Ed O'Neill
Ed Wynn
Eddie Albert
Eddie Anderson
Eddie Bracken
Eddie Cantor
Eddie Constantine
Eddie Mekka
Eddie Murphy
Eddie Quillan
Eddy Arnold
Eddy Polo
Edgar Bergen
Edie Adams
Edie Falco
Edie Sedgwick
Edith Evans
Edmond O'Brien
Edna Best
Edna May Oliver
Edna Purviance
Eduardo Ciannelli
Eduardo De Filippo
Edward Albert
Edward Arnold
Edward Burns
Edward Eustace
Edward Furlong
Edward G. Robinson
Edward Herrmann
Edward Mulhare
Edward Norton
Edward Pawley
Edward Speleers
Edwige Fenech
Edwige Feuillere
Eileen Brennan
Eileen Heckart
Eileen Herlie
Eille Norwood
Einstein Kristiansen
Elaine Hammerstein
Elaine Stritch
Eleanor Boardman
Eleanor Parker
Eleanor Powell
Elijah Wood
Elinor Donahue
Elisabeth Bergner
Elisabeth Flickenschildt
Elisabeth Shue
Elisha Cook Jr.
Elisha Cuthbert
Elissa Landi
Eliza Dushku
Elizabeth Allan
Elizabeth Allen
Elizabeth Ashley
Elizabeth Banks
Elizabeth Berkley
Elizabeth Daily
Elizabeth Gracen
Elizabeth Hartman
Elizabeth Hurley
Elizabeth McGovern
Elizabeth Montgomery
Elizabeth Patterson
Elizabeth Perkins
Elizabeth Pena
Elizabeth Risdon
Elizabeth Sellars
Elizabeth Taylor
Elke Sommer
Ella Raines
Elle Fanning
Ellen Barkin
Ellen Burstyn
Ellen Corby
Ellen DeGeneres
Ellen Drew
Ellen Terry
Elliott Gould
Elsa Lanchester
Elsa Martinelli
Elsie Ferguson
Elvis Presley
Elyse Knox
Elyssa Davalos
Emil Jannings
Emilie de Ravin
Emilio Estevez
Emily Browning
Emily Deschanel
Emily Hirst
Emily Lloyd
Emily Procter
Emily Watson
Emlyn Williams
Emma Chambers
Emma Fielding
Emma Lahana
Emma Samms
Emma Stone
Emma Thompson
Emma Watson
Emmaline Henry
Emmanuelle Beart
Emmanuelle Seigner
Enid Stamp
Erdogan Atalay
Eric Bana
Eric Blore
Eric Bogosian
Eric Bruno Borgman
Eric Christmas
Eric Close
Eric Da Re
Eric Stoltz
Eric Szmanda
Eric West
Erik Palladino
Erik Rhodes
Erika Eleniak
Erika Pluhar
Erika Slezak
Erin Cahill
Erin Gray
Erin Moran
Erin Murphy
Ernest Borgnine
Ernie Hudson
Errol Flynn
Esma Cannon
Estelle Getty
Estelle Parsons
Estelle Taylor
Estelle Winwood
Esther Dale
Esther Ralston
Esther Rolle
Esther Williams
Ethan Hawke
Ethel Barrymore
Ethel Griffies
Ethel Merman
Ethel Waters
Eugene Robert Glazer
Eugene Shin
Eva Bartok
Eva Gabor
Eva Green
Eva Longoria
Eva Marie Saint
Eva Mendes
Eva Robins
Evangeline Lilly
Eve Arden
Eve Gray
Eve Plumb
Evelyn Ankers
Evelyn Brent
Evelyn Del Rio
Evelyn Keyes
Evelyn Laye
Evelyn Nesbit
Evelyn Preer
Evelyn Venable
Everett McGill
Everley Gregg
Ewan McGregor
Ewelyne Wohlfeiler
F. Murray Abraham
Fairuza Balk
Faith Domergue
Fann Wong
Fannie Flagg
Fanny Ardant
Fanny Brice
Fanny Kemble
Farley Granger
Farrah Fawcett
Fay Bainter
Fay Compton
Fay Holden
Fay Ripley
Fay Templeton
Fay Webb
Fay Wray
Faye Dunaway
Faye Emerson
Felicia Farr
Felicity Huffman
Felicity Kendal
Felix Aylmer
Fenella Fielding
Fernandel
Fernando Rey
Feroz Nath Khosla
Fess Parker
Fifi D'Orsay
Fiona Lewis
Fiona Shaw
Flora Robson
Florence Bates
Florence Eldridge
Florence Henderson
Florence La Badie
Florence Lawrence
Florence Rice
Florence Stanley
Florence Turner
Floyd Red Crow Westerman
Fran Allison
Fran Drescher
France Nuyen
Frances Bavier
Frances Day
Frances Dee
Frances Drake
Frances Farmer
Frances Gifford
Frances Langford
Frances McDormand
Frances Rafferty
Frances Sternhagen
Francesca Annis
Francesca Hunt
Francesca Neri
Francesco Cura'
Franchot Tone
Francis X. Bushman
Franco Nero
Francoise Rosay
Frank Albertson
Frank Bonner
Frank Converse
Frank Langella
Frank Morgan
Frank Sinatra
Frankie Avalon
Frankie Darro
Francoise Dorleac
Fred Astaire
Fred Buscaglione
Fred Dalton Thompson
Fred Dryer
Fred Grandy
Fred Kelsey
Fred MacMurray
Fred Savage
Fred Ward
Fred Willard
Freda Jackson
Freddie Bartholomew
Freddie Joe Farnsworth
Frederick W. Elvidge
Fredric March
Frieda Inescort
Fritz Lang
Frunzik Mkrtchyan
Frehel
Gabriel Byrne
Gabrielle Anwar
Gabrielle Dorziat
Gabrielle Union
Gail Davis
Gail Patrick
Gail Russell
Gale Harold
Gale Page
Gale Sondergaard
Gale Storm
Garett Maggart
Garrett Hedlund
Garry Marshall
Gary Burghoff
Gary Busey
Gary Cole
Gary Coleman
Gary Cooper
Gary Dourdan
Gary Kemp
Gary Merrill
Gary Morris
Gary Oldman
Gary Sandy
Gary Sinise
Gates McFadden
Gavin MacLeod
Gayle Hunnicutt
Gedeon Burkhard
Geena Davis
Gena Lee Nolin
Gena Rowlands
Gene Autry
Gene Barry
Gene Hackman
Gene Kelly
Gene Tierney
Gene Wilder
Genevieve Tobin
Genevieve Bujold
Genevieve Page
Geoffrey Palmer
Geoffrey Rush
George 'Gabby' Hayes
George Arliss
George Bancroft
George Brent
George Burns
George C. Scott
George Chakiris
George Clooney
George Cole
George Coulouris
George Eads
George Gaynes
George Grossmith
George Hamilton
George Kennedy
George Lazenby
George Lopez
George Maharis
George McFarland
George Montgomery
George Murphy
George O'Brien
George O'Hara
George Peppard
George Periolat
George Reeves
George Sanders
George Segal
George Spelvin
George Wendt
Georgia Hale
Georgina Spelvin
Geraint Wyn Davies
Geraldine Brooks
Geraldine Chaplin
Geraldine Fitzgerald
Geraldine Page
Gerard Butler
Gerda Lundequist
Gert Frobe
Gertrude Berg
Gertrude Lawrence
Gertrude Michael
Gia Scala
Gian Maria Volonte
Giancarlo Giannini
Gigi Edgley
Gigi Perreau
Gil Bellows
Gillian Anderson
Gina Bellman
Gina Gershon
Gina Lollobrigida
Gina Torres
Ginger Lynn Allen
Ginger Rogers
Gino Cervi
Giselle Blondet
Giuletta Masina
Gladys Brockwell
Gladys Cooper
Gladys George
Gladys Henson
Gladys Rodriguez
Glenda Farrell
Glenda Jackson
Glenn Close
Glenn Ford
Glenn Quinn
Gloria Alexandra
Gloria De Haven
Gloria Grahame
Gloria Holden
Gloria Jean
Gloria Stuart
Gloria Swanson
Gloria Talbott
Gloria Trevi
Glynis Johns
Goldie Hawn
Googie Withers
Googoosh
Gorden Kaye
Gordon Jump
Gordon Michael Woolvett
Grace Jones
Grace Kelly
Grace Moore
Grace Park
Grace Zabriskie
Gracie Allen
Gracie Fields
Graham Greene
Grazyna Szapolowska
Greer Garson
Greg Evigan
Greg Walloch
Gregory Harrison
Gregory Hines
Gregory Peck
Greta Garbo
Greta Gynt
Greta Scacchi
Grethe Weiser
Groucho Marx
Guinevere Turner
Gummo Marx
Guy Madison
Guy Pearce
Guy Stewart
Guylaine St. Onge
Gwen Verdon
Gwili Andre
Gwyneth Paltrow
Gwyneth Strong
Gypsy Rose Lee
Gerard Depardieu
Gerard Philipe
Hal Linden
Haley Joel Osment
Halle Berry
Hallie Kate Eisenberg
Hank Azaria
Hanna Schygulla
Hans Conreid
Hardie Albright
Harold Lloyd
Harold Lockwood
Harold Perrineau Jr.
Harold Ramis
Harold Russel
Harold Stone
Harpo Marx
Harriet Andersson
Harrison Ford
Harry Anderson
Harry Andrews
Harry Belafonte
Harry Carey
Harry Connick
Harry Dean Stanton
Harry Fox
Harry Goaz
Harry H. Corbett
Harry Kretchmer
Harry Lauter
Harry Morgan
Harry Shearer
Harvey Keitel
Hattie Jacques
Hattie McDaniel
Hayden Rorke
Hayley Mills
Haylie Duff
Hazel Court
Heather Angel
Heather Graham
Heather Locklear
Heather Matarazzo
Heather McComb
Heather O'Rourke
Heather Thomas
Hedda Hopper
Hedy Burress
Hedy Lamarr
Helen Chandler
Helen Dunbar
Helen Gahagan
Helen Goss
Helen Hayes
Helen Hunt
Helen Mack
Helen Mirren
Helen Morgan
Helen Twelvetrees
Helen Vinson
Helena Bonham Carter
Helene Weigel
Hema Malini
Henny Porten
Henry Brandon
Henry Darrow
Henry Fonda
Henry Gibson
Henry Ian Cusick
Henry Irving
Henry Thomas
Henry Winkler
Herbert Anderson
Herbert Beerbohm Tree
Herbert Gronemeyer
Herbert Jeffreys
Herbert Lom
Herbert Marshall
Herman van Veen
Hermione Baddeley
Hermione Gingold
Heronimo Sehmi
Herve Villechaize
Hilarie Burton
Hilary Duff
Hilary Swank
Hilda Fenemore
Hilde Krahl
Hildegard Knef
Hildegarde
Hillary Brooke
Hobart Cavanaugh
Holly Aird
Holly Hunter
Holly King
Holly Marie Combs
Holly Robinson
Honeysuckle Weeks
Honor Blackman
Hoot Gibson
Hope Emerson
Hope Lange
Horst Buchholz
Howard Hesseman
Howard Rollins
Hugh Grant
Hugh Griffith
Hugh Jackman
Hugh Laurie
Hugh O'Brian
Hume Cronyn
Humphrey Bogart
Huntley Gordon
Hy Hazell
Ian Bannen
Ian Carmichael
Ian Holm
Ian McKellen
Ice T
Ida Ehre
Ida Kaminska
Ida Lupino
Ilene Hamann
Ilke Chase
Ilona Massey
Ilse Ritter
Ilse Werner
Imogen Stubbs
Imogene Coca
Inge Meysel
Inger Stevens
Ingrid Bergman
Ingrid Pitt
Ingrid Thulin
Ioan Gruffudd
Irene Cara
Irene Dunne
Irene Handl
Irene Jacob
Irene Papas
Irene Rich
Irene Ryan
Irene Worth
Iris Adrian
Isa Miranda
Isabel Jewell
Isabel Withers
Isabella Rossellini
Isabelle Adjani
Isabelle Huppert
Isidra Vega
Isla Fisher
Isobel Elsom
Ita Rina
Ivan De Battista
Ivan Sergei
Ivor Novello
J. T. Walsh
J.D. Cannon
Jaci Velazquez
Jack Benny
Jack Black
Jack Buchanan
Jack Buetel
Jack Carson
Jack Cassidy
Jack Davenport
Jack Guzman
Jack Haley
Jack Holt
Jack Hoxie
Jack Jones
Jack Klugman
Jack Lemmon
Jack Lord
Jack Nance
Jack Nicholson
Jack Palance
Jack Pickford
Jack Soo
Jack Warden
Jack Webb
Jack Weston
Jackie Chan
Jackie Coogan
Jackie Cooper
Jackie Gleason
Jackee Harry
Jaclyn Smith
Jacqueline Bisset
Jacqueline Danno
Jacqueline Logan
Jacqueline Maillan
Jacqueline McKenzie
Jada Pinkett Smith
Jaime Murray
Jaime Pressly
Jake Gyllenhaal
James Arness
James Badge Dale
James Belushi
James Best
James Booth
James Broderick
James Brolin
James Caan
James Cagney
James Caviezel
James Coburn
James Craig
James Dean
James Doohan
James Earl Jones
James Franco
James Gandolfini
James Garner
James Lafferty
James Lanphier
James Marsden
James Marshall
James Marsters
James Mason
James Napier
James Nardini
James Robertson Justice
James Smith
James Spader
James Stewart
James Van Der Beek
James Whitmore
James Woods
Jamie Farr
Jamie Foxx
Jamie Gertz
Jamie Lee Curtis
Jamie Luner
Jamie Lynn DiScala
Jamie Rose
Jan Smithers
Jan Sterling
Jane Alexander
Jane Allsop
Jane Asher
Jane Baxter
Jane Birkin
Jane Darwell
Jane Fonda
Jane Frazee
Jane Greer
Jane Horrocks
Jane Hylton
Jane Kaczmarek
Jane Leeves
Jane Lynch
Jane Nigh
Jane Powell
Jane Russell
Jane Seymour
Jane Sibbett
Jane Withers
Jane Wyatt
Jane Wyman
Janet Blair
Janet Davies
Janet Gaynor
Janet Leigh
Janet Margolin
Janet Munro
Janet Suzman
Janette Scott
Jang Jin
Janice Rule
Janine Turner
Janis Carter
Janis Paige
Janusz Gajos
Jared Leto
Jasmine Guy
Jason Alexander
Jason Barbera
Jason Bateman
Jason Behr
Jason Biggs
Jason David Frank
Jason Faunt
Jason Lee
Jason Marsden
Jason Mewes
Jason Narvy
Jason O'Mara
Jason Patric
Jason Ritter
Jason Robards
Jason Schwartzman
Jason Statham
Javier Bardem
Jay Hernandez
Jay Silverheels
Jayne Heitmeyer
Jayne Kennedy
Jayne Mansfield
Jayne Meadows
Jazmin
Jean Arthur
Jean Cadell
Jean Gabin
Jean Hagen
Jean Harlow
Jean Kent
Jean Marsh
Jean Parker
Jean Peters
Jean Reno
Jean Rogers
Jean Seberg
Jean Simmons
Jean Smart
Jean Stapleton
Jean Wallace
Jeanette Biedermann
Jeanette MacDonald
Jeanette Nolan
Jeanne Aubert
Jeanne Crain
Jeanne De Casalis
Jeanne Eagels
Jeanne Moreau
Jeanne Stuart
Jeanne Tripplehorn
Jeannie Carson
Jeannine Taylor
Jeff Bridges
Jeff Celentano
Jeff Chandler
Jeff Conaway
Jeff Daniels
Jeff Donnell
Jeff Goldblum
Jeffrey Hunter
Jena Malone
Jenna Dewan
Jenna Fischer
Jennie Garth
Jennifer Aniston
Jennifer Beals
Jennifer Connelly
Jennifer Dempster
Jennifer Freeman
Jennifer Garner
Jennifer Grey
Jennifer Holmes
Jennifer Holt
Jennifer Jason Leigh
Jennifer Jayne
Jennifer Jones
Jennifer Lien
Jennifer Lopez
Jennifer Love Hewitt
Jennifer Lynn
Jennifer O'Neill
Jennifer Saunders
Jennifer Syme
Jennifer Tilly
Jenny Agutter
Jenny Coyle
Jenny McCarthy
Jere Beery
Jeremy Brett
Jeremy Irons
Jeremy Renner
Jeri Ryan
Jerome Cowan
Jerri Manthey
Jerry Colonna
Jerry Hall
Jerry Lewis
Jerry O'Connell
Jerry Paris
Jerry Seinfeld
Jerry Stiller
Jerry Van Dyke
Jessica Alba
Jessica Biel
Jessica Gower
Jessica Lange
Jessica Marie Alba
Jessica Rey
Jessica Simpson
Jessica Tandy
Jessica Walter
Jessie Matthews
Jessie Ralph
Jessie Royce Landis
Jet Li
Jetta Goudal
Jewel Staite
Jill Banner
Jill Bennett
Jill Browne
Jill Clayburgh
Jill Esmond
Jill Ireland
Jill St. John
Jill Wagner
Jim Backus
Jim Bannon
Jim Belushi
Jim Broadbent
Jim Carrey
Jim Carroll
Jim Davis
Jim Nabors
Jimmy Boyd
Jimmy Smits
Jimmy Tagnipez
Jinx Falkenburg
Jo Van Fleet
JoBeth Williams
Joan Allen
Joan Bennett
Joan Blondell
Joan Caulfield
Joan Chen
Joan Collins
Joan Crawford
Joan Cusack
Joan Davis
Joan Dowling
Joan Fontaine
Joan Greenwood
Joan Hickson
Joan Leslie
Joan Lorring
Joan Marsh
Joan Plowright
Joan Rice
Joan Sims
Joanna Cassidy
Joanna Kerns
Joanna Lumley
Joanna Pettet
Joanne Dru
Joanne Whalley
Joanne Woodward
Joaquin Phoenix
Jobyna Ralston
Jocelyn Lane
Jocelyne LaGarde
Jodie Foster
Jodie Sweetin
Jody McCrea
Joe Besser
Joe Don Baker
Joe E. Brown
Joe Flanigan
Joe Mantegna
Joe Pantoliano
Joe Penner
Joe Penny
Joe Pesci
Joel McCrea
Joely Richardson
Joey Bishop
Joey Lauren Adams
Joey Lawrence
Johanna Rosaly
John Agar
John Alderton
John Archer
John Astin
John Banner
John Barrymore
John Beal
John Belushi
John Bentley
John Billingsley
John Bindon
John Bird
John Boles
John Brumpton
John Bunny
John C. McGinley
John C. Reilly
John Candy
John Carradine
John Carroll
John Cassavetes
John Cleese
John Clements
John Cusack
John Derek
John Forsythe
John Garfield
John Gavin
John Gielgud
John Gilbert
John Goodman
John Heard
John Houseman
John Hurt
John Larroquette
John Leguizamo
John Lithgow
John Mahoney
John Malkovich
John McLoughlin
John Mills
John Payne
John Phillip Law
John Qualen
John Raitt
John Rhys
John Ritter
John Rubinstein
John Russell
John Savage
John Saxon
John Schneider
John Schuck
John Slater
John Spencer
John Stamos
John Thaw
John Travolta
John Turturro
John Wayne
Johnathan LaPaglia
Johnny Depp
Johnny Hallyday
Johnny Mack Brown
Johnny Weissmuller
Johnny Yong Bosch
Joi Lansing
Jolene Blalock
Jon Pertwee
Jon Voight
Jonathan Davis
Jonathan Frakes
Jonathan Hardy
Jonathan Rhys Meyers
Jonathan Taylor Thomas
Jonathan Tucker
Jonny Lee Miller
Jordan Ladd
Jorge Porcel
Jorja Fox
Jose Ferrer
Joseph Barbera
Joseph Bologna
Joseph Calleia
Joseph Campanella
Joseph Cotten
Joseph Crehan
Joseph Fiennes
Joseph Gordon
Joseph Gordon Levitt
Josephine Dunn
Josephine Hull
Josette Banzet
Josh Brolin
Josh Charles
Josh Lucas
Joshua Jackson
Joss Ackland
Joy Shelton
Joyce Carey
Joyce Compton
Joyce Grenfell
Joyce Jameso
Judd Hirsch
Jude Law
Judi Dench
Judith Anderson
Judith Furse
Judith Godreche
Judith Light
Judy Canova
Judy Carne
Judy Davis
Judy Garland
Judy Geeson
Judy Holliday
Judy Kelly
Judy Reyes
Judy Tyler
Julia Foster
Julia Louis
Julia McKenzie
Julia Ormond
Julia Roberts
Julia Sawalha
Julia Stiles
Julian McMahon
Julianna Margulies
Julianna Rose Mauriello
Julianne Moore
Julie Adams
Julie Andrews
Julie Bishop
Julie Christie
Julie Delpy
Julie Ege
Julie Hagerty
Julie Harris
Julie Kavner
Julie London
Julie Newmar
Julie Nihill
Julie Parrish
Julie Wagner
Julie Walters
Juliet Mills
Juliet Prowse
Juliet Stevenson
Juliette Binoche
Juliette Greco
Juliette Lewis
Julio Herzer
June Allyson
June Collyer
June Duprez
June Foray
June Haver
June Havoc
June Lang
June Lockhart
June MacCloy
June Marlowe
June Thorburn
June Whitfield
Junie Astor
Justin Nimmo
Justine Bateman
Jutta Hoffmann
Jurgen Prochnow
Kajol
Kaley Cuoco
Kamal Haasan
Kandyse McClure
Karan Ashley
Karen Allen
Karen Black
Karen McDougal
Karen Morley
Karen Young
Kari Wuhrer
Karl Dane
Karl Malden
Karla Michelle
Karyn Dwyer
Karyn Kupcinet
Kat Foster
Kate Beckinsale
Kate Capshaw
Kate Ceberano
Kate Flannery
Kate Hudson
Kate Isitt
Kate Jackson
Kate Mulgrew
Kate Nelligan
Kate Winslet
Kate del Castillo
Katee Sackhoff
Katey Sagal
Katharine Hepburn
Katharine Ross
Kathe Dorsch
Katherine Alexander
Katherine Heigl
Kathia Rodriguez
Kathleen Beller
Kathleen Byron
Kathleen Clifford
Kathleen Freeman
Kathleen Harrison
Kathleen Quinlan
Kathleen Robertson
Kathleen Ryan
Kathleen Turner
Kathryn Erbe
Kathryn Grant
Kathryn Grayson
Kathy Baker
Kathy Bates
Kathy Burke
Kathy Kinney
Kathy Najimy
Kati Outinen
Katie Holmes
Katie Johnson
Katie Kurtz
Katie Lyons
Katina Paxinou
Katja Schuurman
Katrin Cartlidge
Katy Jurado
Kavya Madhavan
Kay Callard
Kay Francis
Kay Hammond
Kay Hughes
Kay Johnson
Kay Kendall
Kay Lenz
Kay Walsh
Keanu Reeves
Keeley Hawes
Keiko Matsuzaka
Keira Knightley
Keisha Castle
Keith Andes
Keith Carradine
Keith Hamilton Cobb
Keith Robinson
Kelli Williams
Kelly Campbell
Kelly Hu
Kelly McGillis
Kelly Preston
Kelly Ripa
Kelly Rowan
Kelsey Grammer
Ken Curtis
Ken Jenkins
Ken Maynard
Kenji Sahara
Kenneth Branagh
Kent McCord
Keri Russell
Keshia Knight Pulliam
Kett Turton
Kevin Anderson
Kevin Bacon
Kevin Costner
Kevin Dillon
Kevin Hooks
Kevin Kilner
Kevin Kleinberg
Kevin Kline
Kevin Peter Hall
Kevin Smith
Kevin Sorbo
Kevin Spacey
Kevin Zegers
Khandi Alexander
Kiefer Sutherland
Kieran Culkin
Kim Basinger
Kim Cattrall
Kim Coates
Kim Delaney
Kim Hunter
Kim Novak
Kim Oja
Kim Poirier
Kim Raver
Kim Schraner
Kim Stanley
Kimberly Beck
Kimberly Page
Kimberly Scott
Kimberly Williams
Kimmy Robertson
King Baggot
Kirk Beattie
Kirk Douglas
Kirsten Dunst
Kirsten Storm
Kirsten Storms
Kirstie Alley
Klaus Kinski
Klaus Maria Brandauer
Koo Stark
Koyuki
Kris Kristofferson
Kristanna Loken
Kristen Cloke
Kristian Alfonso
Kristin Davis
Kristin Kreuk
Kristin Scott Thomas
Kristin Ullmann
Kristina Soderbaum
Kristy McNichol
Kristy Swanson
Kurt Raab
Kurt Russell
Kyla Pratt
Kyle Chandler
Kyle Massey
Kylie Bax
Kylie Minogue
Kylie Travis
Kyra Sedgwick
Ko Shibasaki
Laird Cregar
Lake Bell
Lalaine
Lalaine Miranda
Lana Morris
Lana Parrilla
Lana Turner
Lance Henriksen
Lance Holt
Lance Krall
Lance Norris
Lanei Chapman
Lani John Tupu
Lara Flynn Boyle
Laraine Day
Lark Voorhies
Larry Fine
Larry Hagman
Larry Linville
Larry Mathews
Larry Parks
Larry Poindexter
Lars Hanson
Lash La Rue
Laura Antonelli
Laura Bertram
Laura Dern
Laura Hope Crews
Laura La Plante
Laura Leighton
Laura Linney
Laura Prepon
Laura Sadler
Laura San Giacomo
Laurel Goodwin
Lauren Bacall
Lauren Graham
Lauren Holly
Lauren Hutton
Laurence Fishburne
Laurence Harvey
Laurence Olivier
Laurie Anderson
Lawrence Barret
Lawrence Tibbett
LeVar Burton
Lea Massari
Lea Thompson
Leah Cairns
Leah Remini
Leatrice Joy
Lee Armstrong
Lee Arnone
Lee Bowman
Lee Eddy
Lee Grant
Lee J. Cobb
Lee Majors
Lee Marvin
Lee Meriwether
Lee Norris
Lee Patrick
Lee Remick
Lee van Cleef
Leelee Sobieski
Leila Arcieri
Leila Hyams
Leleti Khumalo
Lena Horne
Lena Olin
Leni Parker
Lenny Henry
Lenore Ulric
Leo Carrillo
Leo Daniels
Leo G. Carroll
Leo McKern
Leon Ames
Leonard Nimoy
Leonardo DiCaprio
Lesley Ann Down
Lesley Ann Warren
Lesley Brook
Leslie Banks
Leslie Brooks
Leslie Caron
Leslie Hope
Leslie Howard
Leslie Mann
Leslie Parrish
Leslie Phillips
Lew Ayres
Lewis Stone
Lex Barker
Lexa Doig
Liam Neeson
Liane Haid
Lidia Bergano
Lil Dagover
Lila Kedrova
Lila Lee
Lili Damita
Lili Taylor
Lilia Skala
Liliana Mumy
Lilli Palmer
Lillian Gish
Lillian Harvey
Lillian Roth
Lillian Russell
Lillian Walker
Lillie Langtry
Lily Tomlin
Lilyan Tashman
Lina Carstens
Linda Arvidsson
Linda Blair
Linda Dano
Linda Darnell
Linda Evans
Linda Fiorentino
Linda Hamilton
Linda Henning
Linda Hunt
Linda Lavin
Linda Lovelace
Linda Park
Linda Stirling
Linden Travers
Lindsay Frost
Lindsay Liles
Lindsay Lohan
Lindsay Wagner
Linnea Quigley
Lino Ventura
Lionel Atwill
Lionel Barrymore
Lionel Stander
Lisa Bonet
Lisa Gastoni
Lisa Howard
Lisa Kudrow
Lisa McCune
Lisa Peluso
Lisa Robin Kelly
Lisa Ryder
Liv Tyler
Liv Ullmann
Liz Fraser
Liz Smith
Liza Minnelli
Lizabeth Scott
Lloyd Bridges
Lois Hamilton
Lois Maxwell
Lois Nettleton
Lois Wilson
Lola Albright
Lola Flores
Lola Lane
Lolita Davidovich
Lon Chaney
Lona Andre
Loni Anderson
Loren Tarquinio
Loretta Swit
Loretta Young
Lorraine Bracco
Lotte Lenya
Lottie Pickford
Lou Diamond Phillips
Louis Armstrong
Louis Calhern
Louis Jourdan
Louise Allbritton
Louise Beavers
Louise Brooks
Louise Closser Hale
Louise Dresser
Louise Fazenda
Louise Fletcher
Louise Glaum
Louise Lasser
Louise Leveque de Vilmorin
Lucas Grabeel
Lucia Mendez
Luciana Carro
Lucile Watson
Lucille Ball
Lucille La Verne
Lucille Ricksen
Lucinda Raikes
Lucy Deakins
Lucy Lawless
Lucy Liu
Luis Alberni
Luise Rainer
Lukas Haas
Luke Wilson
Lupe Velez
Luther Adler
Lya De Putti
Lyda Roberti
Lydia Echevarria
Lyle Tayo
Lynda Carter
Lynda Day George
Lynn Bari
Lynn Fontanne
Lynn Redgrave
Lynne Roberts
Lynne Thigpen
Lysette Anthony
Leonce Perret
Mabel Normand
Mabel Paige
Mabel Poulton
Macaulay Culkin
Macdonald Carey
Mackenzie Rosman
Madame Sul
Maddie Corman
Madeleine Carroll
Madeleine Stowe
Madeline Kahn
Madeline Zima
Madge Bellamy
Madge Evans
Madhubala
Madhur Jaffrey
Madhuri Dixit
Madonna
Mady Christians
Mae Busch
Mae Marsh
Mae Murray
Mae Questel
Mae West
Mae Whitman
Magda Szubanski
Maggie Gyllenhaal
Maggie McNamara
Maggie Smith
Mai Zetterling
Majandra Delfino
Majda Potokar
Majel Barrett
Mala Powers
Malcolm
Malik Yoba
Mamie Van Doren
Mandy Miller
Mandy Patinkin
Manisha Koirala
Mara Corday
Marc Warren
Marceline Day
Marcello Mastroianni
Marcia Cross
Marcia Gay Harden
Marcia Strassman
Mare Winningham
Marg Helgenberger
Margaret Colin
Margaret Dumont
Margaret Hamilton
Margaret Leighton
Margaret Lindsay
Margaret Livingston
Margaret Lockwood
Margaret O'Brien
Margaret Rutherford
Margaret Sullavan
Margaret Wycherly
Marge Champion
Margo
Margot Grahame
Margot Kidder
Marguerite Chapman
Marguerite Churchill
Marguerite De La Motte
Mari Aldon
Mari Blanchard
Maria Conchita Alonso
Maria Felix
Maria Montez
Maria Ouspenskaya
Maria Schell
Mariah Carey
Marian Marsh
Marianne Hoppe
Marianne Jean
Marianne Koch
Marianne Sagebrecht
Maricarmen Regueiro
Marie
Marie Doro
Marie Dressler
Marie Osmond
Marie Prevost
Marie Trintignant
Marie Wilson
Marie Windsor
Mariel Hemingway
Marika Dominczyk
Marilyn Maxwell
Marilyn Miller
Marilyn Monroe
Marin Sais
Marina Berti
Marina Golbahari
Marina Sirtis
Marina Vlady
Mario Lopez
Marion Davies
Marion Martin
Marion Ross
Marisa Berenson
Marisa Coughlan
Marisa Tomei
Mariska Hargitay
Marjean Holden
Marjorie Gateson
Marjorie Lord
Marjorie Main
Marjorie Rambeau
Marjorie Reynolds
Marjorie Weaver
Mark Dacascos
Mark Hamill
Mark Harmon
Mark Thomas Miller
Mark Wahlberg
Marla Gibbs
Marlee Matlin
Marlene Dietrich
Marlo Thomas
Marlon Brando
Marlon Wayans
Marlene Jobert
Marnette Patterson
Marsha Hunt
Marsha Mason
Marsha Thomason
Marshall Manesh
Marta Kristen
Martha Hyer
Martha Mansfield
Martha Plimpton
Martha Raye
Martha Scott
Martha Vickers
Marthe Keller
Martin Balsam
Martin Clunes
Martin Landau
Martin Lawrence
Martin Milner
Martin Mull
Martin Sheen
Martin Short
Martine Carol
Martita Hunt
Marton Csokas
Marty Feldman
Mary Astor
Mary Beth Hughes
Mary Beth Peil
Mary Boland
Mary Brian
Mary Brough
Mary Carlisle
Mary Elise Hayden
Mary Elizabeth Mastrantonio
Mary Frances
Mary Frann
Mary Gordon
Mary Kay Adams
Mary Lynn Rajskub
Mary Martin
Mary McDonnell
Mary Miles Minter
Mary Morris
Mary Murphy
Mary Nash
Mary Nolan
Mary Pickford
Mary Steenburgen
Mary Stuart Masterson
Mary Thurman
Mary Tyler Moore
Mary Ure
Mary Wickes
Maria Casares
Masami Nagasawa
Matt Damon
Matt Dillon
Matt LeBlanc
Matthew Broderick
Matthew Ferguson
Matthew Fox
Matthew Geczy
Matthew Macfadyen
Matthew McConaughey
Matthew Moore
Matthew Perry
Matthew Porretta
Matthew William Lawrence
Maud Adams
Maura Tierney
Maureen McCormick
Maureen O'Hara
Maureen O'Sullivan
Maureen Stapleton
Maureen Teefy
Maurice Chevalier
Max Baer
Max Bygraves
Max Gail
Max Reinhardt
Max Schreck
Max Wright
Maxie "Slapsie Maxie" Rosenbloom
Maximilian Schell
May Allison
May Britt
May Irwin
May McAvoy
May Robson
May Whitty
McLean Stevenson
Meena Kumari
Meg Foster
Meg Ryan
Megan Mullally
Megs Jenkins
Mehmood
Mekhi Phifer
Mel Brooks
Mel Gibson
Mel Smith
Melanie Griffith
Melanie Lynskey
Melba Moore
Melina Mercouri
Melinda Clarke
Melinda Culea
Melinda Deines
Melinda Dillon
Melissa Errico
Melissa Gilbert
Melissa Joan Hart
Melissa Stribling
Melody Perkins
Melora Hardin
Melvyn Douglas
Mena Suvari
Mercedes McCambridge
Meredith Baxter
Meredith Monroe
Meredith Salenger
Merle Oberon
Merna Kennedy
Merry Anders
Meryl Streep
Metka Buc
Metka Gabrijelcic
Mia Farrow
Mia Kelly
Mia Kirshner
Michael Angelis
Michael Ansara
Michael Arata
Michael Biehn
Michael Caine
Michael Chaturantabut
Michael Chiklis
Michael Copon
Michael Craig
Michael Crawford
Michael Dorn
Michael Douglas
Michael Dudikoff
Michael Flessas
Michael Gambon
Michael Gross
Michael Hordern
Michael Horse
Michael Hurst
Michael J. Fox
Michael J. Pollard
Michael Jeter
Michael Kaplan
Michael Keaton
Michael Landon
Michael Learned
Michael Legge
Michael Lombard
Michael Madsen
Michael McKean
Michael Michele
Michael Nesmith
Michael Praed
Michael Redgrave
Michael Rennie
Michael Shanks
Michael Stanton
Michael Sweeney
Michael Tolan
Michael Vartan
Michael Weatherly
Michael Williams
Michael York
Michel Courtemanche
Michel Piccoli
Michele Lee
Michele Placido
Micheline Presle
Michelle Forbes
Michelle Gomez
Michelle Monaghan
Michelle Pfeiffer
Michelle Phillips
Michelle Rodriguez
Michelle Trachtenberg
Michelle Williams
Michelle Yeoh
Michele Morgan
Mickey Rooney
Micky Dolenz
Mike Connors
Mike Farrell
Mike Lookinland
Mike Myers
Mikhail Baryshnikov
Mikk Mikiver
Mila Kunis
Mildred Dunnock
Mildred Harris
Mildred Natwick
Milla Jovovich
Millard Mitchell
Millicent Martin
Millie Perkins
Milton Sills
Mimi Rogers
Ming
Minna Gombell
Minna Sorvoja
Minnie Driver
Mira Furlan
Mira Sorvino
Miranda Otto
Miranda Richardson
Miriam Hopkins
Miriam Karlin
Miriam Margolyes
Mischa Auer
Mischa Barton
Missy Peregrym
Mitch Pileggi
Mitzi Gaynor
Mitzi Green
Mo'Nique
Moira Kelly
Moira Lister
Moira Shearer
Molly Lamont
Molly Parker
Molly Picon
Molly Ringwald
Mona Barrie
Mona Freeman
Mona Maris
Mona Washbourne
Monica Horan
Monica Vitti
Monique Coleman
Montgomery Clift
Moon Unit Zappa
Morena Baccarin
Morey Amsterdam
Morgan Fairchild
Morgan Freeman
Morris Ankrum
Mr. T
Mrs. Patrick Campbell
Muriel George
Muriel Pavlow
Musetta Vander
Musidora
Mykelti Williamson
Myrna Loy
Madchen Amick
Marta Toren
Nadia Gray
Nadine Velazquez
Nadja Tiller
Nakia Burrise
Nan Grey
Nana Visitor
Nancy Allen
Nancy Carroll
Nancy Cartwright
Nancy Coleman
Nancy Gates
Nancy Kelly
Nancy Kulp
Nancy Kwan
Nancy Marchand
Nancy Olson
Nancy Travis
Nancy Walker
Nancy Wilson
Nanette Newman
Naomi Campbell
Naomi Watts
Naseeruddin Shah
Nastassja Kinski
Natalie Portman
Natalie Schafer
Natalie Talmadge
Natalie Wood
Natalino Otto
Natasha Henstridge
Natasha Parry
Natasha Richardson
Ned Beatty
Neil Flynn
Neil Hamilton
Nell Carter
Nell Shipman
Neve Campbell
Neville Brand
Nia Vardalos
Nichelle Nichols
Nicholas Brendon
Nicholas Clay
Nicholas Downs
Nicholas Lea
Nicholas Lyndhurst
Nicholle Tom
Nick Adams
Nick Cravat
Nick LaStella
Nick Nolte
Nicki Clyne
Nicki Lynn Aycox
Nicolas Cage
Nicole Kidman
Nicole Maurey
Nicole Sullivan
Nicole de Boer
Nicolette Sheridan
Nigel Bennett
Nigel Bruce
Nigel Harris
Nigel Hawthorne
Nikki Sanderson
Nils Asther
Nina Bott
Nina Foch
Nina Garbiras
Nino Manfredi
Nita Naldi
Noah Beery
Noble Willingham
Noel Purcell
Nora Gordon
Nora Swinburne
Norma Macmillan
Norma Shearer
Norma Talmadge
Norma Varden
Norman Fell
Norman Kerry
Norman Reedus
Norman Wisdom
Nova Pilbeam
Nutan
Nydia Westman
O. W. Fischer
Oded Fehr
Odile Versois
Olga Baclanova
Olga Kacjan
Olga Petrova
Olga Tschechowa
Olive Borden
Olive Mercer
Olive Thomas
Oliver Conant
Oliver Hardy
Oliver Hudson
Oliver James
Oliver Platt
Oliver Reed
Olivia Colman
Olivia D'Abo
Olivia Hussey
Olivia Newton
Olivia Wilde
Olivia de Havilland
Olivier Martinez
Olympia Dukakis
Om Puri
Omar Epps
Omar Sharif
Omid Abtahi
Ona Munson
Oprah Winfrey
Orlando Bloom
Ornella Muti
Orson Welles
Oskar Werner
Ossie Davis
Otto Schenk
Owen Moore
Owen Wilson
Paddi Edwards
Pam Dawber
Pam Grier
Pamela Anderson
Pamela Franklin
Pamela Hensley
Pamela Paulshock
Paola Rey
Paolo Stoppa
Parker Posey
Parminder Nagra
Pascale Ogier
Pat Boone
Pat Harrington
Pat Kirkwood
Patricia Arquette
Patricia Clarkson
Patricia Dainton
Patricia Hayes
Patricia Heaton
Patricia Ja Lee
Patricia Medina
Patricia Morison
Patricia Neal
Patricia Richardson
Patricia Roc
Patricia Routledge
Patricia Velasquez
Patrick Bergin
Patrick Cargill
Patrick Carroll
Patrick Dempsey
Patrick Dewaere
Patrick Duffy
Patrick Macnee
Patrick Stewart
Patrick Swayze
Patrick Troughton
Patsy Byrne
Patsy Kelly
Patsy Kensit
Patsy Ruth Miller
Patty Duke
Patty McCormack
Paul Carpenter
Paul Cavanagh
Paul Chu Kong
Paul Dahlke
Paul Eddington
Paul Gross
Paul Guilfoyle
Paul Henreid
Paul Hogan
Paul Johansson
Paul Jones
Paul Lukas
Paul Lynde
Paul McCrane
Paul McGann
Paul Muni
Paul Newman
Paul Petersen
Paul Reiser
Paul Reubens
Paul Robeson
Paul Rudd
Paul Sanderson
Paul Schrier
Paul Scofield
Paul Sorvino
Paul T. T. Easter
Paul Walker
Paul Winfield
Paula Prentiss
Paula Raymond
Paulette Goddard
Pauley Perrette
Pauline Frederick
Pearl Bailey
Pearl White
Pedro Armendariz
Pedro de Cordoba
Peg Entwistle
Peg Phillips
Peggie Castle
Peggy Ann Garner
Peggy Cass
Peggy Cummins
Peggy Dow
Peggy Evans
Peggy Lee
Peggy Lipton
Peggy Mount
Peggy Ryan
Penelope Ann Miller
Penelope Dudley Ward
Penelope Keith
Penny Edwards
Penny Johnson Jerald
Penny Marshall
Penny Singleton
Penelope Cruz
Peppino De Filippo
Peri Gilpin
Pernilla August
Perry King
Peta Wilson
Pete Duel
Peter Boyle
Peter Cook
Peter Coyote
Peter Cushing
Peter Davison
Peter Falk
Peter Finch
Peter Firth
Peter Fonda
Peter Gallagher
Peter Grant
Peter Graves
Peter Greene
Peter Lawford
Peter Lorre
Peter McKenzie
Peter O'Toole
Peter Palmer
Peter Scolari
Peter Sellers
Peter Strauss
Peter Tork
Petula Clark
Phil Carey
Phil Cater
Phil Foster
Philippe Noiret
Phillip Andrew
Phillip Jeanmarie
Phoebe Cates
Phoebe Tonkin
Phylicia Rashad
Phyllis Calvert
Phyllis Diller
Phyllis Haver
Phyllis Kirk
Phyllis Smith
Phyllis Thaxter
Pia Zadora
Pier Angeli
Pierce Brosnan
Pierre Fresnay
Pilar Montenegro
Piper Laurie
Piper Perabo
Pippa Haywood
Pola Negri
Polly Bergen
Polly Moran
Poppy Montgomery
Portia de Rossi
Powers Boothe
Predrag Miletic'
Preity Zinta
Priscilla Lane
Priscilla Presley
Prunella Scales
Perette Pradier
Queen Latifah
Rachael Leigh Cook
Rachel Bilson
Rachel Gordon
Rachel Luttrell
Rachel McAdams
Rachel Roberts
Rachel True
Rachel Ward
Rachel Weisz
Rae Dawn Chong
Rafaela Ottiano
Rainbow Sun Francks
Rainn Wilson
Raj Kapoor
Ralph Bellamy
Ralph Fiennes
Ralph Richardson
Randy Harrison
Randy Quaid
Rani Mukherjee
Raquel Welch
Raven
Ray "Crash" Corrigan
Ray Barrett
Ray Bolger
Ray Danton
Ray Liotta
Ray Milland
Ray Romano
Ray Walston
Ray Wise
Raymond Burr
Raymond Massey
Raul Julia
Reba McEntire
Rebecca Callard
Rebecca De Mornay
Rebecca Gayheart
Rebecca Pidgeon
Rebecca Romijn
Red Buttons
Reese Witherspoon
Reggie Rolle
Regina King
Reginald Beckwith
Reika Hashimoto
Reiko Aylesworth
Remo Vinzens
Renate Muller
Rene Auberjonois
Rene Russo
Rene Ray
Renee Adoree
Renee Jones
Renee O'Connor
Renee Zellweger
Rex Allen
Rex Cherryman
Rex Harrison
Reza Kianian
Rhea Perlman
Rhett Fisher
Rhoda Griffis
Rhona Mitra
Rhonda Fleming
Ricardo Cortez
Ricardo Medina
Ricardo Montalban
Richard Anderson
Richard Arlen
Richard Attenborough
Richard Barthelmess
Richard Basehart
Richard Belzer
Richard Benjamin
Richard Beymer
Richard Boone
Richard Burton
Richard Carlson
Richard Chamberlain
Richard Chevolleau
Richard Conte
Richard Crenna
Richard Cromwell
Richard Deacon
Richard Dean Anderson
Richard Dix
Richard Dreyfuss
Richard E. Grant
Richard Egan
Richard Farnsworth
Richard Gere
Richard Greene
Richard Harris
Richard Hylton
Richard Jaeckel
Richard Jenkins
Richard Karn
Richard Kiley
Richard Moll
Richard Mulligan
Richard Quine
Richard Roundtree
Richard Sanders
Richard Schiff
Richard Thomas
Richard Todd
Richard Vernon
Richard Widmark
Richard Yniguez
Richard Yniguez
Rick Schroder
Ricki Lake
Rip Torn
Rita Gam
Rita Hayworth
Rita Johnson
Rita Moreno
Rita Tushingham
Rita Wilson
River Phoenix
Rob Lowe
Rob Morrow
Rob Poynter
Rob Reiner
Robbie Coltrane
Robby Benson
Robert Alda
Robert Armstrong
Robert Ayres
Robert Beatty
Robert Beltran
Robert Benchley
Robert Bentley
Robert Blake
Robert Carlyle
Robert Carradine
Robert Clarke
Robert Conrad
Robert Culp
Robert Cummings
Robert David Hall
Robert De Niro
Robert Donat
Robert Downey Jr.
Robert Floyd
Robert Fuller
Robert Glenister
Robert Goulet
Robert Guillaume
Robert Harron
Robert Hays
Robert Ito
Robert Leeshock
Robert Llewellyn
Robert Loggia
Robert Lowery
Robert McRay
Robert Mitchum
Robert Montgomery
Robert Morley
Robert Morse
Robert Redford
Robert Reed
Robert Shaw
Robert Stack
Robert Taylor
Robert Towne
Robert Urich
Robert Vaughn
Robert Wagner
Robert Young
Roberto Benigni
Robin Askwith
Robin Brockway
Robin Givens
Robin Tunney
Robin Williams
Robin Wright
Robin Wright Penn
Rochelle Hudson
Rock Hudson
Rock Tell
Rocky Marquette
Rod Cameron
Rod Steiger
Rod Taylor
Roddy McDowall
Roger Daltrey
Roger Moore
Roger Velasco
Roma Downey
Romany Malco
Romy Schneider
Ron Howard
Ron Moody
Ron Nummi
Ron Perlman
Ron Rogge
Ron Silver
Rona Anderson
Ronald Colman
Ronald Reagan
Ronnie Barker
Rory Calhoun
Rosalie Crutchley
Rosalind Ivan
Rosalind Russell
Rosamund John
Rosamund Pike
Rosanna Arquette
Rosario Dawson
Roscoe "Fatty" Arbuckle
Rose Falcon
Rose Hobart
Rose Marie
Rose McGowan
Roseanne Barr
Roselyn Sanchez
Rosemary DeCamp
Rosemary Forsyth
Rosemary Lane
Rosie O'Donnell
Rosie Perez
Ross Alexander
Ross Kemp
Rossano Brazzi
Rowan Atkinson
Roxann Dawson
Roy Dupuis
Roy Scheider
Ruby Dee
Ruby Keeler
Ruben Blades
Rudolph Valentino
Rue McClanahan
Rumi Hiiragi
Rupert Grint
Russ Tamblyn
Russell Crowe
Russell Johnson
Russell Lawrence
Rutger Hauer
Ruth Buzzi
Ruth Chatterton
Ruth Donnelly
Ruth Gordon
Ruth Hussey
Ruth Leuwerik
Ruth Roman
Ruth Stonehouse
Ruth Warrick
Ryan Cartwright
Ryan Reynolds
Ryan Stiles
Sabrina
Sabrina Le Beauf
Sabrina Lloyd
Sacha Guitry
Sada Thompson
Sal Mineo
Sally Ann Howes
Sally Blane
Sally Bretton
Sally Eilers
Sally Field
Sally Forrest
Sally Gray
Sally Kellerman
Sally Kirkland
Sally McLean
Sally O'Neil
Salma Hayek
Salman Khan
Sam Anderson
Sam De Grasse
Sam Elliott
Sam Jaffe
Sam Kydd
Sam Neill
Sam Sarpong
Sam Shepard
Sam Wanamaker
Sam Waterson
Sam Waterston
Samantha Eggar
Samantha Tolj
Sammy Jackson
Samuel Gamboa Potter
Samuel L. Jackson
Samuel West
Sanaa Lathan
Sandra Bullock
Sandra Dee
Sandra Dorne
Sandrine Bonnaire
Sandy Dennis
Sara Allgood
Sara Haden
Sarah Alexander
Sarah Baker
Sarah Bernhardt
Sarah Chalke
Sarah Clarke
Sarah Jessica Parker
Sarah Mason
Sarah Michelle Gellar
Sarah Miles
Sarah Parish
Sarah Polley
Sarah Shahi
Sasha Alexander
Sasha Williams
Scarlett Johansson
Scatman Crothers
Scott Baio
Scott Bakula
Scott Brady
Scott Cohen
Scott Glenn
Scott Patterson
Sean Astin
Sean Bean
Sean Connery
Sean Cw Johnson
Sean Eamonn Eagan Mack
Sean Hayes
Sean Patrick Thomas
Sean Penn
Sean Young
Sebastian Cabot
Selena Royle
Selwyn Ward
Senta Berger
Sergio Gutierrez
Sessue Hayakawa
Seth Green
Seth Rogen
Shabana Azmi
Shahrukh Khan
Shanna Moakler
Shannen Doherty
Shannon Elizabeth
Shannon Tweed
Shaquille O'Neal
Sharon Acker
Sharon Duce
Sharon Gless
Sharon Stone
Sharon Tate
Shaun Cassidy
Shawn Wayans
Sheeri Rappaport
Sheila Florance
Sheila MacRae
Sheila McCarthy
Sheila Ryan
Shelley Duvall
Shelley Fabares
Shelley Long
Shelley Morrison
Shelley Winters
Sheree J. Wilson
Sheree North
Sherilyn Fenn
Sheryl Lee
Shevonne Durkin
Shiri Appleby
Shirley Anne Field
Shirley Booth
Shirley Eaton
Shirley Jones
Shirley Knight
Shirley MacLaine
Shirley Temple
Shohreh Aghdashloo
Sid Caesar
Sid James
Sidney Blackmer
Sidney Fox
Sidney Poitier
Sig Arno
Signe Hasso
Sigourney Weaver
Silvana Mangano
Silvana Pampanini
Simone Signoret
Simone Simon
Sinead Cusack
Siobhan Fallon
Siobhan McKenna
Sissy Spacek
Sian Phillips
Skeet Ulrich
Smiley Burnette
Smriti Irani
Snitz Edwards
Soleil Moon Frye
Sondra Locke
Sonia Braga
Sonia Dresdel
Sonja Henie
Sonja Ziemann
Sonny Shroyer
Sonya Smith
Sophia Bush
Sophia Loren
Sophie Daumier
Sophie Marceau
Sorrell Booke
Soundarya
Spencer Tracy
Spring Byington
Stacey Wagner
Stacey Williams
Stanley Baker
Stanley Baxter
Stanley Clements
Stanley Holloway
Stefania Sandrelli
Stefanie Powers
Steffi Duna
Stefka Drolc
Stella Stevens
Stephen Baldwin
Stephen Boyd
Stephen Collins
Stephen Dorff
Stephen Rea
Stephen Saux
Sterling Hayden
Steve Allen
Steve Bacic
Steve Brodie
Steve Buscemi
Steve Byers
Steve Cardenas
Steve Cochran
Steve Guttenberg
Steve Hanneman
Steve Harris
Steve Lorenz
Steve Martin
Steve McQueen
Steve Reeves
Steve Tracy
Steve Whitmire
Steven Seagal
Stockard Channing
Stuart Townsend
Stuart Whitman
Stephane Audran
Suad Husni
Sue Carol
Sue Holderness
Sue Johnston
Summer Glau
Suraiya
Susan Anbeh
Susan Anspach
Susan Blakely
Susan Cabot
Susan Clark
Susan Dey
Susan Egan
Susan George
Susan Hampshire
Susan Hayward
Susan Lucci
Susan Oliver
Susan Olsen
Susan Peters
Susan Saint James
Susan Sarandon
Susan Shaw
Susan Stephen
Susan Strasberg
Susan Sullivan
Susana Gimenez
Susanna Foster
Susannah Harker
Susannah York
Suzanna Leigh
Suzanne Bianchetti
Suzanne Pleshette
Suzanne Somers
Suzy Amis
Suzy Kendall
Suzy Parker
Swoosie Kurtz
Sybil Danning
Sybil Thorndike
Sydne Rome
Sydney Fairbrother
Sydney Greenstreet
Sydney Walker
Sylvester McCoy
Sylvester Stallone
Sylvia Koscina
Sylvia Kristel
Sylvia Lopez
Sylvia Sidney
Sylvia Syms
Takashi Naito
Talia Shire
Tallulah Bankhead
Tamsin Greig
Tamzin Outhwaite
Tania Raymonde
Tanya Roberts
Taran Noah Smith
Taraneh Alidoosti
Tasma Walton
Tatum O'Neal
Tatyana Ali
Tawnya Manion
Taye Diggs
Ted Danson
Ted Knight
Ted Lange
Ted McGinley
Ted Raimi
Telly Savalas
Tembi Locke
Tempestt Bledsoe
Terence Hill
Terence Stamp
Teresa Wright
Teri Garr
Teri Hatcher
Teri Polo
Terry Farrell
Terry Moore
Teryl Rothery
Tessa Peake
Tex Hill
Texas Guinan
Thandie Newton
Thea von Harbou
Theda Bara
Thelma Ritter
Thelma Todd
Theodore Bikel
Theodore Kosloff
Theresa Russell
Therese Giehse
Thomas J. Moore
Thomas Jane
Thora Birch
Thora Hird
Thuy Trang
Tia Carrere
Tia and Tamera Mowry
Tiffani
Tiffani Thiessen
Tige Andrews
Til Schweiger
Tilda Swinton
Tim Allen
Tim Conway
Tim Curry
Tim Holt
Tim Matheson
Tim McCoy
Tim Reid
Tim Robbins
Tim Roth
Timothy Bottoms
Timothy Dalton
Timothy Tricker
Timothy West
Tina Louise
Tippi Hedren
Tisha Campbell
Titina De Filippo
Tobey Maguire
Tobias Moretti
Todd Michael Schwartzman
Tom Adams
Tom Arnold
Tom Baker
Tom Berenger
Tom Bosley
Tom Brown
Tom Conti
Tom Conway
Tom Courtenay
Tom Cruise
Tom Green
Tom Hanks
Tom Hulce
Tom Savini
Tom Selleck
Tom Sizemore
Tom Skerritt
Tom Ward
Tom Welling
Tom Wilkinson
Tom Wopat
Tommy Lee Jones
Tommy Sands
Toni Collette
Tony Curtis
Tony Danza
Tony Randall
Tony Shalhoub
Tony Travis
Topol
Tori Spelling
Torri Higginson
Toshia Mori
Traci Lords
Tracy Lynn Cruz
Tracy Nelson
Tracy Scoggins
Traylor Howard
Trevor Eve
Trevor Howard
Tricia Helfer
Trinidad Silva
Trish Van Devere
Tsuru Aoki
Tuesday Weld
Tupac Shakur
Turhan Bey
Twiggy
Tyne Daly
Tea Leoni
Ulla Jacobsson
Uma Thurman
Una Merkel
Una O'Connor
Ursula Andress
Uta Hagen
Uwe Ochsenknecht
Val Kilmer
Valarie Rae Miller
Valentina Cortese
Valentin Parera
Valeria Golino
Valerie Bertinelli
Valerie Harper
Valerie Hobson
Valerie Perrine
Valerie Querns
Valerie Vernon
Valeska Suratt
Valerie Crunchant
Vampira
Vanessa Angel
Vanessa Anne Hudgens
Vanessa Brown
Vanessa Lengies
Vanessa Redgrave
Vanessa Williams
Veda Ann Borg
Vera
Vera Karalli
Vera Miles
Vera Ralston
Vera Zorina
Verne Troyer
Veronica Cartwright
Veronica Castro
Veronica Hamel
Veronica Hurst
Veronica Lake
Vicki Lawrence
Victor Buono
Victor French
Victor Mature
Victor McLaglen
Victor Sjostrom
Victor Varconi
Victor Wong
Victoria Principal
Victoria Shaw
Victoria Tennant
Victoria Wood
Victoria Wyndham
Vida Hope
Viggo Mortensen
Vilma Banky
Vince Vaughn
Vincent Cassel
Vincent Coleman
Vincent Pagano
Ving Rhames
Viola Dana
Violet Wilkey
Virginia Bruce
Virginia Cherrill
Virginia Christine
Virginia Field
Virginia Gilmore
Virginia Grey
Virginia Hewitt
Virginia Hey
Virginia Madsen
Virginia Mayo
Virginia McKenna
Virginia O'Brien
Virginia Pearson
Virginia Valli
Virginia Weidler
Virna Lisi
Vittorio De Sica
Vittorio Gassman
Viveca Lindfors
Vivian Blaine
Vivian Vance
Viviane Romance
Vivien Leigh
Vivien Merchant
Vola Vale
Von Flores
Vera Korene
Wallace Beery
Wallace Reid
Wallace Shawn
Wally Brown
Walter Brennan
Walter Catlett
Walter Emanuel Jones
Walter Huston
Walter Koenig
Walter Matthau
Walter Pidgeon
Wanda Hendrix
Ward Bond
Warner Baxter
Warner Oland
Warren Beatty
Warren Clarke
Warren Frost
Wayne Brady
Wayne Federman
Wayne Pygram
Wayne Rogers
Welly Yang
Wendell Corey
Wendy Barrie
Wendy Crewson
Wendy Hiller
Wentworth Miller
Wes Bentley
Wesley Snipes
Weston Doty
Whitney Houston
Whoopi Goldberg
Wil Wheaton
Wilfred Brambell
Wilfred Lucas
Will Ferrell
Will Patton
Will Smith
Willa Holland
Willem Dafoe
William 'Billy' Benedict
William Baldwin
William Bendix
William Bishop
William Boyd
William Campbell
William Conrad
William Demarest
William Devane
William Fichtner
William Frawley
William Garwood
William Gillette
William H. Macy
William Haines
William Hartnell
William Hickey
William Holden
William Hurt
William Petersen
William S. Hart
William Shatner
Willie "Ray
Winifred Westover
Winona Ryder
Winston Doty
Wood Harris
Woody Allen
Woody Harrelson
Wynne Gibson
Yakima Canutt
Yaphet Kotto
Yasmine Bleeth
Yoko Tani
Yolanda Donlan
Yootha Joyce
Yu So Chow
Yul Brynner
Yves Montand
Yvette Mimieux
Yvonne Arnaud
Yvonne Catterfeld
Yvonne Craig
Yvonne De Carlo
Yvonne Furneaux
Yvonne Mitchell
Yvonne Printemps
Yvonne Romaine
ZaSu Pitts
Zac Efron
Zach Braff
Zachery Ty Bryan
Zarah Leander
Zeev Revach
Zena Grey
Zena Marshall
Zeppo Marx
Zhang Ziyi
Zhanna Prokhorenko
Zoe Caldwell
Zoe Wanamaker
Zooey Deschanel
Zoe Saldana
Zsa Zsa Gabor
