Aberdare Range
Absaroka Range
Adamello-Presanella
Adirondack Mountains
Ahaggar Mountains
Ahklun Mountains
Akashi Mountains
Alaska Range
Alborz Mountains
Albula Range
Aleutian Range
Allegheny Mountains
Allgau Alps
Alpilles
Alps
Altay Mountains
Amargosa Range
Anadyr Range
Andes
Ankogel Group
Annieopsquotch Mountains
Anti-Lebanon
Anvil Range
Apennines
Appalachian Mountains
Arabian Mountains
Atlas mountains
Backbone Ranges
Baird Mountains
Balkan Mountains
Barisan Range
Basin and Range Province
Bear River Mountains
Beaverhead Mountains
Bendeleben Mountains
Berchtesgaden Alps
Bergamo Alps
Bernese Alps
Bernina Range
Beskidy Mountains
Bieszczady Mountains
Big Salmon Range
Bighorn Mountains
Bismarck Range
Bitterroot Range
Black Hills
Blue Mountains
Blue Mountains
Blue Mountains
Blue Ridge
Bonnet Plume Range
Boston Mountains
Boulder Mountains
Boulder Mountains
Brabazon Range
Brenta Group
Bridger Mountains
Bridger Range
British Mountains
Brooks Range
Cabinet Mountains
Cairngorms
Cantabrian Mountains
Canyon Ranges
Caraballo
Cariboo Mountains
Carnic Alps
Carpathian Mountains
Cascade Mountains
Cascade Range
Cassiar Mountains
Castle Mountains
Catskill Mountains
Caucasus
Caucasus
Central Eastern Alps
Central Mountain Range
Cherangany Hills
Cherskiy Range
Chichinautzin
Chilkat Range
Chin Hills
Chugach Mountains
Coast Mountains
Coeur D'Alene Mountains
Columbia Mountains
Columbia Plateau
Cordilla de Perija
Cordillera Blanca
Cordillera Central
Cordillera Central of Peru
Cordillera de la Costa
Cordillera de Lipez
Cordillera de Merida
Cordillera Domeyko
Cordillera Negra
Cordillera Occidental of Colombia
Cordillera Occidental of Peru
Cordillera Oriental of Colombia
Cordillera Oriental of Peru
Cordillera Real
Cordillera Real
Cordon del Plata
Coso Range
Cottian Alps
Crazy Mountains
Crocker Range
Dachstein
Darby Mountains
Dauphine Alps
Davidson Mountains
Defereggen Mountains
DeLong Mountains
Dentelles de Montmirail
Diablo Range
Dinaric Alps
Dolomites
Drakensberg Mountains
Dzhugdzhur Mountains
East Humboldt Range
Eastern Alps
Eastern Ghats
Eje Volcanico Transversal
Elburz Mountains
Elkhorn Mountains
Endicott Mountains
Endless Mountains
Ennstal Alps
Fairweather Range
Flathead Range
Flinders Ranges
Franklin Mountains
Franklin Mountains
Front Range of the Rockies
Gallatin Range
Garnet Range
Glarus Alps
Glenyon Range
Glockner Group
Goldberg Group
Graian Alps
Gran Paradiso
Granatspitz Group
Granite Mountains
Granite Range
Great Dividing Range
Great Smoky Mountains
Greater Khingan
Green Mountains
Green Mountains
Gross Ventre Range
Guadalupe Mountains
Gunflint Range
Gydan Mountains
Hafner Group
Hamersley Range
Harz
Henry Mountains
Hess Mountains
Hida Mountains
Himalaya
Hindu Kush
Hohe Tauern
Japanese Alps
John Long Mountains
Jotunheimen
Julian Alps
Jura mountains
Kaiyuh Mountains
Kamnik Alps
Karakoram
Karawanken
Karelides
Karwendel
Kaumajet Mountains
Kenai Mountains
Kettle River Range
Khingan Mountains
Kiglapait Mountains
Kigluaik Mountains
Kilbuck Mountains
Kirthar Mountains range
Kiso Mountains
Kitzbuhel Alps
Klamath Mountains
Kluane Ranges
Knorr Range
Koryak Mountains
Kreuzeck Group
Krkonose
Kunlun Mountains
Kurai Mountains
Kuskokwim Mountains
La Salle Mountains
Lake Range
Laramie Mountains
Laurentian Mountains
Lechtal Alps
Lemhi Range
Lepontine Alps
Lesser Khingan
Lewis Hills
Lewis Range
Ligurian Alps
Livigno Range
Livingston Range
Logan Mountains
Long Range Mountains
MacDonald Range
MacDonnell Ranges
Macin Mountains
Mackenzie Mountains
Madison Range
Manzano Mountains
Maritime Alps
Maya Mountains
Mentasta Mountains
Monashee Mountains
Mont Blanc Group
Montes Agricola
Montes Alpes
Montes Apenninus
Montes Archimedes
Montes Carpatus
Montes Caucasus
Montes Cordillera
Montes Haemus
Montes Harbinger
Montes Jura
Montes Pyrenaeus
Montes Recti
Montes Riphaeus
Montes Rook
Montes Secchi
Montes Spitzbergen
Montes Taurus
Montes Teneriffe
Mosquito Range
Nadaleen Range
New Guinea Highlands
Niedere Tauern
North-Eastern Swiss Alps
Northern Limestone Alps
Notre Dame Mountains
Nulato Hills
Nutzotin Mountains
Oberhalbstein Range
Ogilvie Mountains
Okanogan Range
Olympic Mountains
Oquirrh Mountains
Ore Mountains
Organ Mountains
Ortiz Mountains
Ortler Alps
otztal Alps
Ouachita Mountains
Owen Stanley Range
Owl Creek Mountains
Ozark Mountains
Pacific Coast Ranges
Pakaraima Mountains
Pamir Mountains
Panamint Range
Pegunungan Maoke
Pelly Mountains
Peninsular Ranges
Pennine Alps
Pennines
Percell Mountains
Phillip Smith Mountains
Pindus Mountains
Pioneer Mountains
Pirin
Plessur Range
Pryor Mountains
Purcell Mountains
Purcell Mountains
Pyrenees
Queen Maud Range
Ramapo Mountains
Ratikon
Rhaetian Alps
Rhodope Mountains
Rhon Mountains
Richardson Mountains
Ridge-and-valley Appalachians
Rieserferner Group
Rila
Robinson Mountains
Rocky Mountains
Romanzof Mountains
Ruby Mountains
Sacramento Mountains
Safed Koh
Saint Elias Mountains
Salish Mountains
Salmon River Mountains
Salmon River Mountains
Salt Range
Salt River Range
Samnaun Alps
San Francisco Peaks
San Gabriel Mountains
San Juan Mountains
Sandia Mountains
Sangre de Cristo Mountains
Santa Cruz Mountains
Santa Lucia Mountains
Santa Monica Mountains
Santa Susana Mountains
Savoie Alps
Sawatch Range
Sawtooth Range
Sayan Mountains
Scandinavian Mountains
Schell Creek Range
Schober Group
Schwatka Mountains
Selkirk Mountains
Selwyn Mountains
Serra da Mantiqueira
Serra do Mar
Sesvenna Range
Seward Peninsula
Shawangunk Ridge
Sheep Range
Shoshone Range
Shoshone Range
Shubelik Mountains
Sierra de Cordoba
Sierra de la Ventana
Sierra de los Comechingones
Sierra de San Luis
Sierra del Ajusco
Sierra Madre
Sierra Madre del Sur
Sierra Madre Mountains
Sierra Madre Occidental
Sierra Madre Oriental
Sierra Morena
Sierra Nevada
Sierras de Tandil
Sikhote Alin Mountains
Silvretta
Sir Winston Churchill Range
Siskiyou Mountains
Sistema Betico
Sistema Central
Sistema Iberico
Sistema Penibetico
Snake Range
Snowy Mountains
Snowy Range
Sombre Mountains
Southern Alps
Southern Limestone Alps
Spring Mountains
St. Cyr Range
Stanovoi Range
Star Mountains
Stubai Alps
Sudeten
Sudirman Range
Sulaiman Mountains
sumava
Superstition Mountains
Sutter Buttes
Svecofennides
Swan Range
Talkeetna Mountains
Tatra Mountains
Taurus Mountains
Taylor Mountains
Tenmile Range
Teton Range
Thurnwald Range
Tian Shan
Titiwangsa Mountains
Toba Kakar Range
Tobacco Root Mountains
Toiyabe Range
Torngat Mountains
Totes Gebirge
Transverse Ranges
Transylvanian Alps
Tux Alps
Uinta Mountains
United States Range
Ural Mountains
Ural Mountains
Uri Alps
Uwharrie Mountains
Vanoise
Venediger Group
Verkhoyansk Mountains
Verwall Alps
Virunga Mountains
Vogelsberg Mountains
Vosges mountains
Wallowa Mountains
Waring Mountains
Wasatch Range
Wernecke Mountains
West Humboldt Range
Western Alps
Western Australia Mountains
Western Ghats
Wetterstein
White Mountains
White Mountains
White Mountains
White Mountains
Whitefish Range
Wicklow Mountains
Wilden Kaiser
Wind River Range
Wolf Mountains
Wrangell Mountains
Wyoming Range
Yablonoi Mountains
York Mountains
Zagros Mountains
Zillertal Alps
