A.R. Gurney
Aaron Sorkin
Abraham Dov Ber Gottlober
Abraham Haim Lipke Goldfaden
Adam De La Halle
Adam Rapp
Adolf Von Wilbrandt
Aeschylus
Agatha Christie
Agathon
Agnes Walsh
Alan Ayckbourn
Alan Bennett
Alan Berks
Alan Foster Friedman
Alan Gross
Albert Camus
Alberto Casella
Alejandro Casona
Alejandro Rodriguez Alvarez
Aleksander Fredro
Aleksandr Aleksandrovich Blok
Aleksandr Nikolayevich Afinogenov
Aleksei Nikolaevich Arbuzov
Alex Dremann
Alexander Kluge
Alexander Pushkin
Alexander Vampilov
Alexandre Arnoux
Alexandre Dumas
Alfred Brust
Alfred Capus
Alfred Jarry
Alfred Sutro
Alfred Uhry
Alice Caroline
Alice Gerstenberg
Allan Stewart Konigsberg
Almir Imsirevic
Alonso AlegriA
Alphonse Daudet
Alvaro Cubillo De Aragon
Ama Ata Aidoo
Amy Fox
Andre Birabeau
Andreas Gryphius
Andrei Alekseevich Amalrik
Andrew Cherry
Angelo Ambrogini
Angelo Beolco
Angelo Parra
Anna Deavere Smith
Annibale Caro
Anthony Neilson
Anthony Shaffer
Anton Francesco Grazzini
Anton Pavlovich Chekhov
Antonin Artaud
Antonio Buero Vallejo
Antonio Coello Y Ochoa
Antonio Fogazzaro
Antonio GarciA Gutierrez
Antonio Gil Y Zarate
AntoN Arrufat
Aphra Behn
April De Angelis
Ariel Dorfman
Ariel Pytrell
Aristophanes
Arkady Timofeevich Averchenko
Armand Gatti
Arno Schmidt
Arnold Bennett
Arnold Wesker
Arnolt Bronnen
Arthur Adamov
Arthur Arent
Arthur Miller
Arthur Schnitzler
Arthur Wing Pinero
Athol Fugard
Aubignac
August Blanche
August Stramm
August Strindberg
August Von Kotzebue
August Wilson
Augustin Daly
Augusto Boal
Bahram Bayzaee
Barbu Delavrancea
Baron Joseph Von Eichendorff
Bartley Campbell
Bartolome De Torres Naharro
Ben Jonson
Benjamin Yeoh
Bernard J. Taylor
Bernard Kops
Bernard Slade
Bernardo Dovizio Da Bibbiena
Bertolt Brecht
Beth Henley
Bianca Bagatourian
Biljana Srbljanovic
Billy Van Zandt
Bjornstjerne Bjornson
Bob Jude Ferrante
Botho Strauss
Brad Erickson
Brendan Behan
Brian Friel
Bruce Jay Friedman
Bruno Frank
Camillo Antona
Cao Yu
Caridad Svich
Carl Zuckmayer
Carlo Bertolazzi
Carlo Goldoni
Carlo Gozzi
Carlo Maria Maggi
Carlos Arniches Y Barrera
Carlos Canales
Carlos Von Son
Caryl Churchill
Casimir
Charles Gordone
Charles L. Mee
Charles Ludlam
Charles RivieRe Dufresny
Charles Smith
Charles Wood
Charlotte Charke
Chay Yew
Chikamatsu Monzaemon
Christian Dietrich Grabbe
Christine BruCkner
Christoph Gahl
Christopher Durang
Christopher Fry
Christopher John
Christopher Marlowe
Clare Boothe
Clare Boothe Luce
Clemence Dane
Clifford Bax
Clifford Odets
Clyde Fitch
Colley Cibber
Colorado Tolston
Craig Lucas
Craig Walker
Curt Goetz
D Underbelly
Dale Wasserman
Dan Fenton
Dan O'Brien
Daniel Call
Darcy Hogan
Dario Fo
David Auburn
David Belasco
David Campton
David Edgar
David French
David Garrick
David Gieselmann
David Greig
David Hare
David Ives
David Lindsay
David Mamet
David Marshall Grant
David Mercer
David Rabe
David Rudkin
David Sedaris
David Storey
David W. Christner
David Williamson
Del Shores
Demetrio Aguilera
Denis Amiel
Denis Diderot
Denis Ivanovich Fonvizin
Denis Johnston
Derek Alan Fuzzell
Derek Walcott
Diego Fabbri
Dion Boucicault
Donald Margulies
Donato Giannotti
Dorothy Hewett
Douglas William Jerrold
Duke Of Buckingham
Duncan Graham
Dusty Hughes
E. E. Cummings
Earl Of Dorset
Ed Graczyk
Edme Boursault
Edmond Rostand
Edna Ferber
Edouard Bourdet
Eduardo De Filippo
Edward Albee
Edward Bond
Edward Bullins
Edward Bulwer
Edward Crosby Wells
Edward Sheldon
Elfriede Jelinek
Elias Canetti
Elke Geurts
Ellen Mclaughlin
Else Lasker
Emile Augier
Emile Fabre
Emile Zola
Emlyn Williams
Enid Bagnold
Enrico Annibale Butti
Enrico Bassano
Enrico Cavacchioli
Eric Bogosian
Erich Fried
Erik Ehn
Ernest Thompson
Ernst Barlach
Ernst Hardt
Ernst Toller
Erwin Riess
Esther Gerritsen
Etienne Aignan
Eugene O'Neill
EugeNe Brieux
EugeNe Ionesco
Euripides
Eve Ensler
Ewan Maccoll
Federico Della Valle
Federico GarciA Lorca
Felix Morisseau
Feo Belcari
Ferdinand Bruckner
Ferdinand Raimund
Ferdinando Galiani
Fernand Crommelynck
Fernando Arrabal
Florencio Sanchez
Florent Carton Dancourt
Frances Goodrich
Francesco Augusto Bon
Francis Beaumont
Francis De Croisset
Francisco Antonio Bances Y LoPez
Francisco Arrivi
Franco Ambriz Brooklyn
Frank D. Gilroy
Frank Mcguinness
Frank Wedekind
Franz Fuehmann
Franz Grillparzer
Franz Theodor Csokor
Franz Werfel
Franz Xaver Kroetz
FrancOis Billetdoux
FrancOis Coppee
FrancOis De Curel
Frawley Becker
Fred Harvey
Frederic Lansing Day
Frederick Knott
Friederike Roth
Friedrich DuRrenmatt
Friedrich Forster
Friedrich Hebbel
Friedrich Maximilian Klinger
Friedrich Schiller
Fritz Hochwaelder
Gabriel Barylli
Gabriela Zapolska
Gabriele D'Annunzio
Gaston De Caillavet
Georg BuChner
Georg Kaiser
George Abbott
George Ade
George Axelrod
George Bernard Shaw
George Chapman
George Colman The Elder
George Dalton
George Etherege
George F. Walker
George Farquhar
George Fitzmaurice
George Gascoigne
George Gordon Byron
George H. Boker
George L. Aiken
George M. Cohan
George Macropedius
George Pierce Baker
George S. Kaufman
George Shiels
George Tabori
Georges Arnaud
Georges Berr
Georges Courteline
Georges Feydeau
Gerbrand Adriaensz. Bredero
Gergely CsiKy
Gerhart Hauptmann
Gerlinde Obermeier
Gherardo Gherardi
Giambattista Della Porta
Giambattista Giraldi Cinthio
Giannino Antona
Gigio Artemio Giancarli
Gil Vicente
Giordano Bruno
Giovan Maria Cecchi
Giovanni Battista Cini
Giovanni Giraud
Girish Karnad
Girolamo Bargagli
Giuseppe Baffico
Giuseppe Giacosa
Gottfried Benn
Gotthold Ephraim Lessing
Graham Greene
Gratien Gelinas
Guillaume Apollinaire
Guillen De Castro Y Bellvis
Gundi Ellert
Gustav Freytag
Gustave Flaubert
GuNter Eich
GuNter Grass
Hall Caine
Han Ong
Hanif Kureishi
Hans Chlumberg
Hans Magnus Enzensberger
Hans Sachs
Harley Granville
Harold Brighouse
Harold Pinter
Harry Cohen
Haseena Moin
Heiner MuLler
Heinrich Leopold Wagner
Heinrich Von Kleist
Heinrich Wilhelm Von Gerstenberg
Helmut Krausser
Henri Bataille
Henri Duvernois
Henri Gheon
Henrik Ibsen
Henry Becque
Henry Bernstein
Henry Fielding
Henry James Byron
Henry Taylor
Herbert Achternbusch
Hermann Bahr
Hermann Broch
Hjalmar Bergman
Honore De Balzac
Horton Foote
Howard Barker
Howard Brenton
Hroswitha Of Gandersheim
Hugo Von Hofmannsthal
Imamu Amiri Baraka
Ingeborg Bachmann
Innokenty Fyodorovich Annensky
Ion Luca Caragiale
Ira Levin
Isaac Bickerstaffe
Isaak Emmanuilovich Babel
Itamar Moses
Ivan Goll
J. B. Priestley
J. M. Barrie
Jacinto Benavente
Jacinto Grau Delgado
Jack Davis
Jack Gelber
Jack Rosenthal
Jacob Ayrer
Jacob Gordin
Jacques Audiberti
Jacques Bouralan
Jacques Copeau
Jacques Deval
Jakob Michael Reinhold Lenz
James Albery
James Baldwin
James Bridie
James Elroy Flecker
James Goldman
James Joyce
James Nelson Barker
James Reaney
Jane Anderson
Jay Presson Allen
Jean Anouilh
Jean BellemeRe
Jean Bernard
Jean Cocteau
Jean Desmaretz De Saint
Jean Dutourd
Jean Genet
Jean Giono
Jean Giraudoux
Jean Racine
Jean Tardieu
Jeff Baron
Jeffrey Hatcher
Jeffrey Sweet
Jeremy Gable
Jerome Chodorov
Jim Cartwright
Jim Grover
JoaquiN Calvo
JoaquiN Dicenta Y Benedicto
Joe Dipietro
Joe Orton
Joel Gersmann
Johann Christoph Gottsched
Johann Nestroy
Johann Wolfgang Von Goethe
John Arden
John B. Keane
John Bale
John Bowen
John Burkhardt
John Colton
John Crowne
John Drinkwater
John Dryden
John Fletcher
John Ford
John Galsworthy
John Gay
John Godber
John Guare
John Lloyd Balderston
John Millington Synge
John Mortimer
John Osborne
John Patrick
John Patrick Shanley
John Vanbrugh
John Webster
John Whiting
John William Van Druten
Jonathan Harvey
Jonathan Marc Sherman
Jonathon Larson
Jorg Graser
Jorge Andrade
Jose Antonio Gimenez Arnau Y Gran
Jose De CanIzares
Jose Echegaray
Jose Zorrilla
Jose Zorrilla Y Moral
Joseph Addison
Joseph Fields
Joseph Kesselring
Juan Bautista Diamante
Juan De La Cueva
Juan Del Encina
Juan Ruiz De AlarcoN Y Mendoza
Judith Thompson
Jules Eckert Goodman
Jules Feiffer
Julien Green
Jurek Becker
Justin Fleming
JuRgen Becker
Kaj Munk
Kalidasa
Karel C
Karl Ferdinand Gutzkow
Karl Konig
Karl Kraus
Katharina Gericke
Kathie Lee Gifford
Keith Waterhouse
Ken Ludwig
Kenneth G. Ross
Kenneth Lonergan
Kent R. Brown
Kermi Goell
Ketti Frings
Kjeld Abell
Klaus Chatten
Klaus Mann
Kurt Besci
Kurt Tucholsky
L. Frank Baum
Lady Augusta Gregory
Landen Gessell
Lanford Wilson
Langston Hughes
Larry Shue
Lars Forssell
Leandro Fernandez De MoratiN
Lennox Robinson
Leo Ferrero
Leonhard Frank
Leonid Andreyev
Leopold Ahlsen
Leslie Ayvazian
Lewis Black
Lillian Hellman
Lilly Axster
Lion Feuchtwanger
Lord Dunsany
Lorraine Hansberry
Louis Carette
Louis O. Coxe
Lucas Fernandez
Lucien Besnard
Lucien Descaves
Lucille Fletcher
Lucius Livius Andronicus
Ludovico Ariosto
Ludovico Dolce
Ludvig Holberg
Ludwig Anzengruber
Ludwig Fels
Ludwig Tieck
Luigi Capuana
Luigi Chiarelli
Luigi Pirandello
Luis De Belmonte Y BermuDez
Luis Fernandez ArdaviN
Lutz Rathenow
Lydia R. Diamond
Lynn Nottage
Madge Dishman
Manuel BretoN De Los Herreros
Manuel Jose Arce
Marc Blitzstein
Marc Camoletti
Marc Connelly
Marc Dunn
Marcel Achard
Marcel Ayme
Marcel Dube
Margaret Edson
Marguerite Duras
Maria Irene Fornes
Marieluise Fleisser
Marin Drzic
Marius Von Mayenburg
Mark Medoff
Marsha L. Grant
Marsha Norman
Mart Crowley
Martin Flavin
Martin Mcdonagh
Martin Walser
Mary Coyle Chase
Massimo Bontempelli
Maureen Hunter
Maurice Donnay
Max Brod
Max Frisch
Maxim Gorky
Maximo Aviles
Maxwell Anderson
Melvyn Morrow
Menander
Merrill Denison
Michael Cook
Michael Cristofer
Michael Drayton
Michael Fackelmann
Michael Frayn
Michael J Starr
Michael Maclennan
Michael O'Brien
Michael V. Gazzo
Michel De Ghelderode
Michelangelo Buonarotti
Miguel De Cervantes
Mike Bartlett
Mikhail Afanasyevich Bulgakov
Miles Tredinnick
Mohan Rakesh
Moises Kaufman
MolieRe
Monica Malek
Moss Hart
Mulat Ayalneh
Naomi Wallace
Natalie Gaupp
Nathan Bruhn
Nathan Field
Neil Labute
Neil Simon
Nell Dunn
Nell Leyshon
Nelly Sachs
Nestor Kukolnik
Nicholas Udall
Nick Enright
Nicolas Fernandez De MoratiN
Nigel Heseltine
Nikolay Vasilyevich Gogol
Nilo Cruz
Noel Coward
Ntozake Shange
Octave Mirbeau
Odon Von Horvath
Oliver Bukowski
Oliver Goldsmith
Olympe De Gouges
Orl Unho
Oscar Wilde
Oskar Braaten
Oskar Kokoschka
Ossie Davis
Otto Ludwig
Owen Davis
P. J. Chapsky
Paddy Chayefsky
Padraic Colum
Paolo Ferrari
Paolo Giacometti
Partap Sharma
Patrick SuSkind
Paul Claudel
Paul Ernst
Paul Geraldy
Paul Green
Paul Rudnick
Paul Vincent Carroll
Paul Zindel
Paula Vogel
Pedro CalderoN De La Barca
Peter Barnes
Peter Basch
Peter Hacks
Peter Handke
Peter Nichols
Peter Oswald
Peter Shaffer
Peter Weiss
Peter Whelan
Philip Ayckbourn
Philip Barry
Philip Dunning
Philippe Nericault Destouches
Philippe Quinault
Pierre Barillet
Pierre Corneille
Pierre De Beaumarchais
Pierre De Marivaux
Pierre Du Ryer
Pietro Aretino
Pietro Cossa
Plautus
Preston Sturges
Prince Hoare
Prosper Jolyot De Crebillon
R. C. Sherriff
Rachel Crothers
Rafael Alberti
Rainer Maria Rilke
Rainer Werner Fassbinder
RamoN De La Cruz
Ray Cooney
Reinhard Goering
Reinhard Lettau
Rene Fauchois
Richard Beer
Richard Billinger
Richard Brinsley Sheridan
Richard Brome
Richard Cumberland
Richard Greenberg
Richard Nelson
Rick Fonte
Rob Shearman
Robert Bolt
Robert Browning
Robert De Flers
Robert E. Sherwood
Robert Garnier
Robert Greene
Robert Montgomery Bird
Robert Musil
Robert Schenkkan
Robert Taylor Conrad
Robert W. Anderson
Robert Walser
Roberto Arlt
Roberto Bracco
Robertson Davies
Rodolfo Usigli
Roger Ferdinand
Roger Iverson
Roger Martin Du Gard
Rolf Hochhuth
Romain Coolus
Romulus Linney
Ron Schnitzius
Ron Sparks
Rosie Malek
Roxann Dawson
Rudolph Besier
Rupert Holmes
Russel Crouse
Ruth And Augustus Goetz
Ruth Gordon
Ruth Hale
S. Ansky
S. N. Behrman
Saadallah Wannous
Sacha Guitry
Sally Mclean
Salvatore Di Giacomo
Sam Shepard
Samuel Beckett
Samuel Foote
Samuel Taylor
Sarah Kane
Sarah Ruhl
Saunders Lewis
Sean Muir
Sean O'Casey
Sem Benelli
Seneca The Younger
Serafin And Joaquin Alvarez Quintero
Sharon Pollock
Shelagh Delaney
Shelagh Stephenson
Sholem Asch
Sidney Howard
Sidney Kingsley
Sieur De Bigot
Silvio Giovaninetti
Simon Gantillon
Simon Gray
Solomon Ettinger
Sophocles
St. John Ervine
Stanis?Aw Ignacy Witkiewicz
Stanis?Aw Przybyszewski
Stefan Andres
Stefan Zweig
Stephen Currens
Stephen Lowe
Steven Dietz
Stig Dagerman
Stuart Draper
Sugathapala De Silva
Susan Glaspell
Susannah Centlivre
Suzan
Suzanne Bradbeer
T. James Belich
T. S. Eliot
Tankred Dorst
Tennessee Williams
Terence
Terence Rattigan
Terrence Mcnally
Terry Baum
Terry Johnson
Theodore De Banville
Thomas Brasch
Thomas Corneille
Thomas Dekker
Thomas Kilroy
Thomas Kyd
Thomas Middleton
Thornton Wilder
Tian Han
Timberlake Wertenbaker
Tina Howe
Todd Bash
Todd Faulkenberry
Tom Griffin
Tom Stoppard
Tommy Murphy
Tony Dimurro
Tony Kushner
Trevor Griffiths
Tristan Bernard
Tyler Perry
Ugo Betti
Ugo Foscolo
Ulrich Becher
Ulrich Plenzdorf
Vaclav Havel
Vaclav Kliment Klicpera
Valentino Bompiani
Vasile Alecsandri
Vasily Pavlovich Aksyonov
Veza Canetti
Vicente Antonio GarciA De La Huerta
Victor Hugo
Vijay Tendulkar
Vincenzo Giusti
Vitaliano Brancati
Vittorio Alfieri
Vladimir Mayakovsky
Volker Braun
W. H. Auden
W. S. Gilbert
Waldfried Burggraf
Wallace Shawn
Walter Hasenclever
Warren Bowles
Wendy Belden
Wendy Macleod
Wendy Wasserstein
Werner Aspenstrom
Werner Schwab
Will Eno
Will Power
William Alfred
William Archibald
William Boyle
William Butler Yeats
William Congreve
William Davenant
William Dunlap
William Gibson
William Gillette
William Hanley
William Inge
William Marchant
William Nicholson
William Saroyan
William Shakespeare
William Somerset Maugham
William Wycherley
Willy Millowitsch
Willy Russell
Witold Gombrowicz
Wole Soyinka
Wolfgang Bauer
Wolfgang Borchert
Wolfgang Hildesheimer
Yasmina Reza
Zillur Rahman John
Zoe Akins
Zona Gale
