Abbess
Abbot
Accountant
Acoustical Scientist
Actor
Actuary
Administrator
Advocate
Aerospace engineer
Agent
Agrarian
Agrologist
Agronomist
Air traffic controller
Airman
Alchemist
Alderman
Alewyfe
Almoner
Ambassador
Analyst
Anesthesiologist
Animal trainer
Anthropologist
Antique dealer
Apiarist
Arbiter
Arbitrator
Arborist
Archaeologist
Archbishop
Archer
Architect
Archivist
Armourer
Art director
Art therapist
Artist
Arts Manager
Assassin
Assayer
Assessor
Astrologer
Astronaut
Astronomer
Astrophysicist
Athlete
Attorney at law
Au pair
Auditor
Author
Aviator
Background artist
Bacteriologist
Bagger
Bailiff
Baker
Balancemaker
Balloonist
Bandit
Banker
Barber
Bard
Bargeman
Barista
Barkeeper
Barker
Barmaid
Barman
Bartender
Basinbeater
Basket maker
Bather
Beader
Beadle
Beautician
Beekeeper
Beggar
Bellfounder
Bellmaker
Biographer
Biologist
Biomedical Scientist
Bishop
Blacksmith
BMS
Boatbuilder
Boatman
Boatswain
Boatwright
Bodger
Bodyguard
Bondbroker
Bonecarver
Bookbinder
Bookkeeper
Bookseller
Bowyer
Brewer
Brickbaker
Bricker 
Bricklayer
Brickmaker
Broker
Bronzefounder
Brushbinder
Budget Analyst
Builder
Bureaucrat
Burglar
Business analyst
Business owner
Busker
Butcher
Butler
Cab driver
Cabinet-maker
Caddy
Calligrapher
Cameraman
Canaller
Cannoneer
Capper
Captain
Cardinal
Cardiologist
Carpenter
Cartographer
Cartoonist
Cartwright
Carver
Cashier
Cellist
Censor
CEO
Certified Public Accountant
CFO
Chairman and President of the Board
Chairman and President of the School Board
Chamberlain
Chancellor
Chandler
Chaplain
Chapman
Cheesemaker
Chef
Chemical engineer
Chemist
Chicken sexer
Chief Executive Officer
Chief Financial Officer
Chief of Police
Chimney-sweeper
Chiropodist
Choreographer
Circuit preacher
Civil engineer
Civil servant
Clarinettist
Cleaning staff
Clergy
Clergymen
Clerk
Clockmaker
Clothier
Clown
Coach
Coachmaker
Coachman
Coast guard
Cobbler
Cofferer
College President
Combmaker
Comedian
Compasssmith
Composer
Computer engineer
Computer programmer
Conductor
Confectioner
Conferencier
Constable
Construction worker
Consul
Consultant
Controller
Cook
Cooper
Coppersmith
Copyist
Copywriter
Cordwainer
Coroner
Corporate executive officer
Corporate librarian
Corrector
Correspondent
Cosmetologist
Cosmonaut
Costermonger
Courier
Court jester
Cowboy
Cowherd
CPA
Crafter
Crammer
Crier
Crofter
Crossbowyer
Cryptanalyst
Cryptographer
Cryptologist
Cuillerer
Culinary cooker
Curator
Currier
Custodian
Customs officer
Cutler
Dancer
Dentist
Deputy
Designer
Detective
Dictator
Dietician
Diplomat
Director
Disc jockey
Dishwasher
Dispatcher
Distiller
Ditcher
Diver
Dock labourer
Doctor
Doctor of Chiropractic
Documentalist
Dogcatcher
Dominatrix
Doorman
Dramatist
Draper
Drayman
Dressmaker
Dressman
Drill instructor
Driver
Drummer
Drycooper
Drywaller
Dustman
Dyer
Economist
Editor
Educationalist
Electrical engineer
Electrician
Elevator girl
Embalmer
Embroiderer
Embryologist
Emergency Manager
Engine fitter
Engine-driver
Engineer
Engraver
Entertainer
Entomologist
Entrepreneuer
Entrepreneur
Environmental scientist
Ergonomists
Estate Agent
Ethnologist
Ethologist
Etymologist
Evangelist
Examiner
Exchequer
Executioner
Executive
Executor
Exotic dancer
Explorer
Expressman
Exterminator
Fabricshearer
Factory worker
Falconer
Farmer
Farrier
Fashion designer
FBI Agent
Fellmonger
Feltmaker
Fence
Ferryman
Film director
Film producer
Financial Advisor
Financial Analyst
Financial manager
Financial Planner
Financier
Fire officer
Firefighter
Fisherman
Fishmonger
Fitter
Flautist
Flavorist
Fletcher
Flight attendant
Flight engineer
Flight instructor
Flight technician
Floor manager
Florist
Fluffer
Flutist
Footballer
Footman
Forester
Fortune-teller
Fowler
Fraudster
Friar
Fruiterer
Furbisher
Furrier
Fuster
Game show host
Garbage collector
Garbler
Gardener
Gate-keeper
Geisha
Gemcutter
Genealogist
General
Geographer
Geologist
Geometer
Geophysicist
Gigolo
Gladiator
Glazier
Glover
Goatherd
Gofer
Goldsmith
Gondolier
Governess
Government agent
Governor
Grammarian
Graphic artist
Gravedigger
Greengrocer
Grenadier
Grinder
Grocer
Groom
Guard
Guide
Guitarist
Gunsmith
Gunstocker
Guru
Gynecologist
Haberdasher
Hairdesser
Harnessmaker
Harper
Hatter
Hawker
Hayward
Headmaster
Headmistress
Healthcare Scientist
Heaumer
Herald
Herbalist
Herder
Historian
Hornere
Hosier
Hostess
Hotelier
House painter
Housewife
Hunter
Hydraulic engineer
Hypnotist
Illuminator
Illusionist
Illustrator
Imam
Impersonator
Importer
Industrial designer
Industrial engineer
Industrialist
Information Technologist
Inker
Innkeeper
Instructor
Instrumentmaker 
Insurer
Intelligence officer
Interior designer
Internist
Interpreter
Interrogator
Inventor
Investment Analysts
Investment Banker
Investment Broker
Invigilator
Ironmaster
Ironmonger
Jailer
Jeweler
Jockey
Joiner
Journalist
Judge
Juggler
Jurist
Kinesiologist
King
Knifegrinder
Knifesmith
Knight
Laboratory worker
Ladeler
Lady-in-waiting
Lamplighter
Landlady
Landlord
Lanternmaker
Latener
Lauderer
Laundress
Lavendar
Law enforcement agent
Lawyer
Leadworker
Learning mentor
Leatherer
Lecturer
Lens grinder
Librarian
Librettist
Lifeguard
Lighthouse-keeper
Lighting technician
Limner
Linesman
Linguist
Linkman
Loan officer
Locksmith
Lord Chamberlain
Loriner
Lorist
Lumberjack
Lyricist
Macer
Magician
Magistrate
Maid
Mailmaker
Mailman or Mail carrier
Makeup artist
Management Analyst
Management Consultant
Manager
Manicure
Manicurist
Manservant
Manual therapist
Manufacturer
Marbler
Marine
Market gardener
Marketer
Marketing Director
Marketing Manager
Marksman
Marshal
Martial artist
Martial Arts Instructor
Mason
Masseur
Masseuse
Master of hounds
Matador
Materials engineer
Mathematician
Matron
Mayor
Mechanic
Mechanical engineer
Mechanician
Mediator
Medic
Medical Representative
Medical Technologist
Medical Transcriptionist
Mercenary
Mercer
Merchant
Mesmerist
Messenger
Meteorologist
Microbiologist
Midwife
Military leader
Milkmaid
Milkman
Miller
Miner
Minister
Minister
Mintmaster
Mirrorer
Missionary
Model
Moldmaker
Molecatcher
Moneychanger
Moneylender
Monk
Moonlighter
Mortagager
Mortician
Mouldmaker
Music director
Musician
Mutual fund analyst
Mutual fund managers
Nailor
Nanny
Navigator
Needler
Negociant
Negotiator
Netmaker
Ninja
Notary
Numerologist
Nun
Nurse
Nursemaid
Oboist
Obstetrician
Occupational therapist
Odontologist
Oilpresser
Operator
Ophthalmologist
Optician 
Optometrist
Oracle
Organist
Organizer
Ornithologist
Orthodontist
Orthopaedist
Ostler
Otorhinolaryngologist
Painter
Paleoseismologist
Paperer
Paramedic
Parchmenter
Pardoner
Pargeter
Park ranger
Parker
Party-leader
Pasteler
Pastor
Patent attorney
Patent clerk
Pathologist
Pavior
Paviour
Pawnbroker
Peddlar
Pediatrician
Pedologist 
Pedology 
Pepperer
Percussionist
Personal trainer
Pewterer
Pharmacist
Philanthropist
Philologist
Philosopher
Photographer
Physical therapist
Physician
Physicist
Physiognomist
Physiologist
Physiotherapist
Pianist
Piano tuner
Pickler
Pickpocket
Pilot
Pinner
Pirate
Plasterer
Playwright
Plumber
Poet
Police inspector
Police officer
Political scientist
Politician
Poll-taker
Pope
Porcilinist
Poter
Poulterer
Premier
Presenter
President
Press officer
Priest
Prime minister
Principal
Printer
Private detective
Proctologist
Proctor
Procurator
Professional athlete
Professional gambler
Professor
Programmer
Prostitute
Psychiatrist
Psychologist
Public relations officer
Publisher
Quarreler
Quartermaster
Queen
Quivermaker
Rabbi
Race driver
Radiographer
Radiologist
Railway gasser
Rat catcher
Reader
Real estate agent
Real estate broker
Real estate developer
Real estate investor
Receptionist
Record Producer
Recording engineer
Rector
Redsmith
Reeve
Referee
Refuse collector
Registrar
Remedial Teacher
Reporter
Researcher
Retailer
Rigger 
Rivener
Roofer
Ropemaker
Roper
Sacker
Saddler
Sailmaker
Sailor
Salesman
Salesperson
Saleswoman
Saltboiler
Salter
Sapper
Sarariman
Saucier
Sawyer
Saxophonist
Scabbardmaker
Scale mechanic
School Principal
School superintendent
Scientist
Scout
Screenwriter
Scribe
Scrivener
Sculptor
Scythesmith
Seamstress
Secretary
Secretary general
Security guard
Senator
Servant
Sexologist
Sexton
Shaman
Sheepshearer
Shepherd
Sheriff
Sheriff Officer
Shingler
Shipwright
Shoemaker
Shop assistant
Shrimper
Siever
Signalman
Silversmith
Singer
Skinner
Slave
Slavedriver
Slaver
Smelter
Smith
Sniper
Social worker
Sociologists
Software engineer
Soil scientist
Soldier
Solicitor
Sommelier
Sound technician
Special agent
Speech therapist
Spelunker
Spin doctor
Sponman
Sports instructor
Spurrer
Spurrier 
Spy
Stage designer
Statistician
Steersman
Steward
Stewardess
Stock Fund Managers
Stock-breeder
Stockbroker
Stonecutter
Store Manager
Street artist
Street musician
Street vendor
Stringer
Stripper
Student
Stuffer
Stuntman
Sumpter
Surgeon
Surveyor
Swimmer
Swimming Coach
Swineherd
Switchboard operator
Swordsmith
System administrator
Systems analyst
Systems designer
Taikonaut
Tailor
Tallowchandler
Tanner
Tapester
Tapestrymaker
Tapicer
Tattooer
Taxidermist
Taxi-driver
Tea lady
Teacher
Technical engineer
Technician
Telegraph operator
Telegraphist
Telephone operator
Tentsman
Test developer
Test pilot
Thatcher
Theatre director
Theologian
Therapist
Thief
Thimbler
Thresher
Tiler
Tinker
Tinner
Tinsmith
Toolmaker
Torturer
Trademark attorney
Trader
Tradesman
Transit planner
Translator
Trapper
Treasurer
Troubador
Tumbler
Tutor
Tyler
Typefounder
Umbrella repairer
Undertaker
Upholder
Upholsterer
Urban planner
Usher
Valet
Ventriloquist
Verger
Veterinarian
Vibraphonist
Vicar
Victualler
Video-editor
Vintner
Violinist
Wagoner
Wainwright
Waiter
Waitress
Watchman
Weaponsmith
Weaver
Webmaster
Welder
Wet nurse
Wheeler
Wheelwright 
Whitesmith
White-tawer
Window-dresser
Wine connoisseur
Winemaker
Wiredrawer
Wireless operator
Wiremonger
Wood Wittler
Woodcarver
Wood-cutter
Woodturner
Wooler
Wrangler
Writer
Yodeler
Zookeeper
Zoologist
