Administrator
Ambassador
Ambassadors
Attorney General
Business Editor
C.E.O.
C.F.O.
CEO
CFO
Cabinet Member
Cabinet Minister
Candidate
Capt.
Chairman
Chairman Of The Board
Chairman of The Board
Chairman of the Board
Chancellor
Chief
Chief Engineer
Chief Executive
Chief Executive Officer
Chief Financial Officer
Chief Information Officer
Chief Inspector
Chief Operating Officer
Chief Scientist
Commissar
Commissars
Commissioner
Commissioners
Comptroller
Congressman
Congressmen
Consultant
Consultant Paediatrician
Consultants
Controller
Controller, Western Canada
Councillor
Councillors
Councilman
Councilmen
Counsel
Defense Minister
Deputy
Deputy Assistant Defense Secretary
Deputy Foreign Minister
Detective
Diplomat
Diplomats
Director
Director Of Public Affairs
Director of Communications
Director of Finance
Director of Marketing
Director of Public Affairs
Doctor
Dr
Dr.
Dvm
Embassador
Embassadors
Engineering Manager
Esq
Esq.
Executive
Executive Director, Americas and Direct Market Operations
Executive VP
Executive Vice-President, Corporate Services
Executive Vice-President, Information Technologies
Flight Engineer
Foreign Officials
General Manager
Gov.
Governor
Governor General
Governors
High Commissioner
Industry and Commerce Minister
Inspector
Interim Vice President - Operations
Investment Editor
Jd
Judge
Lawyer
Leader
Llb
Local Authorities
Local Government Officials
Local Mayor
Lord
Lord Mayor
MP
Manager
Managing Director
Marshal
Mayor
Mayors
Md
Messrs
Messrs.
Minister
Nurse
Officer
Officials
Premier
Premier Ministre
President
President-Elect
President-elect
Press Secretary
Prime Minister
Princess
Proconsul
Prof.
Professor
Provost
R-N.Y.
R-S.C.
Regional General Manager
Rep.
Reporter
Representative
Rev.
Reverend
Sales Manager
Secretary
Secretary General
Secretary of State
Secretary-Generall
Sen.
Senator
Senior Director of Program Management
Senior Executive
Senior VP
Senior Vice President
Senior Vice President of Clinical Operations
Speaker
Speakers
Spokesman
Spokesperson
Staff Reporter
Teacher
Transportation Secretary
Treasurer
V. P.
VP
Vice-President, Marketing
Vice President
Vice President - Operations
Vice President of Business Development
Vice President of Business Development and Worldwide Sales
Vice President of Sales
Vice President, Finance - Operations
Vice-President
Vice-President, Business Development
Vice-President, Human Resources
Vice-President, Sales





