19 May?s Stadyumu
700th Anniversary Stadium
A. Le Coq Arena
AAMI Stadium
ABSA Stadium
ANZ Stadium
AOL Arena
ARCO Arena
AT&T Center
AT&T Park
AWD Arena
Aalborg Stadion
Abbasiyyin Stadium
Abe Lenstra Stadion
Abuja Stadium
Accra Sports Stadium
Acer Arena
Addis Abeba Stadium
Adelaarshorst
Adelaide Oval
Aggie Memorial Stadium
Ahmadou Bello Stadium
Akranesvollur
Akureyrarvollur
Al Shaab Stadium
Al Zamalek Stadium
Alamodome
Alberca Olimpica Francisco Marquez
Albertpark
Aleppo International Stadium
Alexandria Stadium
Alexian Field
Alfheim
Ali Sami Yen Stadyumu
Alkmaarderhout
Alliance Bank Stadium
Allianz Arena
Almondvale
Aloha Stadium
Althawra Sports City Stadium
Alumni Stadium
Amaan Stadium
American Airlines Center - Dallas
AmericanAirlines Arena
Ameriquest Field in Arlington
Amon G. Carter Stadium
Amsterdam ArenA
Amway Arena
Andre Kamperveen Stadion
Angel Stadium
Ansan Stadium
Antigua Recreation Ground
Appalachian Power Park
Applebee's Park
Arab Contractors Stadium
Arbab Niaz Stadium
Arena Civica
Arena Joinville
Arena Manawatu
Arena Monterrey
Arena Multiuso
Arizona Stadium
Arke Stadion
Arlington Stadium
Arnos Vale Stadium
Arrowhead Credit Union Park
Arrowhead Stadium
Ashkhabad Olympic Stadium
Aspmyra
Assembly Hall
Astrodome
Ataturk Olympic Stadium
Athletic Park Stadium
Atlanta Motor Speedway
Ato Boldon Stadium
Auditorio Municipal
Audrey J. Walton Stadium
Aukstaitija Stadium
Aurora Stadium
Aussie Stadium
AutoZone Park
Autodromo Hermanos Rodriguez
Autzen Stadium
Avni Aker Stadyumu
Ayub National Stadium
Azadi Stadium
BZA Raumerstrasse
Bahawal Stadium
Bahrain National Stadium
Bairiki National Stadium
Baker Bowl
Balgarska Armiya Stadium
Baltic Arena
Bangabandhu National Stadium
Bani Ebid Stadium
Bank of America Stadium
BankAtlantic Center
Barbourfields Stadium
Barthelemy Boganda Stadium
Baseball Grounds of Jacksonville
Basin Reserve
Baton Rouge Raceway
Batu Kawan Stadium
BayArena
Bazaly Stadium
Bears and Eagles Riverfront Stadium
Beausejour Stadium
Beaver Stadium
Bedok Stadium
Behrn Arena
Beijing National Stadium
BellSouth Park
Bellerive Oval
Belmore Oval
Ben Hill Griffin Stadium
Benedum Field
Benjamin Mkapa National Stadium
Bermuda National Stadium
Bieberer Berg Stadion
Bijeli Brijeg Stadium
Bilino Polje
Bill Meyer Stadium
Bill Snyder Family Football Stadium
Bishan Stadium
Bislett Stadium
Blackbaud Stadium
Blair County Ballpark
Blakes Estate Stadium
Bloomfield Stadium
Bluetongue Central Coast Stadium
Bobby Dodd Stadium
Bogyoke Aung San Stadium
Bones Park
Boone Pickens Stadium
Borg El Arab Stadium
Boris Paichadze Stadium
Borussia
Bosse Field
Bosuilstadion
Botchan Stadium
Botswana National Stadium
Bourda Cricket Ground
Bowen Field
Bowman Field
Brabourne Stadium
Bradley Center
Brann Stadium
Braves Field
Breslin Student Events Center
Brisbane Convention & Exhibition Centre
Brisbane Cricket Ground
Brisbane Entertainment Centre
Briskeby
Bristol Motor Speedway
Bronco Stadium
Brookvale Oval
Bryant
Bryce Jordan Center
Bryne Stadium
Brondby Stadium
Bucheon Stadium
Bukit Gombak Stadium
Bukit Jalil Stadium
Bulldog Stadium
Bung Karno Stadium
Bursa Ataturk Stadyumu
Busch Stadium
Byrd Stadium
CCM Kirumba Stadium
Cairo International Stadium
Cajun Field
Caledonian Stadium
California Speedway
Camille Chamoun Sports City Stadium
Camp Nou
Camp Randall Stadium
Campbell's Field
Campbelltown Stadium
Canal Park
Canberra Stadium
Cardiff Arms Park
Carisbrook
Carrara Stadium
Carrier Dome
Carver
Casement Park
Celtic Park
Cemal Gursel Stadyumu
Cessna Stadium
Challenge Stadium
Changchun City Stadium
Changlimithang Stadium
Changwon Civil Stadium
Charles Mopeli Stadium
Charlotte Bobcats Arena
Chase Field
Cheney Stadium
Chengdu Sports Center
Chengshan Stadium
Chennai Jawaharlal Nehru Stadium
Cheonan Baekseok Stadium
ChicChero Stadium
Chicagoland Speedway
Chinnaswamy Cricket Stadium
Choa Chu Kang Stadium
Chonqing Olympic Sports Centre
Chukchansi Park
Chuncheon Civil Stadium
Chungcheng Stadium
Cinergy Field
Circuit Bugatti
Citizens Bank Park
Citrus Bowl
City Stadium
City Stadium Tetovo
Civic Stadium
Classic Park
Cleveland Arena
Cleveland Browns Stadium
Cleveland Municipal Stadium
Coca Cola Stadium
Coleman Coliseum
Coliseum Alfonso Perez
Coliseum at Richfield
Color Line Stadion
Columbus Crew Stadium - Columbus
Comerica Park
Comiskey Park
Commerce Bank Park
Commonwealth Stadium
Compleho Deportivo Frans Figaroa
Conseco Fieldhouse
Constant Vanden Stock Stadium
Continental Airlines Arena - East Rutherford
Coors Field
Corcoran Stadium
Cotton Bowl
Crampton Bowl
Credit Union Australia Stadium Penrith
Cricket National Stadium
Crisler Arena
Croke Park
Crosley Field
DBI Stadium
DKB
DVTK Stadion
Dairy Farmers Stadium
Daknamstadion
Dalian People's Stadium
Dalymount Park
Damanhour Stadium
Darlington Raceway
Darrell K. Royal
Darulaman Stadium
Darulmakmur Stadium
Dasarath Rangasala Stadium
Datianwan Stadium
Daytona International Speedway
De Geusselt
De Goffert
De Koel
De Meer Stadion
De Vijverberg
De Vliert
DeKalb Memorial Stadium
Dekemhare Stadium
Dell Diamond
Delle Alpi
Delta Stadium
Denden Stadium
Dens Park
Derwent Entertainment Centre
Dick Howser Stadium
Dick's Sporting Goods Park - Commerce City
Dinamo Stadion
Dix Stadium
Diyarbak?r Ataturk Stadyumu
Doak Campbell Stadium
Dodger Stadium
Dolphin Oval
Dolphin Stadium
Dongdaemun Stadium
Doubleday Field
Doug Kingsmore Stadium
Dover International Speedway
Dowdy
Doyt Perry Stadium
Dr. Azodi Stadium. Rasht
Drake Stadium
Dreisamstadion
Drummoyne Oval
Dunc Gray Velodrome
Dunn Tire Park
Duryu Park Stadium
Dwight Yorke Stadium
Dynamo Stadium
EPRFU Stadium
East End Park
Easter Road
Ebbets Field
Ecopa Stadium
Eden Gardens
Eden Park
Edward Jones Dome
El Molinon
Elias Mansur Stadion
Ellis Park Stadium
Embdena
EnergyAustralia Stadium
EnergySolutions Arena
Engel Stadium
Enyimba International Stadium
Ernst Happel Stadion
Esbjerg Idraetspark
Estadi Communal d'Andorra la Vella
Estadi RCDE
Estadio 27 de Febrero
Estadio Adolfo Lopez Mateos
Estadio Alberto J. Armando
Estadio Alejandro Morera Soto
Estadio Alejandro Villanueva
Estadio Alfonso Chico Carrasquel
Estadio Alfonso Lopez
Estadio Anoeta
Estadio Antonio Herrera Gutierrez
Estadio Armando Barillas
Estadio Atanasio Girardot
Estadio Atilio Paiva Olivera
Estadio Azteca
Estadio Azul
Estadio Bachiller Julio H. Molina
Estadio Balaidos
Estadio Banorte
Estadio Benito Juarez
Estadio Brigadier Estanislao Lopez
Estadio Campeones del 36
Estadio Campeonisimo
Estadio Carlos Alvarado
Estadio Carlos Salazar Hijo
Estadio Carlos Tartiere
Estadio Carlos Ugalde alvarez
Estadio Centenario
Estadio Centenario 27 de Febrero
Estadio Chivas
Estadio Cibao
Estadio Ciudad de La Plata
Estadio Ciudad de Valencia
Estadio Ciudad de Vicente Lopez
Estadio Communal de Aixovall
Estadio Corona
Estadio Coruco Diaz
Estadio Cuauhtemoc
Estadio Cuscatlan
Estadio Daniel Alcides Carrion
Estadio David Ordonez Bardales
Estadio De Beisbol Alberto Romo Chavez
Estadio De Beisbol Beisborama 72
Estadio De Beisbol Beto Avila
Estadio De Beisbol Francisco I. Madero
Estadio De Beisbol Hermanos Serdan
Estadio De Beisbol Hector Espino
Estadio De Beisbol Kukulkan
Estadio De Beisbol Monclova
Estadio De Beisbol Tomas Oros Gaytan
Estadio De Beisbol Veinte de Noviembre
Estadio Defensores del Chaco
Estadio Dennis Martinez
Estadio Departamental Libertad
Estadio Deportivo Cali
Estadio Diego Armando Maradona
Estadio Don Leon Kolbovski
Estadio E. Torres Belon
Estadio Ebal Rodriguez
Estadio Edgardo Baltodano Briceno
Estadio Eduardo Gallardon
Estadio Eduardo Santos
Estadio El Campin
Estadio El Gigante de Alberdi
Estadio El Gigante del Norte
Estadio El Madrigal
Estadio El Sardinero
Estadio El Trebol
Estadio Eladio Rosabal Cordero
Estadio Elias Aguirre
Estadio Emilio Ibarra Almada
Estadio Feliciano Caceres
Estadio Felix Capriles
Estadio Florencio Sola
Estadio Foro Sol
Estadio Francisco Carranza Limon
Estadio Gaspar Mass
Estadio General Angel Flores
Estadio General Pablo Rojas
Estadio General Santander
Estadio Gigante de Arroyito
Estadio Governador Joao Castelo
Estadio Gran Parque Central
Estadio Guillermo Plazas Alcid
Estadio Guillermo Vargas Roldan
Estadio Guillermon Moncada
Estadio Heraclio Tapia
Estadio Hernan Ramirez Villegas
Estadio Hernando Siles
Estadio Heroes de San Ramon
Estadio Hidalgo
Estadio Hiram Bithorn
Estadio Huancayo
Estadio Inca Garcilaso de la Vega
Estadio Instituto de Cordoba
Estadio Internacional
Estadio Jalisco
Estadio Jorge "Magico" Gonzalez
Estadio Jorge Calero Suarez
Estadio Jose Gregorio Martinez
Estadio Jose Amalfitani
Estadio Jose Bernardo Perez
Estadio Jose Luis Meiszner
Estadio Jose Maria Minella
Estadio Jose Pachencho Romero
Estadio Jose Perez Colmenarez
Estadio Jose Picasso Peratta
Estadio Jose Zorrilla
Estadio Juan Carlos Zerrillo
Estadio Juan Francisco Barraza
Estadio Julio Lores Colan
Estadio La Barranquita
Estadio La Cartuja
Estadio La Casa Blanca
Estadio La Ceiba
Estadio La Congeladora
Estadio La Corregidora
Estadio La Pedrera
Estadio La Rosaleda Stadium
Estadio Lanus
Estadio Las Flores
Estadio Las Victorias
Estadio Latinoamericano
Estadio Libertadores de America
Estadio Luis Aparicio El Grande
Estadio Luis Franzini
Estadio Luis Pirata Fuente
Estadio Malvinas Argentinas
Estadio Mansiche
Estadio Manuel Ferreira
Estadio Manuel Gomez Arellano
Estadio Manuel Murillo Toro
Estadio Manuel Ruiz de Lopera
Estadio Mariano Galvez
Estadio Mariano Melgar
Estadio Mario Camposeco
Estadio Marquesa de la ensenada
Estadio Mateo Flores
Estadio Max Austin
Estadio Mendizorrotza
Estadio Mestalla
Estadio Metropolitano
Estadio Miguel Grau
Estadio Modelo
Estadio Monumental
Estadio Monumental "U"
Estadio Monumental Antonio Vespucio Liberti
Estadio Monumental David Arellano
Estadio Monumental Isidro Romero Carbo
Estadio Monumental de Victoria
Estadio Morelos
Estadio Multiusos de San Lazaro
Estadio Municipal Amatitlan
Estadio Municipal Miguel "Lito" Perez
Estadio Municipal de Concepcion
Estadio Nacional
Estadio Nacional Coloso de Jose Diaz
Estadio Nacional de Panama
Estadio Nemesio Diez
Estadio Newell's Old Boys
Estadio Neza 86
Estadio Nou Camp
Estadio Nueva Chicago
Estadio Nueva Condomina
Estadio Nueva Espana
Estadio Official de Pucallpa
Estadio Olimpico
Estadio Olimpico Metropolitano
Estadio Olimpico Patria
Estadio Olimpico Atahualpa
Estadio Olimpico Chateau Carreras
Estadio Olimpico Universitario
Estadio Oscar Quiteno
Estadio Palogrande
Estadio Panamericano
Estadio Pascual Guerrero
Estadio Pedro Bidegain
Estadio Pedro Marrero
Estadio Pensativo
Estadio Presidente Juan Domingo Peron
Estadio Pueblo Nuevo
Estadio Quisqueya
Estadio Ramon Sanchez Pizjuan
Estadio Ramon Tahuichi Aguilera
Estadio Revolucion
Estadio Reyno de Navarra
Estadio Riazor
Estadio Ricardo Etcheverry
Estadio Ricardo Saprissa Ayma
Estadio Roberto Tapatio Mendez
Estadio Rommel Fernandez
Estadio Roy Fearon
Estadio Sergio Torres
Estadio Sixto Escobar
Estadio Son Moix
Estadio TEC CEM
Estadio Tamaulipas
Estadio Tecnologico
Estadio Templo del Dolor
Estadio Teodoro Lolo Fernandez
Estadio Teodoro Mariscal
Estadio Tiburcio Carias Andino
Estadio Tomas Adolfo Duco
Estadio Tres de Marzo
Estadio Universidad San Marcos
Estadio Universitario
Estadio Universitario Beto Avila
Estadio Verapaz
Estadio Vicente Calderon
Estadio Victor Manuel Reyna
Estadio Victoria
Estadio Wilfrido Massieu
Estadio Winston Pineda
Estadio de Beisbol Calimax
Estadio de Beisbol Lic.Eduardo Vasconcelos
Estadio de Beisbol Monterrey
Estadio de Gran Canaria
Estadio de la Municipalidad de Chorrillos
Estadio del ejercito
Estadio 24 de Setembro
Estadio Ademar da Costa Carvalho
Estadio Aderbal Ramos da Silva
Estadio Alberto Oliveira
Estadio Alfredo Jaconi
Estadio Alfredo Schurig
Estadio Algarve
Estadio Anisio Haddad
Estadio Barao de Serra Negra
Estadio Benedito Teixeira
Estadio Brinco de Ouro
Estadio Campo Desportivo
Estadio Centenario
Estadio Centro Poliesportivo Pinheiro
Estadio Cidade de Coimbra
Estadio Cicero Pompeu de Toledo
Estadio D. Afonso Henriques
Estadio Dr. Francisco de Palma Travassos
Estadio Dr. Magalhaes Pessoa
Estadio Eduardo Jose Farah
Estadio Fredis Saldivar
Estadio Godofredo Cruz
Estadio Governador Alberto Tavares Silva
Estadio Governador Ernani Satiro
Estadio Governador Jose Fragelli
Estadio Heriberto Hulse
Estadio Jacy Scaff
Estadio Joaquim Dinis
Estadio Jornalista Mario Filho
Estadio Jose Alvalade
Estadio Jose Americo de Almeida Filho
Estadio Jose Pinheiro Borba
Estadio Jose do Rego Maciel
Estadio Kleber Andrade
Estadio Luiz Jose de Lacerda
Estadio Magalhaes Pinto
Estadio Major Antonio do Couto Pereira
Estadio Major Jose Levy Sobrinho
Estadio Manoel Barradas
Estadio Mane Garrincha
Estadio Maria Lamas Farache
Estadio Martins Pereira
Estadio Municipal Adail Nunes da Silva
Estadio Municipal Joao Guido
Estadio Municipal Joao Havelange
Estadio Municipal Juscelino Kubitschek
Estadio Municipal Nhozinho Santos
Estadio Municipal Prefeito Dilson Luiz de Melo
Estadio Municipal Radialista Mario Helenio
Estadio Municipal de Aveiro
Estadio Municipal de Benguela
Estadio Municipal de Braga
Estadio Nacional
Estadio Nacional 12 de Julho
Estadio Octavio Mangabeira
Estadio Olimpico Colosso da Lagoa
Estadio Olimpico Edgard Proenca
Estadio Olimpico Joao Havelange
Estadio Olimpico Monumental
Estadio Olimpico Regional Arnaldo Busatto
Estadio Palestra Italia
Estadio Papa Joao Paulo II
Estadio Pedro Victor de Albuquerque
Estadio Placido Castelo
Estadio Rei Pele
Estadio Santa Cruz
Estadio Santiago Bernabeu
Estadio Serra Dourada
Estadio Sao Januario
Estadio Universitario Pedro Pedrossian
Estadio Universitario Sao Paulo
Estadio Vivaldo Lima
Estadio Waldomiro Pereira
Estadio da Cidadela
Estadio da Luz
Estadio da Machava
Estadio da Universidade de Lavras
Estadio da Varzea
Estadio do Bessa XXI
Estadio do Costa do Sol
Estadio do Desportivo
Estadio do Dragao
Estadio do Maxaquene
Estadio do Pacaembu
Estadio do Restelo
Estadio do Santos
Euroborg
Excelsior Stadium
Exposition Park
F.M. Palacios Field
FIU Stadium
FNB Stadium
Faisalabad Hockey Stadium
Falcon Stadium
Farum Park
Fawcett Stadium
FedExField
FedExForum
Feijenoord Stadion
Fenerbahce S
Fenix Stadion
Fenway Park
Fifth Third Field
Fill Metallbau Stadion
Finnair Stadium
Fionia Park
Fir Park
Firhill Stadium
FitzGerald Stadium
Floyd Casey Stadium
Folsom Field
Fooladshahr Stadium
For Danish territories with home rule
For more details on this topic
For the DOMs
Forbes Field
Ford Field
Forum Horsens Stadion
Fouts Field
Foxboro Stadium
Francis Plain Playing Field
Franco Hariri Stadium
Frankenstadion
Franklin Covey Field
Franklin Field
Fred Yager Stadium
Free State Stadium
Freethiel
Fritz
Frontier Field
Fullcast Stadium Miyagi
Fylkisvollur
Gachibowli Athletic Stadium
Gadaffi Hockey Stadium
Gaddafi Stadium
Gaelic Grounds
Gainesville Raceway
Gamla Ullevi
Gangneung Stadium
Gateway International Raceway
Gateway Stadium
Gaylord Family Oklahoma Memorial Stadium
Gelora 10 November Stadium
Gelredome
Georg
Georgetown Football Stadium
Georgi Asparuhov Stadium
Georgia Dome
Gerald J. Ford Stadium
Gerard Hanappi Stadion
Giants Stadium
Gillette Stadium
Gimcheon Stadium
Gimhae Stadium
Gimnasio Olimpico Juan de la Barrera
Gipuzkoarena
Glass Bowl
Gottlieb
Goyang Stadium
Grainger Stadium
Grand Stade Nice
Great American Ball Park
Green Park Stadium
Grenada National Stadium
Griffith Stadium
Grotenburg Stadion
Groves Stadium
Grugastadion
Guangdong Olympic Stadium
Guillermo Prospero Trinidad Stadion
Guldensporen Stadion
Gumi Civil Stadium
Gundadalur
General Seyni Kountche Stadion
HM Pitje Stadium
HP Pavilion
HSBC Arena
Haderslev Fodboldstadion
Hafezieh Stadium
Hakatanomori Athletic Stadium
Hammons Field
Hampden Park
Hanbat Stadium
Hang Jebat Stadium
Hanghai Stadium
Hankou Sports Centre
Harbor Park
Harras El
Harvard Stadium
Hasely Crawford Stadium
Hayward Field
Healy Park
Heinz Field
Helong Stadium
Hemoana Stadium
Henan Stadium
Henson Park
Herman Vanderpoortenstadion
Herschel Greer Stadium
Het Kuipje
Het Oosterpark
Het Zuiderpark
Hindmarsh Stadium
Holman Stadium
Holmenkollen
Home Depot Center
Home Depot Center - Carson
Homestead
Honda Center
Hong Kong Stadium
Hongchen Stadium
Hongkou Stadium
Honolulu Stadium
Hougang Stadium
Howard J. Lamade Stadium
Hrazdan Stadium
Huanglong Stadium
Hubert H. Humphrey Metrodome
Hubert Murray Stadium
Hughes Stadium
Huskie Stadium
Husky Stadium
Hyderabad Football Stadium
Hasteinsvollur
I.nonu Stadyumu
I.zmir Alsancak Stadyumu
I.zmir Ataturk Stadyumu
INVESCO Field at Mile High
Ibn
Ibrox Stadium
Icahn Stadium
Incheon Civil Stadium
Incheon Munhak Baseball Stadium
Independence Park
Independence Stadium
Indian Stadium
Indianapolis Motor Speedway
Indianapolis Raceway Park
Infineon Raceway
International Stadium
Iqbal Stadium
Iran Khodro Stadium
Irwindale Speedway
Isotopes Park
Istanbul Park Kurtkoy
Iwaki Baseball Stadium
Jaber Al
Jack Trice Stadium
Jacksonville Municipal Stadium
Jacobs Field
Jade Stadium
Jakabaring Stadium
Jalan Besar Stadium
Jalek Harupat Soreang Stadium
Jalingo City Stadium
James Griffin Stadium
Jan Breydelstadion
Jasmil Baseball Stadium
Jawaharlal Nehru Stadium
Jecheon Stadium
Jeju Stadium
Jeonju Civil Stadium
Jeonju Stadium
Jeque Zayed Stadium
Jiaodaruisun Stadium
Jilin People's Stadium
Jinnah Sports Stadium
Jinnah Stadium
Jinzhou Stadium
Joan C. Edwards Stadium
Jobing.com Arena
Joe Aillet Stadium
Joe Davis Stadium
Joe Laveist Sport Park
Joe Louis Arena
Johannesburg Stadium
John D. Millett Hall
John F. Kennedy Stadium
John O'Donnell Stadium
Johnny Red Floyd Stadium
Johnny Rosenblatt Stadium
Joker Marchant Stadium
Jones AT&T Stadium
Joseph P. Riley
Joyce Center
Juan Ramon Loubriel Stadium
Jules Ottenstadion
June 11 Stadium
Jurong East Stadium
Jurong Stadium
Jurong West Stadium
KKWing Stadium
Kadrioru Staadion
Kaftanzoglio Stadium
Kagawa Stadium
Kalevi Keskstaadion
Kamazu Stadium
Kamil Ocak Stadyumu
Kanchenjunga Stadium
Kanjuruhan Stadium
Kansas Soccer Stadium - Overland Park
Kansas Speedway
Kantrida Stadium
Kaplakrikavollur
Karaiskaki Stadium
Kashima Stadium
Kauffman Stadium
Kayseri Ataturk Stadyumu
Kazma SC Stadium
Keflavikurvollur
Kenan Stadium
Kentucky Speedway
Keren Stadium
Key Arena
KeySpan Park
Kezar Stadium
Khaled bin Walid Stadium
Khalifa International Stadium
Khazar Stadion
Khimik Stadion
Khuman Lampak Main Stadium
Kibbie Dome
Kim Il
Kimbrough Memorial Stadium
King Abdul Aziz Stadium
King Baudouin Stadium
King Fahd International Stadium
Kingdome
Kinnick Stadium
Kirkuk Olympic Stadium
Kirov Stadium
Kiyohara Baseball Stadium
Kleanthis Vikelides Stadium
Knights Stadium
Kobe Universiade Memorial Stadium
Kohl Center
Kooyong Stadium
Korman Stadium
Kosevo Stadium
Kralendijk Municipal Stadion
Kras Stadion
Kumasi Sports Stadium
Kyle Field
Kyocera Arena
Kopavogsvollur
L.B Stadium
LP Field
LTU Arena
La Grave Field
La Romareda
LaVell Edwards Stadium
Lackawanna County Stadium
Ladd Peebles Stadium
Lagaligo Stadium
Lake Geneva Raceway
Lake Tanganyika Stadium
Lambeau Field
Lane Stadium
Langfang Stadium
Langkawi Stadium
Lansdowne Road
Laos National Stadium
Las Vegas Motor Speedway
Laugardalsvollur
Lawson Tama Stadium
Le Canonnier
League Park
Legion Field
Leichhardt Oval
Leifeng Stadium
Lerkendal
Letzigrund
Lexus Centre
Liberation Stadium
Liberty Bowl Memorial Stadium
Liberty Stadium
Liebenau Stadium
Likas Stadium
Lilac Hill
Lincoln Financial Field
Lindenwood Hunter Stadium
Linkbelt Oval
Lionel Roberts Park
Little League Volunteer Stadium
Littlejohn Coliseum
Liuzhou Sports Center
Lockhart Stadium
Loftus Versfeld Stadium
Los Angeles Memorial Coliseum
Los Angeles Memorial Sports Arena
Louisiana Superdome
Louisville Slugger Field
Lowe's Motor Speedway
Ludwigspark Stadion
Luzhniki Stadium
Lysgardsbakkene
M&T Bank Stadium
M.A. Chidambaram Stadium
M.M. Roberts Stadium
MA Aziz Stadium
MC Labour Park
Ma On Shan Sport Ground
Mackay Stadium
Mackey Arena
Madison Square Garden - New York City
Magdalla Park
Mahama Sina Stadium
Main article: List of football stadia in Mexico
Main article: List of stadiums in Canada
Malmo Stadion
Malone Stadium
Mandala Stadium
Mandemakers Stadion
Mangweni Stadium
Manny Ramjohn Stadium
Mansfield Motorsports Speedway
Manuel Ruiz de Lopera Stadium
Manuka Oval
March 28 Stadium
Margaret Court Arena
Marienlyst
Marina Bay Floating Stadium
Marion Jones Sports Complex
Markaziy Stadium
Marrara Oval
Martin Stadium
Martinsville Speedway
Masan Stadium
Mathias
Matije Gubca Stadion
Mattoangin Stadium
May Day Stadium
McAfee Coliseum
McCoy Stadium
McHale Park
McKie Field at Hayden Park
Medlar Field
Melbourne Cricket Ground
Mellon Arena
Mellos Stadium
Memorial Stadium
Memphis Motorsports Park
Menen Stadium
Menteng Stadium
Merchantsauto.com Stadium
Merdeka Stadium
Mestsky Stadium
Metallurg Stadion
Metropolitan Stadium
Miami Orange Bowl
Michie Stadium
Michigan International Speedway
Michigan Stadium
Midway Stadium
Mike A. Myers Stadium
Mikheil Meskhi Stadium
Milan Puskar Stadium
Mile High Stadium
Millennium Stadium
Miller Park
Milwaukee County Stadium
Minute Maid Park
Mississippi Veterans Memorial Stadium
Miyagi Stadium
Mmabatho Stadium
Mogadiscio Stadium
Mohali Cricket Stadium
Mohammed Al
Moi International Sports Centre
Molde Stadium
Mong Kok Stadium
Monster Park
Movie Gallery Stadium
Mt Smart Stadium
Mubarak International Stadium
Mukhtar Al
Multan Cricket Stadium
Munaytpasova Stadium
Municipal Corporation Stadium
Municipal Stadium
Murrayfield
Muscat Stadium
Musgrave Park
My Dinh National Stadium
MyCom Stadion
NRGi Park
NSW Tennis Centre
Na Julisce Stadion
Nadderud
Nagai Stadium
Nagano Olympic Stadium
Naghsh e Jahan Stadium
Nampo Stadium
Nanjing Olympic Sports Center
Nashville Superspeedway
Nasiri Stadium
Nassau Veterans Memorial Coliseum
National Complex
National Soccer Stadium
National Sports Stadium
National Stadium
Nationwide Arena
Nattenbergstadion
Nazareth Speedway
Negeri Pulau Pinang Stadium
Nelson W. Wolff Municipal Stadium
Neo GSP Stadium
Netherdale
New Egypt Speedway
New Fredrikstad Stadium
New Hampshire International Speedway
New Orleans Arena
Newlands Stadium
Newport Stadium
Neyland Stadium
Ngurah Rai Stadium
Niaz Stadium
Nieuw Galgenwaard
Ninian Park
Nippert Stadium
Nissan Stadium
Niue High School Oval
Nnamdi Azikiwe Stadium' Enugu
Norfolk Island Central School Oval
North Carolina Speedway
North Harbour Stadium
North Hobart Oval
Northrop Field
Notre Dame Stadium
Nou Estadi
Nowlan Park
Nuuk Stadium
Nyayo National Stadium
OSiR Ska?ka
Odi Stadium
Ohio Stadium
Oki Jubilee Stadium
Old Bridge Township Raceway Park
Olimpiyskiy
Olsen Field
Olympia
Olympia Stadium
Olympiastadion
Olympic Baseball Centre
Olympic Hockey Centre
Olympic Park Stadium
Olympic Softball Stadium
Olympic Sports Centre
Olympic Stadium
Olympic Tennis Centre
Olympic Velodrome
Olympisch Stadion
Olimpico de Montjuic
Omoku Township Stadium
Oosterenkstadion
Oracle Arena
Oriole Park at Camden Yards
Orlando Stadium
Osman Ahmed Osman Stadium
PAETEC Park
PETCO Park
PGE Park
PNC Park
Packard Stadium
Pakhtakor Markaziy Stadium
Palacio de los Deportes
Palestine Stadium
Pamir Stadium
Panaad Stadium
Panathinaiko Stadium
Pankritiko Stadium
Panpeloponnesian Stadium
Panthessalian Stadium
Papa John's Cardinal Stadium
Parc des Princes
Parken
Parkstad Limburg Stadion
Parkway Crossings
Parnell Park
Parramatta Stadium
Partizan Stadium
Paseo Stadium
Paul Brown Stadium
Paul Eames Sports Complex
Pearse Stadium
Peden Stadium
Pepsi Center - Denver
Perak Stadium
Perkins Stadium
Perry Lakes Stadium
Perth Arena
Petah Tikva Municipal Stadium
Pete Taylor Park
Philips Arena - Atlanta
Philips Stadion
Phnom Pehn National Olympic Stadium
Phoenix International Raceway
Pietersburg Stadium
Pikes Peak International Raceway
Pindi Club Ground
Pioneer Oval
Pioneer Park
Pitt Stadium
Pittodrie
Pizza Hut Park - Frisco
Plaza Mexico
Plaza de Acho
Plaza de Sol y Sombra
Plaza de Toros
Plovdiv Stadium
Pocono Raceway
Pod Gorica Stadium
Point Stadium
Police Ground
Polman Stadion
Polo Grounds
Pontiac Silverdome
Post Fiji Stadium
Potgietersrus Rugby Stadium
Prince Abdul Aziz bin Musa'ed Stadium
Prince Abdullah al
Prince Faisal bin Fahd Stadium
Prince Louis Rwagasore Stadium
Prince Mohamed bin Fahd Stadium
Prince Sultan bin Fahd Stadium
Princeton University Stadium
Principal Park
Pringles Park
Prudential Center
Punjab Stadium
Pyramid Arena
Pairc Ui Chaoimh
Pairc Ui Rinn
Qayyum Stadium
Qemal Stafa
Qilihe Stadium
Qinhuangdao Olympic Sport Stadium
Qiryat Eliezer Stadium
Quaid
Qualcomm Stadium
Queen Elizabeth II Park
Queen Elizabeth Stadium
Queenstown Stadium
Quicken Loans Arena
Qwest Field
RBC Center
RCA Dome
Racecourse Ground
Rah Ahan Stadium
Rajmangala Stadium
Ralph Wilson Stadium
Ramat Gan Stadium
Ranasinghe Premadasa Stadium
Rand Stadium
Rangiri Dumbulla Stadium
Rasmee Dhandu Stadium
Ratinan Stadion
Ravenhill Stadium
Rawalpindi Cricket Stadium
Raymond James Stadium
Razorback Stadium
Red Bull Park - Harrison
Redfern Oval
Reed Green Coliseum
Reliant Stadium
Rentschler Field
Republican Stadium
Republikan Spartak Stadion
Reser Stadium
RheinEnergieStadion
Rheinpark Stadion
Rhodes Stadium
Rice Stadium
Richmond Cricket Ground
Richmond International Raceway
Rizal Memorial Stadium
Rize Ataturk Stadyumu
Road America
Robert F. Kennedy Memorial Stadium
Robertson Stadium
Rod Laver Arena
Rodney Parade
Roman Colosseum
Romney Stadium
Rose Bowl
Rose Garden Arena
Rotorua International Stadium
Royal Bafokeng Stadium
Rubber Bowl
Rudolf Harbig Stadion
Rufaro Stadium
Rugby Park
Rugby Park Stadium
Ruhrstadion
Rupp Arena
Rutgers Stadium
Ryan Field
Rynearson Stadium
Rasunda
S.Dariaus ir S.Gire.no Stadium
S.R. Bhosle Krida Sankul Stadium
SAFECO Field
SAS Arena
SBC Bricktown Ballpark
SKA SKVO Stadion
Saitama Stadium
Salpausselka
Salt Lake Stadium
Sam Boyd Stadium
Samen Stadium
Samsun 19 May?s Stadyumu
Samuel Ogbemudia Stadium' Benin City
San Jose Municipal Stadium
San Mames
San Siro
Sanford Stadium
Sangju Stadium
Sani Abacha Stadium' Kano
Sapporo Dome
Sarakul Stadium
Sarawak Stadium
Sardar Patel Stadium
Scheumann Stadium
Schiervelde
Schoellkopf Field
Scott Field
Scott Stadium
Scottrade Center
Security Service Field
See below
Seekonk Speedway
Sekka el Hadeed Stadium
Semple Stadium
Sendai Stadium
Sendai Track & Field Stadium
Sha Tin Sport Ground
Shah Alam Stadium
Shaheed Chandu Stadium
Shahid Dastgerdi Stadium
Shahid Shiroudi Stadium
Shandong Stadium
Shanghai Stadium
Shaoguan City Stadium
Sharks Stadium
Shea Stadium
Sheikh Khalifa International Stadium
Sheikh Mohamed Bin Zayed Stadium
Sheikhupura Stadium
Shenyang Sports Center
Shenzhen Stadium
Sher
Sheriff Stadium
Sherly Ground
Shibe Park
Shiroudi Stadium
Shohada Stadium
Sichuan Stadium
Sicks' Stadium
Siebert Field
Signal Iduna Park
Silesia Stadium
Siliwangi Stadium
Silkeborg Stadion
Silverdome
Singapore Indoor Stadium
Siu Sai Wan Sports Ground
Skagerak Arena
Skelly Stadium
Skilled Park
Skilled Stadium
Skonto stadions
Skydome of Shhijiashunang
Skylands Park
Slavia Stadium
Sleeman Centre
Soldier Field
Solitude
Somholo National Stadium
Sommet Center
Sparta Stadion Het Kasteel
Spartak Stadium
Spartan Stadium
Special Olympics Stadium
Sportpark "Am Hallo"
Sports Center
Sports Stadium
Sportsman's Park
Springfield Stadium
Sree Kanteerava Stadium
St David's Stadium
St Mirren Park
St. Jakob
St. Pete Times Forum
Staaienveld
Stade 19 Mai 1956
Stade 24 Fevrier 1956
Stade 26 Mars
Stade 28 Septembre
Stade 5 Juillet 1962
Stade 7 November
Stade Ahmed Zabana
Stade Alberic Richards
Stade Amahoro
Stade Anjalay
Stade Birouana
Stade Brikama
Stade Cavani
Stade Chaban Delmas
Stade Chahid Hamlaoui
Stade Charles Tondreau
Stade Cheikh Laaghdef
Stade Complexe Sportif
Stade Edmond Machtens
Stade El Aaiun
Stade El Menzah
Stade Freres Brakni
Stade Felix Bollaert
Stade Felix Houphouet
Stade Gerland
Stade John Girardin
Stade Josy Barthel
Stade Larbi Zaouli
Stade Leopold Senghor
Stade Linite
Stade Louis II
Stade Maurice Dufrasne
Stade Mohammed V
Stade Moulay Abdellah
Stade Municipal de Lubumbashi
Stade Nacional
Stade Numa
Stade Olympique
Stade Omar Bongo
Stade Omnisports
Stade Pater
Stade Saint
Stade St. Claude
Stade Sylvio Cator
Stade Tahar Zoughari
Stade Velodrome
Stade d'Agadir
Stade d'Honneur
Stade de Baduel
Stade de Beaumer
Stade de France
Stade de Geneve
Stade de Khartoum
Stade de Kegue
Stade de Marrakech
Stade de Mata
Stade de Suisse
Stade de Tanger
Stade de l'Amitie
Stade de l'Est
Stade de la Beaujoire
Stade de la Meinau
Stade de la Reunification
Stade de la Revolution
Stade des Martyrs
Stade du 4
Stade du Pays de Charleroi
Stade du Tivoli
Stade du Ville
Stadio Atleti Azzurri d'Italia
Stadio Brianteo
Stadio Comunale "Artemio Franchi"
Stadio Danilo Martelli
Stadio Ezio Scida
Stadio Flaminio
Stadio Friuli
Stadio Luigi Ferraris
Stadio Marc'Antonio Bentegodi
Stadio Mario Rigamonti
Stadio Olimpico
Stadio Renato dall'Ara
Stadio Renzo Barbera
Stadio San Filippo
Stadio San Nicola
Stadio San Paolo
Stadio Sant'Elia
Stadio Via del Mare
Stadio della Vittoria
Stadion ?KS
Stadion Bauminghausstrasse
Stadion Crvena Zvezda
Stadion Dziesie;ciolecia
Stadion ETO
Stadion Ergilio Hato
Stadion Evzena Rosickeho
Stadion Gradski
Stadion Gradski vrt
Stadion Hetman
Stadion Lecha
Stadion Lechii
Stadion Maksimir
Stadion Poljud
Stadion Puskas Ferenc
Stadion Salzburg
Stadion Shakhtar
Stadion Varteksa
Stadion Wojska Polskiego
Stadion Woudestein
Stadion Za Luzankami
Stadion Zag?e;bia Lubin
Stadion Zurich
Stadion am Bruchweg
Stadion der Freundschaft
Stadionul Constructorul
Stadionul Dan Pa
Stadionul Dinamo
Stadionul Dumitru Sechelariu
Stadionul Duna
Stadionul Ghencea
Stadionul Gheorghe Hagi
Stadionul Giules
Stadionul Gruia
Stadionul Ion Moina
Stadionul Ion Oblemenco
Stadionul Jiul
Stadionul Lia Manoliu
Stadionul Moldova
Stadionul Municipal
Stadionul Nicolae Dobrin
Stadionul Piatra Neamt
Stadionul Republican
Stadionul S
Stadium Big Eye
Stadium Hristo Botev
Stadium Lille
Stadium de Toulouse
Stafford Common
Stafford Motor Speedway
Stagg Field
Stanford Stadium
Staples Center - Los Angeles
Statde Municipal
Stephen Schott Stadium
Stockholms Olympiastadion
Storstadion
Stradey Park
Strahov Stadium
Subiaco Oval
Suez Canal Stadium
Sugathadasa Stadium
Sultan Hassal Bolkiah Stadium
Sultan Mohammad IV Stadium
Sultan Qaboos Sports Complex
Sun Bowl Stadium
Sun Devil Stadium
Sun Marin Stadium
Suncorp Stadium
Superior Dome
Suphachalasai Stadium
Surelere Stadium
Suwon Civil Stadium
Suzhou City Stadium
Sydney Cricket Ground
Sydney Entertainment Centre
Soderstadion
Sor Arena
Sudweststadion
TCIFA National Academy
TD Banknorth Garden - Boston
TEDA Football Stadium
Ta'Qali Stadium
Tainan County Stadium
Taipei County Stadium
Taipei Dome
Taiwan Provincial Stadium
Takhti Stadium
Talladega Superspeedway
Tampa Stadium
Tampines Stadium
Tan Sri Hassan Yunus Stadium
Tannadice Park
Taoyuan County Stadium
Target Center
Teddy Kollek Memorial Stadium
Tehelne Pole Stadion
Teladan Stadium
Telstra Dome
Telstra Stadium
Temple Stadium
Tennyson Tennis Centre
Texas Motor Speedway
Texas Stadium
Thammasat Stadium
The Barbados National Stadium
The Diamond
The Epicenter
The Kensington Oval
The Milwaukee Mile
The Oval
The Palace of Auburn Hills
Thomas Robinson Stadium
Thomond Park
Thompson International Speedway
Thong Nhat Stadium
Thoyandu Stadium
Three Rivers Stadium
Thunder Road International Speedbowl
Thuwanna YTC Stadium
Tianhe Stadium
Tiger Stadium
Tinasulanon Stadium
Tivoli Neu Stadion
Toa Payoh Stadium
Tofig Bakhramov Stadium
Tohoku Denryoku Big Swan Stadium
Tolka Park
Tony Gwynn Stadium
Toumba Stadium
Toyama Municipal Baseball Stadium Alpen Stadium
Toyota Arena
Toyota Center
Toyota Park
Toyota Park - Bridgeview
Toyota Stadium
Traktor Stadion
Tropicana Field
Truman Boden Stadium
Trustmark Park
Tsentralnyi
Tsentralnyi Profsoyuz Stadion
Tsentralnyi Stadion
Tuanku Abdul Rahman Stadium
Tulane Stadium
Tuodong Stadium
Turner Field
Tynecastle Stadium
Torsvollur
U.J. Esuene Stadium' Calabar
U.S. Cellular Field
US Airways Center
UTA Stadium
Uhlenkrug
Uihlein Soccer Park
Uijeongbu Stadium
Ullevaal Stadium
Ullevi
United Center - Chicago
University Stadium
University at Buffalo Stadium
University of Phoenix Stadium
University of Richmond Stadium
Utah Soccer Stadium - Sandy
Utama Stadium
Uvays Akhtayev Stadion
Vaiaku Stadium
Valeriy Lobanovskyi stadium
Value City Arena
Vanderbilt Stadium
Vasil Levski National Stadium
Vast&Goed Stadion
Vaught
Ve.tra Stadium
Velodromo Vigorelli
Veltins
Veritas Stadion
Verizon Center - Washington
Vetch Field
Veterans Memorial Stadium
Veterans Stadium
Viborg Stadion
Victoria Park
Victoria Stadium
Viking Stadium
Virginia Beach Sportsplex
Vodafone Arena
Volkswagen Arena
Votanikos Arena
Vsesportovy Areal
WACA Ground
WIN Stadium
Wachovia Center - Philadelphia
Wade Stadium
Waidmannsdorf
Waikato Stadium
Waldo Stadium
Waldstadion
Wall Township Speedway
Wallace Wade Stadium
Wan Chai Sports Ground
Wankhede Stadium
War Memorial Stadium
Warner Park Sporting Complex
Warri Township Stadium
Waterford Speedbowl
Waterfront Park
Watkins Glen International
Waverley Park
Waverly Fairgrounds
Webster Park
Wells Fargo Arena
Welsh
Weser
West End Field
Western Springs Stadium
Westpac Park
Westpac Stadium
Wettengel Rugby Field
Whataburger Field
Wildparkstadion
Williams Arena
Windsor Park
Windy Hill
Wing Stadium
Wolstein Center
Woodlands Stadium
Workers Stadium
World War Memorial Stadium
Wrigley Field
Wuhan Stadium
Wulihe Stadium
Wutaisha Stadium
Xcel Energy Center
Xiamen Stadium
Xiangtan City Stadium
Xinhua Lu Stadium
Xinxiang Stadium
Yadegare Imam Stadium
Yale Bowl
Yanggakdo Stadium
Yanji People's Stadium
Yankee Stadium
Yap Sports Complex
Yarrow Stadium
Yellow Dragon Stadium
Yishun Stadium
Yizhong Center
Yogi Berra Stadium
Yokohama Stadium
Yuexiu Mountain Stadium
Yunlin County Stadium
Zentralstadion
Zephyr Field
Zimbru Stadium
zalgiris Stadium
arasen
