Abu Dhabi dinar
ackey
Afghan afghani
Afghan rupee
afghani
Ahmadi riyal
aksa
Albanian lek
Alderney pound
Algerian budju
Algerian dinar
Algerian franc
American amero
amero
Angolan angolar
Angolan escudo
Angolan kwanza
Angolan real
angolar
Argentine argentino
Argentine austral
Argentine peso
Argentine peso argentino
Argentine peso ley
Argentine peso moneda nacional
Argentine real
Argentine sol
argentino
ariary
Armenian dram
Armenian ruble
Aruban florin
assignat
augustalis
austral
Australian dollar
Australian pound
Austrian florin
Austrian Netherlands kronenthaler
Austrian schilling
Austro-Hungarian gulden
Austro-Hungarian krone
Azerbaijani manat
Azerbaijani ruble
Azorean real
Baden gulden
Bahamian dollar
Bahamian pound
Bahraini dinar
baht
balboa
Bangladeshi taka
Barbadian dollar
Bavarian gulden
Belarusian ruble
Belgian Congolese franc
Belgian franc
Belizean dollar
Bermudan dollar
bezant
Bhutanese ngultrum
Bhutanese rupee
Biafran pound
birr
Bohemian and Moravian koruna
bolivar
Bolivian boliviano
Bolivian peso
Bolivian scudo
boliviano
Bosnian and Herzegovinian dinar
Bosnian and Herzegovinian konvertibilna marka
Botswana pula
Brazilian cruzado
Brazilian cruzeiro
Brazilian cruzeiro real
Brazilian real
Bremen thaler
British Guianan guilder
British North Bornean dollar
British pound
British trade dollar
British West Indian dollar
Bruneian dollar
Bruneian pitis
budju
Bukharan tenga
Bulgarian lev
Burmese rupee
Burundian franc
Cambodian franc
Cambodian riel
Cambodian tical
Canadian dollar
Canadian pound
Cape Verdean escudo
Cape Verdean real
Caymanian dollar
cedi
Central African CFA franc
Central American Republic real
Ceylonese rixdollar
CFP franc
Chechen nahar
Chilean escudo
Chilean peso
Chinese renminbi yuan
Chinese tael
Chinese wen
Chinese yuan
Colombian peso
Colombian real
Comorian franc
Confederate States of America dollar
Congolese franc
conventionsthaler
Cook Islands dollar
cordoba
Costa Rican colon
Costa Rican peso
Croatian dinar
Croatian kuna
cruzado
cruzeiro
cruzeiro real
Cuban convertible peso
Cuban peso
Cypriot pound
Czech koruna
Czechoslovak koruna
dalasi
daler
Danish Indian rupee
Danish krone
Danish rigsdaler
Danish West Indian daler
Danish West Indian rigsdaler
Danzig mark
Danzig thaler
denar
dinar
dirham
Djiboutian franc
dobra
dollar
Dominican peso
drachma
dram
Dutch guilder
Dutch rijkdaalder
East African florin
East African rupee
East African shilling
East Caribbean dollar
East German mark
Ecuadorian real
Ecuadorian sucre
Egyptian pound
ekwele
El Salvadoran colon
El Salvadoran peso
Equatorial Guinean ekwele
Equatorial Guinean peseta
Eritrean nakfa
Eritrean tallero
escudo
Estonian kroon
Estonian mark
Ethiopian birr
euro
European euro
Falkland Islands pound
fanam
Faroese krona
Fijian dollar
Fijian pound
Finnish markka
fiorino
florin
forint
franc
franco
frank
French assignat
French franc
French Indian rupee
French Indochinese piastre
French livre
French livre parisis
French livre tournois
Gambian dalasi
Gambian pound
gazeta
Georgian lari
Georgian ruble
German Croatian kuna
German East African rupie
German gold mark
German mark
German ostmark
German ostruble
German papiermark
German reichsmark
German reichsthaler
German rentenmark
German South West African mark
Ghanaian cedi
Ghanaian pound
Gibraltarian pound
Gibraltarian real
Gold Coast ackey
gourde
Greek drachma
guarano
Guatemalan peso
Guatemalan quetzal
Guernsey pound
guilder
Guinea Bissau peso
Guinean franc
Guinean syli
gulden
Gulf rupee
Guyanese dollar
Haitian gourde
Haitian livre
Hamburg mark
Hannovarian vereinsthaler
Hawaiian dollar
Hejaz riyal
Hesse-Kassel vereinsthaler
Holy Roman augustalis
Holy Roman conventionsthaler
Holy Roman kronenthaler
Honduran lempira
Honduran peso
Honduran real
Hong Kong dollar
hryvnia
Hungarian forint
Hungarian pengo
hwan
Hyderabad rupee
Icelandic krona
Indian rupee
Indonesian rupiah
International dollar
inti
Ionian gazeta
Ionian obol
Iranian rial
Iranian toman
Iraqi dinar
Irish pound
Irish punt
Israeli new sheqel
Israeli pound
Israeli pruta
Israeli sheqel
Italian East African lira
Italian lira
Italian scudo
Italian Somaliland lira
Italian Somaliland rupia
Italian Somaliland shilling
Italian Somaliland somalo
Jamaican dollar
Jamaican pound
Japanese mon
Japanese trade dollar
Japanese yen
Jersey pound
Jordanian dinar
karbovanets
Katangan franc
Kazakhstani tenge
Kenyan shilling
Khwarazmi tenga
Kiautschou dollar
kina
Kiribati dollar
Kokand tenga
Korean hwan
Korean mun
Korean won
Korean yang
kori
koruna
Krajina dinar
Krakow zloty
krona 
krone
kronenthaler
kroon
kuna
Kutch kori
Kuwaiti dinar
kwacha
kwanza
kyat
Kyrgyzstani som
laari
Lao kip
Latvian lats
Latvian rubli
Lebanese livre
lempira
leone
Lesotho loti
Liberian dollar
Libyan dinar
Libyan pound
Liechtenstein frank
Liechtenstein krone
lilangeni
lira
litas
Lithuanian litas
Lithuanian talonas
livre
Lombardy-Venetia florin
Lombardy-Venetia scudo
loti
Luccan franco
Luccan lira
Luxembourgish franc
Macanese pataca
Macedonian denar
Madras fanam
Malagasy ariary
Malagasy franc
Malawian kwacha
Malawian pound
Malayan and British North Bornean dollar
Malayan dollar
Malaysian ringgit
Maldivian laari
Maldivian rufiyaa
Malian franc
Maltese lira
Maltese scudo
manat
Manchukuo yuan
Manx pound
Maria Theresa thaler
marka
markka
Mauritanian ouguiya
Mauritian dollar
Mauritian rupee
Mecklenburg vereinsthaler
Medieval European bezant
metica
metical
Mexican peso
Mexican real
Milanese scudo
mohar
Moldovan cupon
Moldovan leu
Mongolian dollar
Mongolian tugrug
Montenegrin perper
Montenegrin perun
Moroccan dirham
Moroccan franc
Moroccan rial
Mozambican escudo
Mozambican metica
Mozambican metical
Mozambican real
Myanmar kyat
nahar
naira
nakfa
Namibian dollar
Neapolitan lira
Neapolitan piastra
Nepalese mohar
Nepalese rupee
Netherlands Antillean gulden
Netherlands Indian gulden
Netherlands Indian roepiah
New Brunswick dollar
New France livre
New Guinean mark
New Taiwan dollar
New Zealand dollar
New Zealand pound
Newfoundland dollar
ngultrum
Nicaraguan cordoba
Nicaraguan peso
Nigerian naira
Nigerian pound
North Korean won
North Vietnamese dong
North Yemeni rial
Norwegian krone
Norwegian speciedaler
Nova Scotian dollar
obol
Oceanian pound
Old Taiwan dollar
Omani rial
ostmark
ostruble
ouguiya
pa'anga
Pakistani rupee
Palestinian pound
Panamanian balboa
Papal States lira
Papal States scudo
papiermark
Papua New Guinean kina
Paraguayan guarano
Paraguayan peso
Paraguayan real
Parman lira
pataca
pengo
perper
perun
Peruvian inti
Peruvian real
Peruvian sol
peseta
peso
Philippine peso
piastra
piastre
pitis
Polish marka
Polish zloty
Portuguese escudo
Portuguese Guinean escudo
Portuguese Guinean real
Portuguese Indian escudo
Portuguese Indian rupia
Portuguese real
Portuguese Timorese escudo
Portuguese Timorese pataca
Prussian thaler
pruta
Puerto Rican dollar
Puerto Rican peso
pula
punt
Qatari riyal
quetzal
rai stones
reichsmark
reichsthaler
renminbi
rentenmark
Republika Srpska dinar
Rhodesia and Nyasaland pound
Rhodesian dollar
Rhodesian pound
rial
Riau rupiah
riel
rigsdaler
rijkdaalder
riksdaler
ringgit
rixdollar
riyal
roepiah
Romanian leu
ruble
rubli
rufiyaa
rupee
rupia
rupiah
rupie
Russian ruble
Rwandan franc
Saar franc
Saar mark
Saint Helena and Ascension pound
Samoan pound
Samoan tala
San Marinese lira
Sao Tome and Principe dobra
Sao Tome and Principe escudo
Sao Tome and Principe real
Sarawak dollar
Sardinian lira
Saudi riyal
Saxon thaler
Saxon vereinsthaler
schilling
scudo
Serbian dinar
Serbian perper
Seychelles rupee
shah
sheqel
shilingi
shilling
Sicilian piastra
Sierra Leonean dollar
Sierra Leonean leone
Singaporean dollar
skilling
Slovak koruna
Slovenian tolar
Solomon Islands dollar
Solomon Islands pound
som
Somaliland shilling
somalo
somoni
South African pound
South African rand
South Arabian dinar
South Georgian and South Sandwich pound
South German gulden
South Korean hwan
South Korean won
South Vietnamese dong
South Vietnamese liberation d?ng
Southern Rhodesian pound
Soviet ruble
Spanish colonial real
Spanish gold escudo
Spanish peseta
Spanish peso
Spanish real
Spanish silver escudo
speciedaler
srang
Sri Lankan rupee
Straits dollar
sucre
Sudanese dinar
Sudanese pound
Surinamese dollar
Surinamese gulden
Swazi lilangeni
Swedish krona
Swedish riksdaler
Swedish skilling
Swiss dinar
Swiss franc
syli
Syrian pound
Taiwanese new dollar
Taiwanese new yuan
Taiwanese old dollar
Taiwanese old yuan
Tajikistani ruble
Tajikistani somoni
taka
tala
tallero
talonas
tangka
Tanzanian shilingi
tenga
tenge
Thai baht
thaler
Tibetan srang
Tibetan tangka
tical
tolar
toman
Tongan pa'anga
Tongan pound
trade dollar
Transnistrian ruble
Travancore rupee
Trinidadian and Tobagonian dollar
tugrug
Tunisian dinar
Tunisian franc
Tunisian rial
Turkish lira
Turkish new lira
Turkmenistani manat
Tuscan fiorino
Tuscan lira
Tuvaluan dollar
Tuvan aksa
Two Sicilies piastra
Ugandan shilling
Ukrainian hryvnia
Ukrainian karbovanets
Ukrainian shah
United Arab Emirates dirham
United States dollar
United States trade dollar
Uruguayan peso
Uzbekistani som
Vanuatuan vatu
Vatican lira
vatu
Venetian lira
venezolano
Venezuelan bolivar
Venezuelan peso
Venezuelan venezolano
vereinsthaler
Vietnamese dong
wen
West African CFA franc
West African pound
West German mark
West New Guinean rupiah
Westphalian frank
Westphalian thaler
Wurttemberg gulden
yang
Yapese rai stones
Yemeni dinar
Yemeni rial
yen
yuan
Yugoslav dinar
zaire
Zairean zaire
Zambian kwacha
Zambian pound
Zanzibari rupee
Zimbabwean dollar
zloty
