
?kermanite
?rebroite
?venekite
AA-8000
AL-6XN
Abelsonite
Abenakiite-(Ce)
Aberdeen granite
Abernathyite
Abhurite
Abswurmbachite
Acanthite
Acetamide
Actinium
Actinium
Actinolite
Acuminite
Adamite
Adamsite-(Y)
Adelite
Admontite
Aegirine
Aenigmatite
Aerinite
Aerugite
Aeschynite-(Ce)
Aeschynite-(Nd)
Aeschynite-(Y)
Afghanite
Afwillite
Agardite-(Ce)
Agardite-(La)
Agardite-(Y)
Agrellite
Agrinierite
Aguilarite
Aheylite
Ahlfeldite
Aikinite
Ajoite
Akagan?ite
Akatoreite
Akdalaite
Akhtenskite
Akimotoite
Akrochordite
Aksaite
Aktashite
Al-Li
Alabandite
Alacranite
Alamosite
Alarsite
Albite
Albrechtschraufite
Aldermanite
Aleksite
Alforsite
Algodonite
Aliettite
Allabogdanite
Allactite
Allanite-(Ce)
Allanite-(La)
Allanite-(Y)
Allargentum
Alleghanyite
Alloclasite
Allophane
Alloy 20
Alluaivite
Alluaudite
Almandine
Almarudite
Alnico
Alsakharovite-Zn
Alstonite
Altaite
Althausite
Althupite
Altisite
Aluminite
Aluminium
Aluminium
Aluminium
Aluminium bronze
Alumino-Magnesiohulsite
Aluminoceladonite
Aluminocopiapite
Alumohydrocalcite
Alumoklyuchevskite
Alumopharmacosiderite
Alumotantite
Alumotungstite
Alunite
Alunogen
Alvanite
Amakinite
Amalgam
Amarantite
Amarillite
Ameghinite
Americium
Americium
Amesite
Amicite
Aminoffite
Ammonioalunite
Ammonioborite
Ammoniojarosite
Ammonioleucite
Amphibolite
Amstallite
Analcime
Anandite
Anapaite
Anatase
Ancaster stone
Ancylite-(Ce)
Ancylite-(La)
Andalusite
Andersonite
Andesite
Andorite
Andradite
Andremeyerite
Androsite-(La)
Anduoite
Andyrobertsite
Angelaite
Angelellite
Anglesite
Anhydrite
Anilite
Ankangite
Ankerite
Ankinovichite
Annabergite
Annite
Anorthoclase
Anorthominasragrite
Anorthosite
Ansermetite
Antarcticite
Anthonyite
Anthophyllite
Anthracite iron
Antigorite
Antimonpearceite
Antimonselite
Antimony
Antimony
Antimony
Antlerite
Anyuiite
Apachite
Aphthitalite
Apjohnite
Aplite
Aplowite
Apuanite
Aragonite
Arakiite
Aramayoite
Aravaipaite
Arcanite
Archerite
Arctite
Arcubisite
Ardaite
Ardealite
Ardennite
Arfvedsonite
Argentojarosite
Argentopentlandite
Argentopyrite
Argentotennantite
Argon
Argutite
Arhbarite
Aristarainite
Arkose
Armalcolite
Armangite
Armenite
Armstrongite
Arrojadite
Arsenbrackebuschite
Arsendescloizite
Arsenic
Arsenic
Arsenic
Arseniopleite
Arseniosiderite
Arsenoclasite
Arsenocrandallite
Arsenoflorencite-(Ce)
Arsenogorceixite
Arsenogoyazite
Arsenohauchecornite
Arsenolite
Arsenopalladinite
Arsenopyrite
Arsenosulvanite
Arsenpolybasite
Arsentsumebite
Arsenuranospathite
Arsenuranylite
Arthurite
Artinite
Artroeite
Artsmithite
Arupite
Arzakite
Asbecasite
Asbolane
Aschamalmite
Ashburtonite
Ashcroftine-(Y)
Ashoverite
Asisite
Aspidolite
Asselbornite
Astatine
Astatine
Astrocyanite-(Ce)
Astrophyllite
Atacamite
Atelestite
Athabascaite
Atheneite
Atlasovite
Atokite
Attakolite
Aubertite
Augelite
Augite
Aurichalcite
Auricupride
Aurivilliusite
Aurorite
Aurostibite
Austinite
Autunite
Averievite
Avicennite
Avogadrite
Awaruite
Azoproite
Azurite
B?ggildite
B?gvadite
B?hmite
Babefphite
Babingtonite
Babkinite
Baddeleyite
Bafertisite
Baghdadite
Bahianite
Baileychlore
Bakerite
Bakhchisaraitsevite
Baksanite
Balangeroite
Balipholite
Balkanite
Balyakinite
Bambollaite
Bamfordite
Banalsite
Bandylite
Bannermanite
Bannisterite
Baotite
Bararite
Baratovite
Barberiite
Barbertonite
Barbosalite
Barentsite
Bariandite
Baricite
Bario-olgite
Bario-orthojoaquinite
Bariomicrolite
Bariopyrochlore
Bariosincosite
Barium
Barium
Barium-Pharmacosiderite
Barnack rag
Barnesite
Barquillite
Barrerite
Barringerite
Barringtonite
Barroisite
Barstowite
Bartelkeite
Bartonite
Barylite
Barysilite
Baryte
Barytocalcite
Barytolamprophyllite
Basalt
Basaluminite
Basanite
Bassanite
Bassetite
Bastn?site-(Ce)
Bastn?site-(La)
Bastn?site-(Y)
Batiferrite
Batisite
Baumhauerite
Baumhauerite-2a
Baumstarkite
Bauranoite
Bavenite
Bayerite
Bayldonite
Bayleyite
Baylissite
Bazhenovite
Bazirite
Bazzite
Bearl
Bearsite
Bearthite
Beaverite
Bechererite
Becquerelite
Bederite
Behierite
Behoite
Beidellite
Belendorffite
Belkovite
Bell metal
Bellbergite
Bellidoite
Bellingerite
Belloite
Belovite-(Ce)
Belovite-(La)
Belyankinite
Bementite
Benauite
Benavidesite
Benitoite
Benjaminite
Benleonardite
Benstonite
Bentorite
Benyacarite
Beraunite
Berborite
Berdesinskiite
Berezanskite
Bergenite
Bergslagite
Berkelium
Berkelium
Berlinite
Bermanite
Bernalite
Bernardite
Berndtite
Berryite
Berthierine
Berthierite
Bertossaite
Bertrandite
Beryl
Beryllite
Beryllium
Beryllium
Beryllium copper
Beryllonite
Berzelianite
Berzeliite
Betafite
Betpakdalite
Beudantite
Beusite
Bezsmertnovite
Bianchite
Bicchulite
Bideauxite
Bieberite
Biehlite
Bigcreekite
Bijvoetite-(Y)
Bikitaite
Bilibinskite
Bilinite
Billietite
Billingsleyite
Billon
Bindheimite
Biosteel
Biphosphammite
Biringuccite
Birnessite
Bismite
Bismoclite
Bismuth
Bismuth
Bismuth
Bismuthinite
Bismutocolumbite
Bismutoferrite
Bismutohauchecornite
Bismutomicrolite
Bismutopyrochlore
Bismutostibiconite
Bismutotantalite
Bityite
Bixbyite
Bjarebyite
Bl?dite
Blatonite
Blatterite
Blaxter
Bleasdaleite
Blixite
Blossite
Blueschist
Bobfergusonite
Bobierrite
Bobjonesite
Bobkingite
Bogdanovite
Boggsite
Bohdanowiczite
Bohrium
Bohrium
Bokite
Boldyrevite
Boleite
Bolivarite
Boltwoodite
Bonaccordite
Bonattite
Bonshtedtite
Boothite
Boracite
Boralsilite
Borax
Borcarite
Borishanskiite
Bornemanite
Bornhardtite
Bornite
Borodaevite
Boromuscovite
Boron
Borovskite
Bostwickite
Botallackite
Botryogen
Bottinoite
Boulangerite
Bournonite
Boussingaultite
Bowieite
Boyleite
Br?ggenite
Brabantite
Bracewellite
Brackebuschite
Bradaczekite
Bradleyite
Braggite
Braitschite-(Ce)
Brammallite
Brandholzite
Brandtite
Brannerite
Brannockite
Brass
Brassite
Braunite
Brazilianite
Breccia
Bredigite
Breithauptite
Brendelite
Brenkite
Brewsterite-Ba
Brewsterite-Sr
Brezinaite
Brianite
Brianroulstonite
Brianyoungite
Briartite
Brindleyite
Brinrobertsite
Britannia silver
Britannium
Britholite-(Ce)
Britholite-(Y)
Brizziite
Brochantite
Brockite
Brodtkorbite
Bromargyrite
Bromellite
Bromine
Bronze
Brookite
Brownmillerite
Brucite
Brugnatellite
Brunogeierite
Brushite
Buchwaldite
Buckhornite
Buddingtonite
Buergerite
Bukovite
Bukovsk?ite
Bulachite
Bulat steel
Bultfonteinite
Bunsenite
Burangaite
Burbankite
Burckhardtite
Burkeite
Burnsite
Burpalite
Burtite
Buryatite
Bushmakinite
Bussenite
Bustamite
Butlerite
Buttgenbachite
Byelorussite-(Ce)
Bystr?mite
Bystrite
Cabalzarite
Cabriite
Cacoxenite
Cadmium
Cadmium
Cadmium
Cadmoindite
Cadmoselite
Cadwaladerite
Caen stone
Caesium
Caesium
Cafarsite
Cafetite
Cahnite
Calamine brass
Calaverite
Calciborite
Calcio-ancylite-(Ce)
Calcio-ancylite-(Nd)
Calcioandyrobertsite
Calcioaravaipaite
Calciobetafite
Calcioburbankite
Calciocopiapite
Calcioferrite
Calciohilairite
Calciosamarskite
Calciotantite
Calciouranoite
Calcite
Calcium
Calcium
Calcjarlite
Calcurmolite
Calcybeborosilite-(Y)
Calderite
Calderonite
Caledonite
Californium
Californium
Calkinsite-(Ce)
Callaghanite
Calomel
Calumetite
Calzirtite
Camerolaite
Cameronite
Camgasite
Caminite
Campigliaite
Canaphite
Canasite
Canavesite
Cancrinite
Cancrisilite
Canfieldite
Cannizzarite
Cannonite
Caoxite
Capgaronnite
Cappelenite-(Y)
Caracolite
Carboborite
Carbocernaite
Carboirite
Carbokentbrooksite
Carbon
Carbonate-cyanotrichite
Carbonate-fluorapatite
Carbonate-hydroxylapatite
Carbonatite
Caresite
Carletonite
Carlfriesite
Carlhintzeite
Carlinite
Carlosruizite
Carlosturanite
Carlsbergite
Carmichaelite
Carminite
Carnallite
Carnotite
Carobbiite
Carpholite
Carrara marble
Carraraite
Carrboydite
Carrollite
Caryinite
Caryopilite
Cascandite
Cassedanneite
Cassidyite
Cassiterite
Cast iron
Caswellsilverite
Catalanoite
Catamarcaite
Catapleiite
Catcastle
Cattierite
Cattiite
Cavansite
Cavoite
Caysichite-(Y)
Cebaite-(Ce)
Cebaite-(Nd)
Cebollite
Cechite
Cejkaite
Celadonite
Celestite
Celestrium
Celsian
Cerchiaraite
Cerianite-(Ce)
Ceriopyrochlore-(Ce)
Cerite-(Ce)
Cerite-(La)
Cerium
Cerium
Cern?ite
Cerotungstite-(Ce)
Cerrobend
Cerul?ite
Cerussite
Cervandonite-(Ce)
Cervantite
Cervelleite
Cesanite
Cesarolite
Cesbronite
Cesium-kupletskite
Cesplumtantite
Cesstibtantite
Cetineite
Chabazite-Ca
Chabazite-K
Chabazite-Na
Chabazite-Sr
Chabourn?ite
Chadwickite
Chaidamuite
Chalcanthite
Chalcoalumite
Chalcocite
Chalcocyanite
Chalcomenite
Chalconatronite
Chalcophanite
Chalcophyllite
Chalcopyrite
Chalcosiderite
Chalcothallite
Chalk
Chalk
Challacolloite
Cham?anite
Chambersite
Chamosite
Changbaiite
Changchengite
Changoite
Chantalite
Chaoite
Chapmanite
Charlesite
Charmarite
Charnockite
Charoite
Chatkalite
Chayesite
Chekhovichite
Chelkarite
Chelyabinskite
Chenevixite
Chengdeite
Chenite
Cheralite
Cheremnykhite
Cherepanovite
Chernikovite
Chernovite-(Y)
Chernykhite
Chert
Chervetite
Chessexite
Chesterite
Chestermanite
Chevkinite-(Ce)
Chiavennite
Childrenite
Chiluite
Chinese silver
Chiolite
Chkalovite
Chladniite
Chloraluminite
Chlorapatite
Chlorargyrite
Chlorartinite
Chlorbartonite
Chlorellestadite
Chlorine
Chloritoid
Chlormagaluminite
Chlorocalcite
Chloromenite
Chlorophoenicite
Chlorothionite
Chloroxiphite
Choloalite
Chondrodite
Chrisstanleyite
Christelite
Christite
Chromatite
Chrombismite
Chromceladonite
Chromdravite
Chromel
Chromferide
Chromite
Chromium
Chromium
Chromium
Chromoly
Chromphyllite
Chrysoberyl
Chrysocolla
Chudobaite
Chukhrovite-(Ce)
Chukhrovite-(Y)
Churchite-(Y)
Chursinite
Chvaleticeite
Chvilevaite
Cianciulliite
Cinnabar
Ciprianiite
Clairite
Claraite
Claringbullite
Clarkeite
Claudetite
Clausthalite
Clearcreekite
Clerite
Cliffordite
Clinoatacamite
Clinobehoite
Clinobisvanite
Clinocervantite
Clinochalcomenite
Clinochlore
Clinochrysotile
Clinoclase
Clinoenstatite
Clinoferrosilite
Clinohedrite
Clinoholmquistite
Clinohumite
Clinojimthompsonite
Clinokurchatovite
Clinomimetite
Clinophosinaite
Clinoptilolite-Ca
Clinoptilolite-K
Clinoptilolite-Na
Clinosafflorite
Clinotobermorite
Clinoungemachite
Clinozoisite
Clintonite
Clipsham stone
Clunch
Coal
Coalingite
Cobalt
Cobalt
Cobalt-Pentlandite
Cobalt-Zippeite
Cobaltarthurite
Cobaltaustinite
Cobaltite
Cobaltkieserite
Cobaltkoritnigite
Cobaltlotharmeyerite
Cobaltneust?dtelite
Cobaltomenite
Cobalttsumcorite
Cochromite
Coconinoite
Coesite
Coffinite
Cohenite
Colemanite
Collinsite
Coloradoite
Colquiriite
Colusite
Comancheite
Combeite
Comblainite
Compreignacite
Conglomerate
Congolite
Conichalcite
Connellite
Constantan
Cookeite
Coombsite
Cooperite
Coparsite
Copiapite
Copper
Copper
Copper
Copper-Nickel
Coquandite
Coquina
Corallian limestone
Corderoite
Cordierite
Cordylite-(Ce)
Corinthian brass
Corkite
Cornetite
Cornubite
Cornwallite
Coronadite
Corrensite
Corsehill
Corundum
Corvusite
Cosalite
Coskrenite-(Ce)
Costibite
Cotswold stone
Cotunnite
Coulsonite
Coutinhoite
Covellite
Cowlesite
Coyoteite
Crandallite
Crawfordite
Creaseyite
Crednerite
Creedite
Crerarite
Crichtonite
Criddleite
Cristobalite
Crocoite
Cronstedtite
Cronusite
Crookesite
Crucible steel
Cryolite
Cryolithionite
Cryptohalite
Cryptomelane
Cualstibite
Cubanite
Cuboargyrite
Cumengite
Cummingtonite
Cunife
Cupalite
Cuprite
Cuprobismutite
Cuprocopiapite
Cuproiridsite
Cupromakovickyite
Cupronickel
Cupropavonite
Cuprorhodsite
Cuprorivaite
Cuprosklodowskite
Cuprospinel
Cuprostibite
Cuprotungstite
Curetonite
Curienite
Curite
Curium
Curium
Cuspidine
Cuzticite
Cyanochroite
Cyanophyllite
Cyanotrichite
Cylindrite
Cymbal alloys
Cymrite
Cyrilovite
D'Ansite
Dachiardite
Dachiardite-Ca
Dachiardite-Na
Dacite
Dadsonite
Dalyite
Damaraite
Damascus steel
Damiaoite
Danalite
Danbaite
Danburite
Danielsite
Daomanite
Daqingshanite-(Ce)
Darapiosite
Darapskite
Darmstadtium
Darmstadtium
Dashkovaite
Datolite
Daubr?eite
Daubre?lite
Davanite
Davidite-(Ce)
Davidite-(La)
Davreuxite
Davyne
Dawsonite
Deanesmithite
Decrespignyite-(Y)
Deerite
Defernite
Delafossite
Delhayelite
Deliensite
Delindeite
Dellaite
Dellaventuraite
Deloneite-(Ce)
Deloryite
Delrioite
Delvauxite
Demesmaekerite
Denisovite
Denningite
Derbylite
Derriksite
Dervillite
Desautelsite
Descloizite
Despujolsite
Dessauite-(Y)
Devarda's alloy
Devilline
Dewindtite
Diabase
Diabol?ite
Diadochite
Diaoyudaoite
Diaphorite
Diaspore
Diatomite
Dickinsonite
Dickite
Dickthomssenite
Dienerite
Dietrichite
Dietzeite
Digenite
Dimorphite
Dinite
Diomignite
Diopside
Dioptase
Diorite
Dissakisite-(Ce)
Dittmarite
Diversilite-(Ce)
Dixenite
Djerfisherite
Djurleite
Dmisteinbergite
Dolerite
Dolerophanite
Dollaseite-(Ce)
Dolomite
Dolomite
Dolomite
Doloresite
Domeykite
Donharrisite
Donnayite-(Y)
Donpeacorite
Dorallcharite
Dorfmanite
Dorrite
Downeyite
Doyleite
Dozyite
Dravite
Dresserite
Drugmanite
Drysdallite
Dubnium
Dubnium
Dufr?nite
Dufr?noysite
Duftite
Dugganite
Dukeite
Dumontite
Dumortierite
Dundasite
Dunhouse Blue
Dunhouse Buff
Dunite
Duralumin
Durangite
Duranusite
Dusmatovite
Dussertite
Duttonite
Dwornikite
Dypingite
Dyscrasite
Dysprosium
Dysprosium
Dzhalindite
Dzharkenite
Eakerite
Earlandite
Earlshannonite
Eastonite
Ecandrewsite
Ecdemite
Eckermannite
Eclarite
Eclogite
Edenharterite
Edenite
Edgarbaileyite
Edgarite
Edingtonite
Edoylerite
Effenbergerite
Efremovite
Eggletonite
Eglestonite
Ehrleite
Eifelite
Einsteinium
Einsteinium
Eitelite
Ekanite
Ekaterinite
Ekatite
Elbaite
Electrical steel
Electrum
Elinvar
Ellenbergerite
Ellisite
Elpasolite
Elpidite
Elyite
Embreyite
Emeleusite
Emilite
Emmonsite
Empressite
Enargite
Endellite
Englishite
Enstatite
Eosphorite
Ephesite
Epididymite
Epidiorite
Epidosite
Epidote
Epistilbite
Epistolite
Epsomite
Erbium
Erbium
Ercitite
Erdite
Ericaite
Ericssonite
Eriochalcite
Erionite-Ca
Erionite-K
Erionite-Na
Erlianite
Erlichmanite
Ernienickelite
Erniggliite
Ernstite
Ershovite
Ertixiite
Erythrite
Erythrosiderite
Eskebornite
Eskimoite
Eskolaite
Esperanzaite
Esperite
Esseneite
Essexite
Ettringite
Eucairite
Euchroite
Euclase
Eucryptite
Eudialyte
Eudidymite
Eugenite
Eugsterite
Eulytine
Europium
Europium
Euxenite-(Y)
Evansite
Evaporite
Eveite
Evenkite
Eveslogite
Ewaldite
Eylettersite
Eyselite
Ezcurrite
Eztlite
F?l?ppite
Fabianite
Faheyite
Fahleite
Fairbankite
Fairchildite
Fairfieldite
Falcondoite
Famatinite
Fangite
Farringtonite
Faujasite-Ca
Faujasite-Mg
Faujasite-Na
Faustite
Fayalite
Fedorite
Fedorovskite
Fedotovite
Feinglosite
Feitknechtite
Feklichevite
Felbertalite
Fenaksite
Fencooperite
Ferberite
Ferchromide
Fergusonite-(Ce)
Fergusonite-(Nd)
Fergusonite-(Y)
Fergusonite-beta-(Ce)
Fergusonite-beta-(Nd)
Fergusonite-beta-(Y)
Fermium
Fermium
Fermorite
Fernandinite
Fernico
Feroxyhyte
Ferrarisite
Ferri-ottoliniite
Ferriallanite-(Ce)
Ferrierite-K
Ferrierite-Mg
Ferrierite-Na
Ferrihydrite
Ferrilotharmeyerite
Ferrimolybdite
Ferrinatrite
Ferripyrophyllite
Ferrisicklerite
Ferristrunzite
Ferrisurite
Ferrisymplesite
Ferritungstite
Ferro-Axinite
Ferro-actinolite
Ferro-aluminoceladonite
Ferroalloys
Ferroalluaudite
Ferrobarroisite
Ferroboron
Ferrobustamite
Ferrocarpholite
Ferroceladonite
Ferrochrome
Ferrocolumbite
Ferrogedrite
Ferroglaucophane
Ferroh?gbomite-2N2S
Ferrohexahydrite
Ferroholmquistite
Ferrohornblende
Ferrok?sterite
Ferrokaersutite
Ferrokentbrooksite
Ferrokinoshitalite
Ferromagnesium
Ferromanganese
Ferromolybdenum
Ferronickel
Ferronickelplatinum
Ferronigerite-2N1S
Ferronigerite-6N6S
Ferronordite-(Ce)
Ferronordite-(La)
Ferropargasite
Ferrophosphorus
Ferropyrosmalite
Ferrorhodsite
Ferrorichterite
Ferroselite
Ferrosilicon
Ferrosilite
Ferrostrunzite
Ferrotaaffeite-6N'3S
Ferrotantalite
Ferrotapiolite
Ferrotitanium
Ferrotitanowodginite
Ferrotschermakite
Ferrotychite
Ferrovanadium
Ferrowodginite
Ferrowyllieite
Ferruccite
Fersmanite
Fersmite
Feruvite
Fervanite
Fetiasite
Fettelite
Fianelite
Fibroferrite
Fichtelite
Fiedlerite
Field's metal
Filatovite
Filipstadite
Fillowite
Fingerite
Finnemanite
Fischesserite
Fiz?lyite
Flaggy Limestone
Flagstaffite
Fleischerite
Fletcherite
Flinkite
Flint
Flint
Florencite-(Ce)
Florencite-(La)
Florencite-(Nd)
Florenskyite
Florensovite
Fluckite
Fluellite
Fluoborite
Fluocerite-(Ce)
Fluocerite-(La)
Fluorapatite
Fluorapophyllite
Fluorcaphite
Fluorellestadite
Fluorine
Fluorite
Fluornatromicrolite
Fluoro-edenite
Fluoro-magnesio-arfvedsonite
Fluoro-richterite
Fluorocannilloite
Fluoronyb?ite
Fluorthalenite-(Y)
Fluorvesuvianite
Foggite
Foidolite
Foitite
Fontanite
Foordite
Forest marble
Formanite-(Y)
Formicaite
Fornacite
Forsterite
Foshagite
Foshallasite
Fourmarierite
Fraipontite
Fran?oisite-(Nd)
Francevillite
Franciscanite
Francisite
Francium
Francium
Franckeite
Francoanellite
Franconite
Frankamenite
Frankdicksonite
Frankhawthorneite
Franklinfurnaceite
Franklinite
Franklinphilite
Fransoletite
Franzinite
Freboldite
Fredrikssonite
Freedite
Freibergite
Freieslebenite
Fresnoite
Freudenbergite
Friedelite
Friedrichite
Frohbergite
Frolovite
Frondelite
Froodite
Fuenzalidaite
Fukalite
Fukuchilite
Furongite
Furutobeite
G?rgeyite
G?tzenite
Gabbro
Gabrielite
Gabrielsonite
Gadolinite-(Ce)
Gadolinite-(Y)
Gadolinium
Gadolinium
Gagarinite-(Y)
Gageite
Gahnite
Gaidonnayite
Gainesite
Gaitite
Galaxite
Galeite
Galena
Galenobismutite
Galgenbergite-(Ce)
Galileiite
Galinstan
Galkhaite
Gallite
Gallium
Gallium
Gallobeudantite
Gamagarite
Gananite
Ganomalite
Ganophyllite
Ganterite
Gaotaiite
Garavellite
Garrelsite
Garronite
Gartrellite
Garyansellite
Gasp?ite
Gasparite-(Ce)
Gatehouseite
Gatelite-(Ce)
Gatumbaite
Gaudefroyite
Gaultite
Gaylussite
Gearksutite
Gebhardite
Gedrite
Geerite
Geffroyite
Gehlenite
Geigerite
Geikielite
Geminite
Genkinite
Genthelvite
Geocronite
Georgbokiite
Georgechaoite
Georgeericksenite
Georgeite
Georgiadesite
Gerasimovskite
Gerdtremmelite
Gerenite-(Y)
Gerhardtite
German silver
Germanite
Germanium
Germanium
Germanocolusite
Gersdorffite
Gerstleyite
Gerstmannite
Getchellite
Geversite
Gianellaite
Gibbsite
Giessenite
Gilalite
Gilding metal
Gillespite
Gillulyite
Gilmarite
Giniite
Ginorite
Giorgiosite
Giraudite
Girdite
Girvasite
Gismondine
Gismondine-Ca
Gittinsite
Giuseppettite
Gjerdingenite-Fe
Gjerdingenite-Mn
Gladite
Gladiusite
Glauberite
Glaucocerinite
Glaucochroite
Glaucodot
Glauconite
Glaucophane
Glaukosphaerite
Glucine
Glushinskite
Gmelinite-Ca
Gmelinite-K
Gmelinite-Na
Gneiss
Gobbinsite
Godlevskite
Godovikovite
Goedkenite
Goethite
Gold
Gold
Gold
Goldfieldite
Goldichite
Goldmanite
Goldquarryite
Gonnardite
Gonyerite
Goosecreekite
Gorceixite
Gordaite
Gordonite
Gormanite
Gortdrumite
Goslarite
Gottardiite
Gottlobite
Goudeyite
Gowerite
Goyazite
Gr?nerite
Graemite
Graeserite
Graftonite
Gramaccioliite-(Y)
Grandidierite
Grandreefite
Granite
Granite
Granite
Granodiorite
Granophyre
Grantsite
Granulite
Graphite
Gratonite
Grattarolaite
Graulichite-(Ce)
Gravegliaite
Grayite
Grechishchevite
Greenalite
Greenockite
Greenschist
Greenstone
Gregoryite
Greifensteinite
Greigite
Greywacke
Griceite
Grimaldiite
Grimselite
Griphite
Grischunite
Grossite
Grossular
Groutite
Grumantite
Grumiplucite
Gruzdevite
Gu?rinite
Guan?n
Guanajuatite
Guanine
Guarinoite
Gudmundite
Guettardite
Gugiaite
Guildite
Guilleminite
Gunmetal
Gunningite
Gupeiite
Gustavite
Guyanaite
Gwihabaite
Gypsum
Gypsum
Gyrolite
Gysinite-(Nd)
H?bnerite
H?gelite
H?ggite
H?gtuvaite
H?leniusite-(La)
H?rnesite
HSLA steel
Ha?yne
Haapalaite
Hafnium
Hafnium
Hafnon
Hagendorfite
Haggertyite
Haidingerite
Haigerachite
Haineaultite
Hainite
Haiweeite
Hakite
Halite
Hallimondite
Halloysite
Halotrichite
Halurgite
Hambergite
Hammarite
Hanawaltite
Hancockite
Hanksite
Hannayite
Hannebachite
Hapkeite
Haradaite
Hardened steel
Hardystonite
Harkerite
Harmotome
Harrisonite
Harstigite
Harzburgite
Hashemite
Hassium
Hassium
Hastelloy
Hastingsite
Hastite
Hatchite
Hatrurite
Hauchecornite
Hauckite
Hauerite
Hawleyite
Hawthorneite
Haxonite
Haycockite
Haynesite
Heazlewoodite
Hechtsbergite
Hectorfloresite
Hectorite
Hedenbergite
Hedleyite
Hedyphane
Heideite
Heidornite
Heinrichite
Hejtmanite
Heliophyllite
Helium
Hellandite-(Ce)
Hellandite-(Y)
Hellyerite
Helmutwinklerite
Hematite
Hematolite
Hematophanite
Hemihedrite
Hemimorphite
Hemloite
Hemusite
Hendersonite
Hendricksite
Heneuite
Henmilite
Hennomartinite
Henritermierite
Henryite
Henrymeyerite
Hentschelite
Hepatizon
Herbertsmithite
Hercynite
Herderite
Herzenbergite
Hessite
Hetaerolite
Heterogenite
Heteromorphite
Heterosite
Heulandite-Ba
Heulandite-Ca
Heulandite-K
Heulandite-Na
Heulandite-Sr
Heusler alloy
Hewettite
Hexaferrum
Hexahydrite
Hexahydroborite
Hexatestibiopanickelite
Heyite
Heyrovsk?ite
Hi?rneite
Hibbingite
Hibonite
Hidalgoite
Hieratite
High speed steel
Hilairite
Hilgardite
Hillebrandite
Hillite
Hingganite-(Ce)
Hingganite-(Y)
Hingganite-(Yb)
Hinsdalite
Hisingerite
Hocartite
Hochelagaite
Hodgkinsonite
Hodru?hite
Hoelite
Hoganite
Hohmannite
Holdawayite
Holdenite
Holfertite
Hollandite
Hollingworthite
Holmium
Holmium
Holmquistite
Holtedahlite
Holtite
Homilite
Honessite
Hongshiite
Hopeite
Hornblendite
Hornfels
Horv?thite-(Y)
Hotsonite
Howardevansite
Howieite
Howlite
Hsianghualite
Huanghoite-(Ce)
Huangite
Hubeite
Huemulite
Hulsite
Humberstonite
Humboldtine
Humite
Hummerite
Hunchunite
Hungchaoite
Huntite
Hur?aulite
Hurlbutite
Hutchinsonite
Huttonite
Hyalophane
Hyalotekite
Hydroastrophyllite
Hydrobasaluminite
Hydrobiotite
Hydroboracite
Hydrocalumite
Hydrocerussite
Hydrochlorborite
Hydrodelhayelite
Hydrodresserite
Hydrogen
Hydroglauberite
Hydrohalite
Hydrohetaerolite
Hydrohonessite
Hydromagnesite
Hydrombobomkulite
Hydronium jarosite
Hydrophilite
Hydroromarchite
Hydroscarbroite
Hydrotalcite
Hydrotungstite
Hydrowoodwardite
Hydroxyapophyllite
Hydroxycancrinite
Hydroxylapatite
Hydroxylbastn?site-(Ce)
Hydroxylbastn?site-(La)
Hydroxylbastn?site-(Nd)
Hydroxylclinohumite
Hydroxylellestadite
Hydroxylherderite
Hydrozincite
Hypercinnabar
Hyttsj?ite
IMA 1988-047
IMA 2004-046
IMA2001-002
IMA2001-004
IMA2001-005
IMA2003-021
Ianthinite
Ice
Idaite
Idrialite
Ignimbrite
Iimoriite-(Y)
Ijolite
Ikaite
Ikranite
Ikunolite
Il?maussite-(Ce)
Ilesite
Ilinskite
Illite
Ilmajokite
Ilmenite
Ilsemannite
Iltisite
Ilvaite
Imandrite
Imgreite
Imhofite
Imiterite
Inaglyite
Incaite
Inconel
Inderborite
Inderite
Indialite
Indigirite
Indite
Indium
Indium
Indium
Inesite
Ingersonite
Ingodite
Innelite
Insizwaite
Intersilite
Invar
Inyoite
Iodargyrite
Iodine
Iowaite
Iquiqueite
Iranite
Iraqite-(La)
Irarsite
Irhtemite
Iridarsenite
Iridium
Iridium
Iridium
Iriginite
Iron
Iron
Iron
Irtyshite
Isocubanite
Isoferroplatinum
Isokite
Isolueshite
Isomertieite
Isovite
Itoigawaite
Itoite
Iwakiite
Iwashiroite-(Y)
Ixiolite
Izoklakeite
J?chymovite
J?rgensenite
Jacobsite
Jacquesdietrichite
Jadeite
Jaffeite
Jagoite
Jagowerite
Jagu?ite
Jahnsite-(CaMnFe)
Jahnsite-(CaMnMg)
Jahnsite-(CaMnMn)
Jahnsite-(MnMnMn)
Jaipurite
Jalpaite
Jamborite
Jamesite
Jamesonite
Janggunite
Janhaugite
Jankovicite
Jarandolite
Jarlite
Jarosewichite
Jarosite
Jask?lskiite
Jasmundite
Jasperoid
Jaspillite
Jeanbandyite
Jedwabite
Jeffreyite
Jennite
Jensenite
Jentschite
Jeppeite
Jeremejevite
Jeromite
Jerrygibbsite
Jerusalem stone
Jervisite
Jianshuiite
Jimboite
Jimthompsonite
Jinshajiangite
Jixianite
Joaquinite-(Ce)
Joesmithite
Johachidolite
Johannite
Johannsenite
Johillerite
Johnbaumite
Johninnesite
Johnsomervilleite
Johntomaite
Johnwalkite
Jokokuite
Joliotite
Jolliffeite
Jonesite
Jordanite
Jos?ite
Jos?ite-B
Jouravskite
Juabite
Juanitaite
Juanite
Julgoldite-(Fe2+)
Jungite
Junitoite
Junoite
Juonniite
Jurbanite
K?sterite
K?ttigite
Kaatialaite
Kadyrelite
Kaersutite
Kahlerite
Kainosite-(Y)
Kalborsite
Kalicinite
Kalifersite
Kalininite
Kalinite
Kaliophilite
Kalipyrochlore
Kalistrontite
Kalsilite
Kamacite
Kamaishilite
Kambaldaite
Kamchatkite
Kamiokite
Kamitugaite
Kamotoite-(Y)
Kampfite
Kamphaugite-(Y)
Kanemite
Kankite
Kanoite
Kanonaite
Kanonerovite
Kaolinite
Kapitsaite-(Y)
Kapustinite
Karasugite
Karelianite
Karibibite
Karlite
Karnasurtite-(Ce)
Karpatite
Karpinskite
Karupm?llerite-Ca
Kashinite
Kasolite
Kassite
Kastningite
Katoite
Katophorite
Katoptrite
Kawazulite
Kazakhstanite
Kazakovite
Keckite
Kegelite
Keilite
Keithconnite
Keiviite-(Y)
Keiviite-(Yb)
Keldyshite
Kellyite
Kelyanite
Kemmlitzite
Kempite
Kenhsuite
Kentbrooksite
Kentrolite
Kenyaite
Kermesite
Kernite
Kerolite
Kettnerite
Ketton Stone
Keyite
Keystoneite
Khademite
Khaidarkanite
Khamrabaevite
Khanneshite
Kharaelakhite
Khatyrkite
Khibinskite
Khinite
Khmaralite
Khomyakovite
Khristovite-(Ce)
Kiddcreekite
Kidwellite
Kieftite
Kieserite
Kilchoanite
Killalaite
Kimberlite
Kimrobinsonite
Kimuraite-(Y)
Kimzeyite
Kingite
Kingsmountite
Kinichilite
Kinoite
Kinoshitalite
Kintoreite
Kipushite
Kirkiite
Kirschsteinite
Kitkaite
Kittatinnyite
Kladnoite
Klebelsbergite
Kleemanite
Kleinite
Klockmannite
Klyuchevskite
Knorringite
Koashvite
Kobeite-(Y)
Kobellite
Kochite
Kochkarite
Koechlinite
Koenenite
Kogarkoite
Koktaite
Kolarite
Kolbeckite
Kolfanite
Kolicite
Kolovratite
Kolwezite
Kolymite
Komarovite
Komatiite
Kombatite
Komkovite
Konderite
Koninckite
Konyaite
Koragoite
Koritnigite
Kornelite
Kornerupine
Kornite
Korobitsynite
Korshunovskite
Korzhinskite
Kosmochlor
Kosnarite
Kostovite
Kostylevite
Kotoite
Kotulskite
Koutekite
Kovar
Kovdorskite
Kozoite-(La)
Kozoite-(Nd)
Kozulite
Kr?hnkite
Kraisslite
Krasnovite
Kratochvilite
Krausite
Krauskopfite
Krautite
Kremersite
Krennerite
Krettnichite
Kribergite
Krinovite
Kristiansenite
Krupkaite
Krutaite
Krutovite
Krypton
Kryzhanovskite
Ktenasite
Kuannersuite-(Ce)
Kudriavite
Kukharenkoite-(Ce)
Kukharenkoite-(La)
Kukisvumite
Kuksite
Kulanite
Kuliokite-(Y)
Kulkeite
Kullerudite
Kupcikite
Kupletskite
Kuramite
Kuranakhite
Kurchatovite
Kurgantaite
Kurnakovite
Kurumsakite
Kusachiite
Kut?naite
Kutnohorite
Kuzelite
Kuzmenkoite
Kuzminite
Kuznetsovite
Kvanefjeldite
Kyanite
Kyzylkumite
L?llingite
L?neburgite
L?ngbanite
L?venite
L?vyclaudite
L?weite
Labuntsovite-Fe
Labuntsovite-Mg
Labuntsovite-Mn
Lacroixite
Laffittite
Laflammeite
Lafor?tite
Laihunite
Laitakarite
Lammerite
Lamproite
Lamprophyllite
Lamprophyllite-2O
Lamprophyre
Lanarkite
Landauite
Landesite
Langbeinite
Langisite
Langite
Lanmuchangite
Lannonite
Lansfordite
Lanthanite-(Ce)
Lanthanite-(La)
Lanthanite-(Nd)
Lanthanum
Lanthanum
Laphamite
Lapieite
Laplandite-(Ce)
Larderellite
Larisaite
Larnite
Larosite
Larsenite
Larvikite
Latite
Latiumite
Latrappite
Laueite
Launayite
Laurelite
Laurionite
Laurite
Lausenite
Lautarite
Lautenthalite
Lavendulan
Lavrentievite
Lawrencite
Lawrencium
Lawrencium
Lawsonbauerite
Lawsonite
Lazarenkoite
Lazulite
Lazurite
Lead
Lead
Lead
Leadamalgam
Leadhillite
Leakeite
Lecontite
Legrandite
Lehnerite
Leifite
Leightonite
Leisingite
Leiteite
Lemanskiite
Lemmleinite-Ba
Lemmleinite-K
Lemoynite
Lenaite
Lengenbachite
Leningradite
Lennilenapeite
Lenoblite
Leogangite
Leonite
Lepersonnite-(Gd)
Lepidocrocite
Lepidolite
Lepkhenelmite-Zn
Lermontovite
Lessingite-(Ce)
Lesukite
Letovicite
Leucite
Leucophanite
Leucophoenicite
Leucophosphite
Leucosphenite
Levinsonite-(Y)
Levyne-Ca
Levyne-Na
Lewisite
Lewistonite
Lherzolite
Liandratite
Liberite
Libethenite
Liddicoatite
Liebauite
Liebenbergite
Liebigite
Likasite
Lillianite
Lime
Limestone
Limestone
Limestone
Linarite
Lindackerite
Lindbergite
Lindgrenite
Lindqvistite
Lindsleyite
Lindstr?mite
Linnaeite
Lintisite
Liottite
Lipscombite
Liroconite
Lisetite
Lishizhenite
Lisitsynite
Liskeardite
Litchfieldite
Litharge
Lithiomarsturite
Lithiophilite
Lithiophorite
Lithiophosphate
Lithiotantite
Lithiowodginite
Lithium
Lithium
Lithosite
Litidionite
Litvinskite
Liveingite
Livingstonite
Lizardite
Locharbriggs
Lokkaite-(Y)
Lomonosovite
Londonite
Lonecreekite
Lonsdaleite
Loparite-(Ce)
Lopezite
Lorandite
Loranskite-(Y)
Lorenzenite
Loseyite
Lotharmeyerite
Louderbackite
Loudounite
Loughlinite
Lourenswalsite
Lovdarite
Loveringite
Lovozerite
Luanheite
Luberoite
Lucasite-(Ce)
Luddenite
Ludjibaite
Ludlamite
Ludlockite
Ludwigite
Lueshite
Luetheite
Lukechangite-(Ce)
Lukrahnite
Lulzacite
Lun'okite
Lunijianlaite
Lutetium
Lutetium
Luxullianite
Luzonite
Lyonsite
M?ckeite
M?kinenite
M?lonjosephite
MKM steel
Macaulayite
Macdonaldite
Macedonite
Macfallite
Machatschkiite
Mackayite
Mackinawite
Macphersonite
Macquartite
Madocite
Magadiite
Magbasite
Maghagendorfite
Maghemite
Magnesian limestone
Magnesio-arfvedsonite
Magnesio-axinite
Magnesioaubertite
Magnesiocarpholite
Magnesiochloritoid
Magnesiochromite
Magnesiocolumbite
Magnesiocoulsonite
Magnesiodumortierite
Magnesioferrite
Magnesiofoitite
Magnesioh?gbomite-2N2S
Magnesioh?gbomite-2N3S
Magnesioh?gbomite-6N6S
Magnesiohastingsite
Magnesiohornblende
Magnesiohulsite
Magnesiokatophorite
Magnesionigerite-2N1S
Magnesionigerite-6N6S
Magnesiosadanagaite
Magnesiostaurolite
Magnesiotaaffeite-2N?2S
Magnesiotaaffeite-6N?3S
Magnesiotantalite
Magnesiotaramite
Magnesite
Magnesium
Magnesium
Magnesium Astrophyllite
Magnesium-Zippeite
Magnesium-chlorophoenicite
Magnetite
Magnetoplumbite
Magnolite
Magnox
Magnussonite
Mahlmoodite
Mahnertite
Majakite
Majorite
Makarochkinite
Makatite
Makovickyite
Malachite
Malanite
Malayaite
Maldonite
Maleevite
Malinkoite
Malladrite
Mallardite
Mallestigite
Mammothite
Manaksite
Manandonite
Manasseite
Mandarinoite
Manganarsite
Manganaxinite
Manganbabingtonite
Manganbelyankinite
Manganberzeliite
Manganese
Manganese
Manganese-h?rnesite
Mangangordonite
Manganhumite
Manganin
Manganite
Manganlotharmeyerite
Manganochromite
Manganocolumbite
Manganocummingtonite
Manganogrunerite
Manganokhomyakovite
Manganolangbeinite
Manganonaujakasite
Manganonordite-(Ce)
Manganosegelerite
Manganosite
Manganostibite
Manganotantalite
Manganotapiolite
Manganotychite
Manganpyrosmalite
Manganvesuvianite
Manjiroite
Mannardite
Mansfieldite
Mantienneite
Mapimite
Maraging steel
Marble
Marble
Marble
Marcasite
Marecottite
Margaritasite
Margarite
Margarosanite
Marialite
Maricite
Maricopaite
Marine grade stainless
Marinellite
Marl
Marokite
Marrite
Marshite
Marsturite
Martensitic stainless steel
Marthozite
Marumoite
Mascagnite
Maslovite
Massicot
Masutomilite
Masuyite
Mathewrogersite
Mathiasite
Matildite
Matlockite
Matraite
Mattagamite
Matteuccite
Mattheddleite
Matulaite
Mawbyite
Mawsonite
Maxwellite
Mayenite
Mayingite
Mazzettiite
Mazzite-Mg
Mbobomkulite
McConnellite
McGillite
McGuinnessite
Mcallisterite
Mcalpineite
Mcauslanite
Mcbirneyite
Mccrillisite
Mcgovernite
Mckelveyite-(Y)
Mckinstryite
Mcnearite
Medaite
Megacyclite
Megakalsilite
Megallium
Meionite
Meitnerium
Meitnerium
Meixnerite
Melanocerite-(Ce)
Melanophlogite
Melanostibite
Melanotekite
Melanothallite
Melanovanadite
Melanterite
Melilite
Meliphanite
Melkovite
Melonite
Mendelevium
Mendelevium
Mendipite
Mendozavilite
Mendozite
Meneghinite
Mercallite
Mercury
Mercury
Mercury
Mereheadite
Mereiterite
Merenskyite
Merlinoite
Merrihueite
Mertieite-I
Mertieite-II
Merwinite
Mesolite
Messelite
Meta-ankoleite
Meta-autunite
Meta-uranopilite
Metaberyllite
Metaborite
Metacalciouranoite
Metacinnabar
Metadelrioite
Metaheinrichite
Metahewettite
Metahohmannite
Metak?ttigite
Metakahlerite
Metakirchheimerite
Metalodevite
Metamunirite
Metanov?cekite
Metarossite
Metaschoderite
Metaschoepite
Metasideronatrite
Metastibnite
Metastudtite
Metaswitzerite
Metatorbernite
Metatyuyamunite
Metavandendriesscheite
Metavanmeersscheite
Metavanuralite
Metavariscite
Metavauxite
Metavivianite
Metavoltine
Metazellerite
Metazeunerite
Meurigite
Meyerhofferite
Meymacite
Mgriite
Miassite
Micheelsenite
Michenerite
Microcline
Microlite
Microsommite
Miersite
Migmatite
Miharaite
Mikasaite
Milarite
Millerite
Millisite
Millosevichite
Mimetite
Minamiite
Minasgeraisite-(Y)
Minasragrite
Mineevite-(Y)
Minehillite
Minguzzite
Minium
Minnesotaite
Minrecordite
Minyulite
Mirabilite
Mischmetal
Misenite
Miserite
Mitridatite
Mitryaevaite
Mitscherlichite
Mixite
Moctezumite
Modderite
Moganite
Mohite
Mohrite
Moissanite
Moluranite
Molybdenite
Molybdenum
Molybdenum
Molybdite
Molybdofornacite
Molybdomenite
Molybdophyllite
Molysite
Monazite-(Ce)
Monazite-(La)
Monazite-(Nd)
Monazite-(Sm)
Moncheite
Monel metal
Monetite
Mongolite
Monimolite
Monohydrocalcite
Montanite
Montbrayite
Montebrasite
Monteponite
Monteregianite-(Y)
Montesommaite
Montgomeryite
Monticellite
Montmorillonite
Montroseite
Montroyalite
Montroydite
Monzonite
Mooihoekite
Moolooite
Mooreite
Moorhouseite
Mopungite
Moraesite
Mordenite
Morenosite
Morimotoite
Morozeviczite
Moschellandsbergite
Mottanaite-(Ce)
Mottramite
Motukoreaite
Mounanaite
Mountainite
Mountkeithite
Mourite
Moydite-(Y)
Mozartite
Mozgovaite
Mpororoite
Mr?zekite
Mroseite
Mu-metal
Mudstone
Muirite
Mukhinite
Mullite
Mummeite
Mundite
Mundrabillaite
Munirite
Muntz metal
Murataite
Murdochite
Murmanite
Muromontite
Murunskite
Muscovite
Museumite
Mushistonite
Muskoxite
Muthmannite
Mutinaite
Mylonite
N?chwaningite
N?pouite
Na-komarovite
Nabalamprophyllite
Nabaphite
Nabesite
Nabiasite
Nabokoite
Nacaphite
Nacareniobsite-(Ce)
Nacrite
Nadorite
Nafertisite
Nagashimalite
Nagelschmidtite
Nagyagite
Nahcolite
Nahpoite
Nakauriite
Naldrettite
Nalipoite
Namansilite
Nambe
Nambulite
Namibite
Namuwite
Nanlingite
Nanpingite
Nantokite
Narsarsukite
Nasinite
Nasledovite
Nasonite
Nastrophite
Natalyite
Natanite
Natisite
Natrite
Natroalunite
Natroapophyllite
Natrobistantite
Natrochalcite
Natrodufrenite
Natrofairchildite
Natroglaucocerinite
Natrojarosite
Natrolemoynite
Natrolite
Natromontebrasite
Natron
Natronambulite
Natroniobite
Natrophilite
Natrophosphate
Natrosilite
Natrotantite
Natroxalate
Naujakasite
Navajoite
Ne?ilovite
Nealite
Nefedovite
Neighborite
Nekoite
Nekrasovite
Nelenite
Neltnerite
Nenadkevichite
Neodymium
Neodymium
Neon
Neotocite
Nepheline
Nepheline syenite
Nephelinite
Nepskoeite
Neptunite
Neptunium
Neptunium
Neskevaaraite-Fe
Nesquehonite
Neust?dtelite
Nevadaite
Nevskite
Newberyite
Neyite
Niahite
Nichrome
Nichromite
Nickel
Nickel
Nickel
Nickel silver
Nickel-Skutterudite
Nickel-zippeite
Nickelalumite
Nickelaustinite
Nickelbischofite
Nickelhexahydrite
Nickeline
Nickellotharmeyerite
Nickelphosphide
Nickelschneebergite
Nickenichite
Nicrosil
Niedermayrite
Nierite
Nifontovite
Niggliite
Niigataite
Nikischerite
Nimite
Ningyoite
Niningerite
Niobium
Niobium
Niobocarbide
Niobokupletskite
Niobophyllite
Niocalite
Nisbite
Nisil
Nissonite
Nitinol
Nitratine
Nitre
Nitrobarite
Nitrocalcite
Nitrogen
Nitromagnesite
No?lbensonite
Nobelium
Nobelium
Nobleite
Nolanite
Nontronite
Norbergite
Nordenski?ldine
Nordic gold
Nordite-(Ce)
Nordite-(La)
Nordstr?mite
Nordstrandite
Norite
Norrishite
Norsethite
Northupite
Nosean
Nov?cekite
Novaculite
Novakite
Novgorodovaite
Nowackiite
Nsutite
Nuffieldite
Nukundamite
Nullaginite
Nyerereite
O'Danielite
Oboyerite
Obradovicite
Obsidian
Odinite
Odintsovite
Oenite
Offr?tite
Ogdensburgite
Ohmilite
Ojuelaite
Okanoganite-(Y)
Okayamalite
Okenite
Okhotskite
Oldhamite
Olekminskite
Olenite
Olgite
Olivenite
Olkhonskite
Olmsteadite
Olsacherite
Olshanskyite
Olympite
Omeiite
Ominelite
Omphacite
Oneillite
Onoratoite
Oolitic limestone
Oosterboschite
Opal
Ophiolite
Orcelite
Ordonezite
Oregonite
Orickite
Orientite
Orlandiite
Orlymanite
Ormolu
Orpheite
Orpiment
Orschallite
Orthobrannerite
Orthochamosite
Orthochrysotile
Orthoclase
Orthoericssonite
Orthojoaquinite-(Ce)
Orthojoaquinite-(La)
Orthominasragrite
Orthopinakiolite
Orthoserpierite
Orthowalpurgite
Osarizawaite
Osarsite
Osbornite
Osmium
Osmium
Osmium
Osumilite
Osumilite-(Mg)
Oswaldpeetersite
Otavite
Otjisumeite
Ottemannite
Ottrelite
Otwayite
Ourayite
Oursinite
Ovamboite
Overite
Owensite
Owyheeite
Oxammite
Oxygen
Oyelite
P-Veatchite
P??kk?nenite
Paarite
Pabstite
Paceite
Pachnolite
Paderaite
Padmaite
Paganoite
Pahasapaite
Painite
Palarstanide
Palenzonaite
Palermoite
Palladium
Palladium
Palladium
Palladoarsenide
Palladobismutharsenide
Palladodymite
Palladseite
Palmierite
Palygorskite
Panasqueiraite
Panethite
Panunzite
Paolovite
Papagoite
Parabariomicrolite
Parabrandtite
Parabutlerite
Paracelsian
Parachrysotile
Paracoquimbite
Paracostibite
Paradamite
Paradocrasite
Parafransoletite
Paragonite
Paraguanajuatite
Parahopeite
Parajamesonite
Parakeldyshite
Parakhinite
Paralaurionite
Paralstonite
Paramelaconite
Paramendozavilite
Paramontroseite
Paranatisite
Paranatrolite
Paraniite-(Y)
Paraotwayite
Parapierrotite
Pararammelsbergite
Pararealgar
Pararobertsite
Pararsenolamprite
Paraschachnerite
Paraschoepite
Parascholzite
Parascorodite
Parasibirskite
Paraspurrite
Parasymplesite
Paratacamite
Paratellurite
Paraumbite
Paravauxite
Paravinogradovite
Pargasite
Parisite-(Ce)
Parisite-(Nd)
Parkerite
Parkinsonite
Parnauite
Parsettensite
Parsonsite
Partheite
Partzite
Parvowinchite
Parwelite
Pascoite
Patronite
Paulingite-Ca
Paulingite-K
Paulkellerite
Paulkerrite
Paulmooreite
Pautovite
Pavonite
Paxite
Pearceite
Pecoraite
Pectolite
Pegmatite
Peisleyite
Pekoite
Pekovite
Pellouxite
Pellyite
Penfieldite
Penikisite
Penkvilksite
Pennantite
Penobsquisite
Penroseite
Pentagonite
Pentahydrite
Pentahydroborite
Pentlandite
Penzhinite
Peprossiite-(Ce)
Percleveite-(Ce)
Peretaite
Perhamite
Periclase
Peridotite
Perite
Perlialite
Perloffite
Permingeatite
Perovskite
Perraultite
Perrierite-(Ce)
Perroudite
Perryite
Pertsevite
Petalite
Petarasite
Petedunnite
Peterbaylissite
Petersenite-(Ce)
Petersite-(Y)
Petewilliamsite
Petitjeanite
Petoskey stone
Petrovicite
Petrovskaite
Petrukite
Petscheckite
Petterdite
Petzite
Pewter
Pezzottaite
Pharmacolite
Pharmacosiderite
Phaunouxite
Phenakite
Philipsbornite
Philipsburgite
Phillipsite-Ca
Phillipsite-K
Phillipsite-Na
Philolithite
Phlogopite
Phoenicochroite
Phonolite
Phosgenite
Phosinaite-(Ce)
Phosphammite
Phosphoellenbergerite
Phosphoferrite
Phosphofibrite
Phosphogartrellite
Phosphophyllite
Phosphor bronze
Phosphorus
Phosphosiderite
Phosphovanadylite
Phosphowalpurgite
Phosphuranylite
Phuralumite
Phurcalite
Phyllite
Phyllite
Phyllotungstite
Pickeringite
Picotpaulite
Picrite
Picromerite
Picropharmacolite
Piemontite
Pierre de Comblanchien
Pierrotite
Pig iron
Pigeonite
Pillaite
Pilsenite
Pimelite
Pinakiolite
Pinalite
Pinchbeck
Pinchite
Pingguite
Pinnoite
Pintadoite
Piretite
Pirquitasite
Pirssonite
Piypite
Plagionite
Plain-carbon steel
Planch?ite
Planerite
Platarsite
Platinum
Platinum
Platinum
Plattnerite
Playfairite
Plombi?rite
Plumbobetafite
Plumboferrite
Plumbogummite
Plumbojarosite
Plumbomicrolite
Plumbonacrite
Plumbopalladinite
Plumbopyrochlore
Plumbotellurite
Plumbotsumite
Plutonium
Plutonium
Poitevinite
Pokrovskite
Polarite
Poldervaartite
Polhemusite
Polkanovite
Polkovicite
Pollucite
Polonium
Polonium
Polyakovite-(Ce)
Polybasite
Polycrase-(Y)
Polydymite
Polyhalite
Polylithionite
Polyphite
Ponomarevite
Porphyry
Portland Admiralty Roach
Portland Bowers Basebed
Portland Bowers Lynham Whitbed
Portland Bowers Saunders Whitbed
Portland Grove Whitbed
Portland Hard Blue
Portland Independent Basebed
Portland Independent Bottom Whitbed
Portland Independent Top Whitbed
Portland New Independent Whitbed
Portland stone
Portlandite
Portoro Buono
Posnjakite
Potarite
Potassic-carpholite
Potassic-ferrisadanagaite
Potassicleakeite
Potassicpargasite
Potassicsadanagaite
Potassium
Potassium
Potosiite
Pottsite
Poubaite
Poudretteite
Poughite
Povondraite
Powellite
Poyarkovite
Praseodymium
Praseodymium
Prehnite
Preisingerite
Preiswerkite
Preobrazhenskite
Pretulite
Priceite
Priderite
Prince's metal
Pringleite
Prismatine
Probertite
Promethium
Promethium
Prosperite
Protactinium
Protactinium
Protasite
Protoanthophyllite
Protoferro-anthophyllite
Protomangano-ferro-anthophyllite
Proudite
Proustite
Przhevalskite
Pseudo-autunite
Pseudoboleite
Pseudobrookite
Pseudocotunnite
Pseudograndreefite
Pseudolaueite
Pseudomalachite
Pseudorutile
Pseudosinhalite
Pseudotachylyte
Pumice
Pumpellyite-(Fe2+)
Pumpellyite-(Fe3+)
Pumpellyite-(Mg)
Purbeck marble
Purpurite
Pushcharovskite
Putoranite
Putzite
Pyatenkoite-(Y)
Pyrargyrite
Pyrite
Pyroaurite
Pyrobelonite
Pyrochlore
Pyrochroite
Pyroclastic rock
Pyrolusite
Pyrope
Pyrophanite
Pyrophyllite
Pyroxenite
Pyroxferroite
Pyroxmangite
Pyrrhotite
Qandilite
Qilianshanite
Qingheiite
Qitianlingite
Quadratite
Quadridavyne
Quadruphite
Quartz
Quartz monzonite
Quartzite
Quartzite
Quatrandorite
Queitite
Quenselite
Quenstedtite
Quetzalcoatlite
Quintinite
R?merite
R?ntgenite-(Ce)
R?sslerite
Raadeite
Rabbittite
Rabejacite
Radhakrishnaite
Radium
Radium
Radon
Radovanite
Radtkeite
Raguinite
Raite
Rajite
Ralstonite
Rambergite
Ramdohrite
Rameauite
Rammelsbergite
Ramsbeckite
Ranci?ite
Rankachite
Rankamaite
Rankinite
Ransomite
Ranunculite
Rapakivi granite
Rapidcreekite
Rappoldite
Raslakite
Raspite
Rastsvetaevite
Rasvumite
Rathite
Rauenthalite
Rauvite
Ravatite
Rayite
Realgar
Rebulite
Rectorite
Reddingite
Redgillite
Redingtonite
Redledgeite
Reederite-(Y)
Reedmergnerite
Reevesite
Refikite
Reichenbachite
Reidite
Reinerite
Reinhardbraunsite
Remondite-(Ce)
Remondite-(La)
Rengeite
Renierite
Reppiaite
Retgersite
Retzian-(Ce)
Retzian-(La)
Retzian-(Nd)
Revdite
Reyerite
Reynolds 531
Rhabdophane-(Ce)
Rhabdophane-(La)
Rhabdophane-(Nd)
Rhenium
Rhenium
Rhodarsenide
Rhodesite
Rhodium
Rhodium
Rhodium
Rhodizite
Rhodochrosite
Rhodonite
Rhodostannite
Rhodplumsite
Rhomb porphyry
Rhomboclase
Rhyodacite
Rhyolite
Ribbeite
Richellite
Richelsdorfite
Richetite
Richterite
Rickardite
Riebeckite
Rilandite
Rimkorolgite
Ringwoodite
Rinkite
Rinmanite
Riomarinaite
Rittmannite
Rivadavite
Riversideite
Roaldite
Robertsite
Robinsonite
Rockbridgeite
Rodalquilarite
Rodolicoite
Roeblingite
Roedderite
Roentgenium
Roentgenium
Roggianite
Rohaite
Rom?ite
Roman?chite
Romarchite
Rondorfite
Ronneburgite
Rooseveltite
Roquesite
Rorisite
Rosasite
Roscherite
Roschinite
Roscoelite
Rose gold
Rose metal
Roselite
Rosemaryite
Rosenbergite
Rosenbuschite
Rosenhahnite
Roshchinite
Rosiaite
Rosickyite
Rossite
Rossmanite
Rostite
Rouaite
Roubaultite
Rouseite
Routhierite
Rouvilleite
Rouxelite
Roweite
Rowlandite-(Y)
Roxbyite
Rozenite
Ruarsite
Rubicline
Rubidium
Rubidium
Rucklidgeite
Rudenkoite
Ruitenbergite
Ruizite
Rusakovite
Russellite
Rustenburgite
Rustumite
Ruthenarsenite
Rutheniridosmine
Ruthenium
Ruthenium
Ruthenium
Rutherfordine
Rutherfordium
Rutherfordium
Rutile
Rynersonite
S?hngeite
S?randite
S?rensenite
Sabatierite
Sabelliite
Sabieite
Sabinaite
Sabugalite
Sacrofanite
Sadanagaite
Saddlebackite
Sahamalite-(Ce)
Sahlinite
Sailaufite
Sainfeldite
Sakhaite
Sakharovaite
Sakuraiite
Sal?eite
Salesite
Saliotite
Salzburgite
Samarium
Samarium
Samarskite-(Y)
Samfowlerite
Sampleite
Samsonite
Samuelsonite
Sanbornite
Sanderite
Sandstone
Sandstone
Sandstone
Saneroite
Sanidine
Sanjuanite
Sanmartinite
Santabarbaraite
Santaclaraite
Santafeite
Santanaite
Santite
Saponite
Sapphirine
Sarabauite
Sarcolite
Sarcopside
Sarkinite
Sarmientite
Sartorite
Saryarkite-(Y)
Sasaite
Sassolite
Satimolite
Satpaevite
Satterlyite
Sauconite
Sayrite
Sazhinite-(Ce)
Sazykinaite-(Y)
Sborgite
Scacchite
Scainiite
Scandiobabingtonite
Scandium
Scandium
Scarbroite
Scawtite
Sch?ferite
Sch?llhornite
Schachnerite
Schafarzikite
Schairerite
Schallerite
Schapbachite
Schaurteite
Scheelite
Schertelite
Schiavinatoite
Schieffelinite
Schirmerite
Schist
Schlegelite
Schlemaite
Schlossmacherite
Schmiederite
Schmitterite
Schneebergite
Schneiderh?hnite
Schoderite
Schoenfliesite
Schoepite
Scholzite
Schoonerite
Schorl
Schr?ckingerite
Schreibersite
Schreyerite
Schubnelite
Schuetteite
Schuilingite-(Nd)
Schulenbergite
Schultenite
Schumacherite
Schwartzembergite
Schwertmannite
Sclarite
Scolecite
Scoria
Scorodite
Scorzalite
Scotlandite
Scrutinyite
Seaborgium
Seaborgium
Seamanite
Searlesite
Sederholmite
Sedovite
Seeligerite
Seelite
Segelerite
Segnitite
Seidite-(Ce)
Seidozerite
Seifertite
Sein?jokite
Sekaninaite
Selenium
Selenium
Selenostephanite
Seligmannite
Sellaite
Selwynite
Semseyite
Senaite
Senarmontite
Senegalite
Sengierite
Sepiolite
Serendibite
Sergeevite
Serpentinite
Serpierite
Serrabrancaite
Sewardite
Shabaite-(Nd)
Shabynite
Shadlunite
Shafranovskite
Shakhovite
Shakudo
Shale
Shandite
Shannonite
Sharpite
Shattuckite
Shcherbakovite
Shcherbinaite
Sheldrickite
Sherwoodite
Shibkovite
Shigaite
Shirokshinite
Shirozulite
Shkatulkalite
Shomiokite-(Y)
Shortite
Shuangfengite
Shubnikovite
Shuiskite
Sibirskite
Sicherite
Sicklerite
Siderazot
Siderite
Sideronatrite
Siderophyllite
Siderotil
Sidorenkite
Sidpietersite
Sidwillite
Siegenite
Sieleckiite
Sigismundite
Sigloite
Silhydrite
Silicon
Silicon
Silicon steel
Silinaite
Sill?nite
Sillimanite
Siltstone
Silumin
Silver
Silver
Silver
Silvialite
Simferite
Simmonsite
Simonellite
Simonite
Simonkolleite
Simplotite
Simpsonite
Sincosite
Sinhalite
Sinjarite
Sinkankasite
Sinnerite
Sinoite
Sitinakite
Sj?grenite
Skaergaardite
Skarn
Skinnerite
Skippenite
Sklodowskite
Skutterudite
Slate
Slate
Slate
Slavikite
Slawsonite
Smirnite
Smithite
Smithsonite
Smolianinovite
Smrkovecite
Smythite
Sobolevite
Sobolevskite
Sodalite
Soddyite
Sodic-ferri-clinoferroholmquistite
Sodic-ferri-pedrizite
Sodic-ferro-anthophyllite
Sodic-ferrogedrite
Sodicanthophyllite
Sodicgedrite
Sodium
Sodium
Sodium Pharmacosiderite
Sodium-Boltwoodite
Sodium-Zippeite
Sofiite
Sogdianite
Solder
Solder
Solongoite
Sonolite
Sonoraite
Sopcheite
Sorbyite
Sorosite
Sosedkoite
Soucekite
Souzalite
Spadaite
Spangolite
Speculum metal
Spencerite
Sperrylite
Spertiniite
Spessartine
Sphaerobertrandite
Sphaerobismoite
Sphalerite
Spheniscidite
Spherocobaltite
Spiegeleisen
Spinel
Spionkopite
Spiroffite
Spodiosite
Spodumene
Spriggite
Springcreekite
Spurrite
Srebrodolskite
Srilankite
Stainless steel
Stalderite
Stanekite
Stanfieldite
Stanleyite
Stannite
Stannoidite
Stannomicrolite
Stannopalladinite
Starkeyite
Staurolite
Steacyite
Steel
Steenstrupine-(Ce)
Steigerite
Stellerite
Stellite
Stenhuggarite
Stenonite
Stepanovite
Stephanite
Stercorite
Sterling silver
Sterlinghillite
Sternbergite
Sterryite
Stetefeldtite
Stevensite
Stewartite
Stibarsen
Stibiconite
Stibiobetafite
Stibiocolumbite
Stibiocolusite
Stibiomicrolite
Stibiopalladinite
Stibiotantalite
Stibivanite
Stibnite
Stichtite
Stilbite-Ca
Stilbite-Na
Stilleite
Stillwaterite
Stillwellite-(Ce)
Stilpnomelane
Stishovite
Stistaite
Stoiberite
Stokesite
Stolzite
Stoppaniite
Stottite
Str?tlingite
Straczekite
Strakhovite
Stranskiite
Strashimirite
Strelkinite
Strengite
Stringhamite
Stromeyerite
Stronalsite
Strontianite
Strontioborite
Strontiochevkinite
Strontiodresserite
Strontioginorite
Strontiojoaquinite
Strontiomelane
Strontiopiemontite
Strontiopyrochlore
Strontiowhitlockite
Strontium
Strontium
Strontium-Apatite
Strunzite
Struvite
Studenitsite
Studtite
Stumpflite
Sturmanite
Sturtite
Suanite
Sudburyite
Sudoite
Sudovikovite
Suessite
Sugilite
Sulfur
Sulfur
Sulphohalite
Sulphotsumoite
Sulvanite
Sundiusite
Suolunite
Suredaite
Surgical stainless steel
Surinamite
Surite
Sursassite
Susannite
Sussexite
Suzukiite
Svabite
Svanbergite
Sveite
Sverigeite
Svyatoslavite
Svyazhinite
Swaknoite
Swamboite
Swartzite
Swedenborgite
Sweetite
Swinefordite
Switzerite
Syenite
Sylvanite
Sylvite
Symesite
Symplesite
Synadelphite
Synchysite-(Ce)
Synchysite-(Nd)
Synchysite-(Y)
Syngenite
Szaibelyite
Szenicsite
Szmikite
Szomolnokite
Sztrokayite
Szymanskiite
T?rnebohmite-(Ce)
T?rnebohmite-(La)
Tacharanite
Tachyhydrite
Tachylyte
Taconite
Tadzhikite-(Ce)
Tadzhikite-(Y)
Taenite
Taikanite
Taimyrite
Tainiolite
Takanelite
Takedaite
Takeuchiite
Takovite
Talc
Talmessite
Talnakhite
Talonite
Tamahagane
Tamaite
Tamarugite
Tancoite
Taneyamalite
Tantalaeschynite-(Y)
Tantalcarbide
Tantalite
Tantalum
Tantalum
Tanteuxenite-(Y)
Tantite
Taramellite
Taramite
Taranakite
Tarapacaite
Tarbuttite
Tarkianite
Taseqite
Tatarskite
Tatyanaite
Tausonite
Tavorite
Tazheranite
Teallite
Technetium
Technetium
Tedhadleyite
Teepleite
Tegengrenite
Teineite
Telargpalite
Tellurantimony
Tellurite
Tellurium
Tellurium
Tellurium
Tellurobismuthite
Tellurohauchecornite
Telluronevskite
Telluropalladinite
Telyushenkoite
Temagamite
Tengchongite
Tengerite-(Y)
Tennantite
Tenorite
Tephrite
Tephroite
Terbium
Terbium
Terlinguaite
Terne
Ternesite
Ternovite
Terranovaite
Terskite
Tertschite
Teruggite
Teschemacherite
Testibiopalladite
Tetra-auricupride
Tetradymite
Tetraferroplatinum
Tetrahedrite
Tetrarooseveltite
Tetrataenite
Tetrawickmanite
Thadeuite
Thalcusite
Thalenite-(Y)
Thalfenisite
Thallium
Thallium
Thaumasite
Theisite
Thenardite
Theoparacelsite
Theophrastite
Theralite
Theresmagnanite
Thermonatrite
Thomasclarkite-(Y)
Thometzekite
Thomsenolite
Thomsonite-Ca
Thorbastnasite
Thoreaulite
Thorianite
Thorikosite
Thorite
Thorium
Thorium
Thornasite
Thorogummite
Thorosteenstrupine
Thortveitite
Thorutite
Threadgoldite
Thulium
Thulium
Tiemannite
Tienshanite
Tiettaite
Tikhonenkovite
Tilasite
Tilleyite
Tin
Tin
Tin
Tinaksite
Tincalconite
Tinsleyite
Tinticite
Tintinaite
Tinzenite
Tiptopite
Tiragalloite
Tischendorfite
Tisinalite
Titanite
Titanium
Titanium
Titanowodginite
Titantaramellite
Tivanite
Tlalocite
Tlapallite
Tobelite
Tobermorite
Tochilinite
Todorokite
Tokkoite
Tokyoite
Tolbachite
Tolovkite
Tombac
Tombarthite-(Y)
Tomichite
Tonalite
Tongbaite
Tooeleite
Tool steel
Topaz
Torbernite
Torreyite
Tosudite
Tounkite
Tournai limestone
Tournai marble
Toyohaite
Trabzonite
Trachyte
Tranquillityite
Traskite
Trattnerite
Travertine
Treasurite
Trechmannite
Trembathite
Tremolite
Trevorite
Triangulite
Tridymite
Trigonite
Trikalsilite
Trilithionite
Trimerite
Trimounsite-(Y)
Triphylite
Triplite
Triploidite
Trippkeite
Tripuhyite
Tristramite
Tritomite-(Ce)
Tritomite-(Y)
Troctolite
Trogtalite
Trolleite
Trona
Trondhjemite
Truscottite
Tsaregorodtsevite
Tsch?rtnerite
Tschermakite
Tschermigite
Tschernichite
Tsepinite-Na
Tsnigriite
Tsugaruite
Tsumcorite
Tsumebite
Tsumgallite
Tsumoite
Tucekite
Tuff
Tuffeau stone
Tugarinovite
Tugtupite
Tuhualite
Tuite
Tulameenite
Tuliokite
Tumbaga
Tumchaite
Tundrite-(Ce)
Tundrite-(Nd)
Tunellite
Tungsten
Tungsten
Tungstenite
Tungstibite
Tungstite
Tungusite
Tunisite
Tuperssuatsiaite
Turanite
Turbidite
Turkestanite
Turneaureite
Turquoise
Turtmannite
Tuscanite
Tusionite
Tuzlaite
Tvalchrelidzeite
Tvedalite
Tveitite-(Y)
Tweddillite
Twinnite
Tychite
Type metal
Tyretskite
Tyrolite
Tyrrellite
Tyuyamunite
Uchucchacuaite
Uklonskovite
Ulexite
Ullmannite
Ulrichite
Ulv?spinel
Umangite
Umbite
Umbozerite
Umohoite
Ungarettiite
Ungemachite
Ununbium
Ununbium
Ununhexium
Ununhexium
Ununoctium
Ununoctium
Ununpentium
Ununpentium
Ununquadium
Ununquadium
Ununseptium
Ununseptium
Ununtrium
Ununtrium
Upalite
Uralborite
Uralolite
Uramphite
Urancalcarite
Uraninite
Uranium
Uranium
Uranmicrolite
Uranocircite
Uranophane
Uranophane-beta
Uranopilite
Uranopolycrase
Uranosilite
Uranospathite
Uranotungstite
Uranpyrochlore
Urea
Uricite
Ursilite
Urusovite
Urvantsevite
Ushkovite
Usonite
Usovite
Ussingite
Ustarasite
Utahite
Uvanite
Uvarovite
Uvite
Uytenbogaardtite
Uzonite
V?signi?ite
V?stmanlandite-(Ce)
Vaesite
Vajdakite
Valentinite
Valleriite
Vanadinite
Vanadiocarpholite
Vanadium
Vanadium
Vanadiumdravite
Vanadomalayaite
Vanalite
Vandenbrandeite
Vandendriesscheite
Vanmeersscheite
Vanoxite
Vantasselite
Vanthoffite
Vanuralite
Varennesite
Variscite
Varulite
Vashegyite
Vasilite
Vasilyevite
Vaterite
Vaughanite
Vauquelinite
Vauxite
Veatchite
Veatchite-A
Veatchite-p
Veenite
Velikite
Verbeekite
Verde Antico
Vergasovaite
Vermiculite
Vernadite
Verplanckite
Versiliaite
Vertumnite
Vesuvianite
Veszelyite
Viaeneite
Vicanite-(Ce)
Vigezzite
Vihorlatite
Viitaniemiite
Vikingite
Villamaninite
Villiaumite
Villyaellenite
Vimsite
Vincentite
Vinciennite
Vinogradovite
Violarite
Virgilite
Vis?ite
Vishnevite
Vismirnovite
Vistepite
Vitallium
Vitimite
Vitusite-(Ce)
Vivianite
Vladimirite
Vlasovite
Vlodavetsite
Vochtenite
Voggite
Voglite
Volborthite
Volkonskoite
Volkovskite
Voltaite
Volynskite
Vonbezingite
Vonsenite
Vozhminite
Vrbaite
Vuagnatite
Vulcanite
Vuonnemite
Vuorelainenite
Vuoriyarvite-K
Vyacheslavite
Vyalsovite
Vysotskite
Vyuntspakhkite-(Y)
W?hlerite
W?lfingite
W?lsendorfite
W?stite
Wackestone
Wadalite
Wadeite
Wadsleyite
Wagnerite
Wairakite
Wairauite
Wakabayashilite
Wakefieldite-(Ce)
Wakefieldite-(Y)
Walentaite
Walfordite
Wallisite
Wallkilldellite
Wallkilldellite-(Fe)
Walstromite
Walthierite
Wardite
Wardsmithite
Warikahnite
Warwickite
Watanabeite
Watatsumiite
Watkinsonite
Wattersite
Wattevillite
Wavellite
Wawayandaite
Waylandite
Weberite
Websterite
Weddellite
Weeksite
Wegscheiderite
Wehrlite
Weibullite
Weilite
Weinebeneite
Weishanite
Weissbergite
Weissite
Welinite
Wellsite
Weloganite
Welsh Slate
Welshite
Wendwilsonite
Wenkite
Werdingite
Wermlandite
Wesselsite
Westerveldite
Wheatleyite
Wherryite
Whewellite
White gold
Whiteite-(CaFeMg)
Whiteite-(CaMnMg)
Whiteite-(MnFeMg)
Whitlockite
Whitmoreite
Wickenburgite
Wickmanite
Wicksite
Widenmannite
Widgiemoolthalite
Wightmanite
Wilcoxite
Wilhelmkleinite
Wilhelmramsayite
Wilhelmvierlingite
Wilkinsonite
Wilkmanite
Willemite
Willemseite
Willhendersonite
Willyamite
Wiluite
Winchite
Winstanleyite
Wiserite
Witherite
Wittichenite
Wittite
Wodginite
Wolfeite
Wollastonite
Wonesite
Wood's metal
Woodallite
Woodhouseite
Woodkirk
Woodruffite
Woodwardite
Wooldridgeite
Wootz steel
Wroewolfeite
Wrought iron
Wulfenite
Wupatkiite
Wurtzite
Wyartite
Wycheproofite
Wyllieite
Xanthiosite
Xanthoconite
Xanthoxenite
Xenon
Xenotime-(Yb)
Xiangjiangite
Xifengite
Xilingolite
Ximengite
Xingzhongite
Xitieshanite
Xocomecatlite
Xonotlite
Yafsoanite
Yagiite
Yakhontovite
Yanomamite
Yaroslavite
Yarrowite
Yavapaiite
Ye'elimite
Yeatmanite
Yecoraite
Yedlinite
Yftisite-(Y)
Yimengite
Yingjiangite
Yixunite
Yoderite
Yofortierite
Yoshimuraite
Yoshiokaite
Ytterbium
Ytterbium
Yttrialite-(Y)
Yttrium
Yttrium
Yttrobetafite-(Y)
Yttrocolumbite-(Y)
Yttrocrasite-(Y)
Yttropyrochlore-(Y)
Yttrotantalite-(Y)
Yttrotungstite-(Y)
Yuanfuliite
Yuanjiangite
Yugawaralite
Yukonite
Yuksporite
Yushkinite
Yvonite
Z?les?ite
Zabuyelite
Zaccagnaite
Zaherite
Zairite
Zajacite-(Ce)
Zakharovite
Zamak
Zanazziite
Zapatalite
Zaratite
Zavaritskite
Zdenekite
Zektzerite
Zellerite
Zemannite
Zemkorite
Zenzenite
Zeophyllite
Zhanghengite
Zharchikhite
Zhemchuzhnikovite
Zhonghuacerite-(Ce)
Ziesite
Zimbabweite
Zinalsite
Zinc
Zinc
Zinc
Zinc-melanterite
Zinc-zippeite
Zincaluminite
Zincgartrellite
Zincite
Zincobotryogen
Zincochromite
Zincoh?gbomite-2N2S
Zincoh?gbomite-2N6S
Zincolibethenite
Zincospiroffite
Zincostaurolite
Zincovoltaite
Zincowoodwardite
Zincrosasite
Zincroselite
Zincsilite
Zinkenite
Zinnwaldite
Zippeite
Zircaloy
Zircon
Zirconium
Zirconium
Zirconolite
Zircophyllite
Zircosulphate
Zirkelite
Zirklerite
Zirsilite-(Ce)
Zirsinalite
Zlatogorite
Znucalite
Zodacite
Zoisite
Zorite
Zoubekite
Zugshunstite-(Ce)
Zussmanite
Zvyagintsevite
Zwieselite
Zykaite
