A Coruna
Aana
Aargau
Abaco
Abruzzi
Abyan
Aceh
Acores
Acquaviva
Adan
Adana
Adiyaman
Adrar
Afyon
Aichi
Aiwo
Ajman
Akaroa
Akhaia
Akita
Aksaray
Ala.
Alabama
Alacant
Alajuela
Alas.
Alaska
Alava
Alba
Albacete
Alberta
Alicante
Aliff
Almeria
Alsace
Amasya
Amuri
An Giang
Anabar
Andalucia
Anetan
Anhui
Anhui 
Anibare
Anjouan
Antalya
Aomori
Aquitaine
Araba
Arad
Aragon
Arbil
Ardabil
Arges
Argolis
Arhangay
Arhus
Arima
Ariz.
Arizona
Ark.
Arkadhia
Arkansas
Arta
Artibonite
Artigas
Artvin
Aryanah
Ascension
Ashburton
Assam
Asturias
Asturies
Atjeh
Attiki
Atua
Auvergne
Aveiro
Avila
Aydin
Azilal
Azores
Azua
Ba Ria-Vung Tau
Baa
Babil
Bac Giang
Bac Kan
Bac Lieu
Bac Ninh
Bacau
Badajoz
Badakhshan
Badakhshan 
Badghis
Badghis 
Bafata
Bagerhat
Baghlan
Baghlan 
Bagmati
Baiti
Baja
Bajah
Bakhtaran
Bakhtiari
Balearic Islands
Bali
Balikesir
Balkh
Balkh 
Balochistan
Balzers
Bamian
Bamyan 
Bandarban
Baoruco
Barahona
Baranya
Barbuda
Barcelona
Barisal
Basilicata
Batna
Bayanhongor
Bayburt
Bayern
Bayrut
Bechar
Beja
Bejaia
Bekes
Ben Tre
Bengkulu
Berat
Berea
Bheri
Bhola
Bialystok
Bihar
Bihor
Bilecik
Biminis
Bingol
Binh Dinh
Binh Duong
Binh Phuoc
Binh Thuan
Biombo
Biscay
Biskra
Bitlis
Bizkaia
Blantyre
Blida
Bogra
Bolama
Bolu
Bordjbou
Borguna
Bornholm
Botosani
Bouira
Boulemane
Boumerdes
Bourgogne
Brabant
Braga
Braganca
Brahmanbaria
Braila
Brakna
Brasov
Brava
Bremen
Bretagne
British Colombia
British Columbia
Brittany
Buada
Bubanza
Bucuresti
Bulgan
Buller
Burdur
Burgas
Burgenland
Burgos
Bursa
Bururi
Bushehr
Butare
Buyer Ahmad
Buzau
Bydgoszcz
Byumba
Ca Mau
Caceres
Cacheu
Cadiz
Calabria
Calarasi
Calif.
California
Campania
Can Tho
Canakkale
Canarias
Canelones
Canillo
Cankiri
Cankuzo
Cantabria
Cao Bang
Cape Canaveral
Carlow
Caroni
Cartago
Cascade
Castello
Castellon
Cataluna
Cavan
Chahar Mahaal
Chahar Mahaal and Bakhtiari
Chandigarh
Chandpur
Chaouen
Chattagram
Chelm
Cheviot
Chiba
Chiesanuova
Chikwawa
Chiradzulu
Chitipa
Chlef
Choiseul
Chuadanga
Cibitoke
Ciechanow
Ciudad Real
Clifton
Cluj
Clutha
Coimbra
Col.
Colo.
Colonia
Colorado
Comilla
Conn.
Connecticut
Constanta
Constantine
Cordoba
Cork
Corse
Corum
Cottbus
Covasna
Csongrad
Cuenca
Curepipe
Cyangugu
Czestochowa
D. C.
D.C.
Da Nang
Daalu
Dahuk
Dajabon
Dak Lak
Dak Nong
Dannevirke
Dara
Darhan
Dauphin
Daykundi 
Dedza
Del.
Delaware
Delhi
Denigomodu
Denizli
Dennery
Devonshire
Dhamar
Dhawalagiri
Dhodhekanisos
Dibre
Diekirch
Dien Bien
Dimashq
Dimbovita
Dinajpur
Diourbel
District of Columbia
Diyala
Diyarbakir
Djambi
Djelfa
Djogjakarta
Dolj
Domagnano
Donegal
Dong Nai
Dong Thap
Dornod
Dornogovi
Dowa
Drama
Drenthe
Dresden
Duarte
Dubayy
Dundgovi
Durazno
Dzavhan
East Azarbaijan
Edirne
Egmont
Ehime
Eketahuna
Elazig
Elbasan
Elblag
Eleuthera
Ellesmere
Eltham
Encamp
England
Erdenet
Erfurt
Erzincan
Erzurum
Eschen
Esfahan
Eskisehir
Espaillat
Essaouira
Evora
Evritania
Evros
Evvoia
Ewa
Extremadura
Exuma
Eyre
Faafu
Faasaleleaga
Faetano
Famagusta
Farah
Farah 
Faridpur
Faro
Fars
Farwaniyyah
Faryab
Faryab 
Fatick
Featherston
Fejer
Feni
Fes
Fier
Figuig
Fiorentino
Fla
Fla.
Flacq
Flevoland
Flores
Florida
Florina
Fogo
Fokis
Fontvieille
Frankfurt
Frederiksborg
Fribourg
Friesland
Fthiotis
Fujian
Fujian 
Fukui
Fukuoka
Fukushima
Fyn
Ga.
Gabu
Gagaemauga
Gagaifomauga
Gaibandha
Galati
Galicia
Galway
Gamprin
Gandaki
Gansu
Gansu 
Gaziantep
Gazipur
Gelderland
Geneve
Georgia
Ghazni
Ghazni 
Ghor 
Ghowr
Gia Lai
Gifu
Gikongoro
Gilan
Gipuzkoa
Giresun
Girona
Gisenyi
Gitarama
Gitega
Giurgiu
Gjirokaster
Glacis
Glarus
Golestan
Gopalganj
Gorgol
Gorj
Gramsh
Granada
Graubunden
Grenadines
Grevena
Grevenmacher
Groningen
Guadalajara
Guadalcanal
Guanacaste
Guangdong
Guangdong 
Guangxi
Guangxi 
Guarda
Guelma
Guelmim
Guidimaka
Guipúzcoa
Guizhou
Guizhou 
Gujarat
Gumma
Gumushane
Ha Giang
Ha Nam
Ha Noi
Ha Tay
Ha Tinh
Haapai
Habiganj
Hadramawt
Hai Duong
Hai Phong
Hainan
Hainaut
Hajjah
Hakkari
Halab
Halle
Hamadan
Hamah
Hamedan
Harghita
Haryana
Hatay
Hau Giang
Hawaii
Hawalli
Hawera
Heathcote
Hebei
Heilongjiang
Helmand
Helmand 
Henan
Henan 
Hentiy
Herat
Herat 
Heredia
Hessen
Heves
Hhohho
Hikurangi
Hims
Hiroshima
Ho Chi Minh
Hoa Binh
Hobson
Hokianga
Hokkaido
Hormozgan
Horowhenua
Hovd
Hovsgol
Hrvatska
Hubei
Hubei 
Huelva
Huesca
Hunan
Hunan 
Hunedoara
Hung Yen
Hurunui
Hutt
Hyogo
Ia.
Ialomita
Iasi
Ibaraki
Ibb
Icel
Idaho
Idlib
Ifrane
Ijuw
Ilam
Ilhas
Ilia
Ill.
Illes Balears
Illinois
Illizi
Imathia
Inagua
Inangahua
Inchiri
Ind.
Independencia
Indiana
Inglewood
Ioannina
Iowa
Irian
Isfahan
Ishikawa
Isparta
Iwate
Jacksons
Jain
Jaipurhat
Jamalpur
Jambi
Janakpur
Jessore
Jhalakati
Jhenaidah
Jiangsu
Jiangsu 
Jiangxi
Jiangxi 
Jijel
Jilin
Jogjakarta
Jowzjan
Jowzjan 
Jundubah
Jura
Kaafu
Kabol
Kabul 
Kagawa
Kagoshima
Kaikoura
Kairanga
Kalisz
Kan.
Kanagawa
Kandahar
Kandahar 
Kansas
Kaolack
Kapisa
Kapisa 
Karaman
Karbala
Kardhitsa
Karnali
Karnataka
Karnten
Karonga
Kars
Karuzi
Kastamonu
Kastoria
Kasungu
Kasupe
Katowice
Kavala
Kayanza
Kayes
Kayseri
Kefallinia
Kenitra
Kentucky
Kerala
Kerkira
Kerman
Kermanshah
Kerry
Khagrachari
Khalkidhiki
Khanh Hoa
Khania
Khaskovo
Khemisset
Khenchela
Khenifra
Khios
Khorasan
Khost 
Khouribga
Khulna
Khuzestan
Kibungo
Kibuye
Kielce
Kien Giang
Kikladhes
Kildare
Kilkenny
Kilkis
Kirikkale
Kirklareli
Kirsehir
Kirundo
Kishorganj
Kiwitea
Kocaeli
Kochi
Kohkiluyeh
Kohkiluyeh and Buyer Ahmad
Kolda
Kolonje
Komarom
Kon Tum
Konar
Konar 
Kondoz
Konin
Konya
Korce
Kordestan
Korinthia
Kosi
Kosrae
Koszalin
Koulikoro
Kozani
Krakow
Krosno
Kruje
Kukes
Kumamoto
Kunduz 
Kurdistan
Kurigram
Kushtia
Kutahya
Ky.
Kyoto
Kyreni
La Rioja
La.
Laamu
Laayoune
Laborie
Labrador
Laghman
Laghman 
Laghouat
Lahij
Lai Chau
Lakonia
Lakshadweep
Laksmipur
Lalmonirhat
Lam Dong
Lampung
Lang Son
Lao Cai
Laois
Larisa
Larnaca
Las Palmas
Lasithi
Lavalleja
Laviyani
Lazio
Legnica
Leipzig
Leiria
Leitrim
Leon
Leribe
Lesvos
Leszno
Levkas
Lezhe
Liaoning
Librazhd
Liege
Liguria
Limassol
Limburg
Limon
Limousin
Litoral
Lleida
Lodz
Lombardia
Lomza
Long An
Long Island
Longford
Lorestan
Lorraine
Louga
Louisiana
Louth
Lovech
Lowgar
Lowgar 
Lubombo
Lugo
Lumbini
Lushnje
Luzern
M. D.
M.D.
Mackenzie
Madanin
Madaripur
Madeira
Madrid
Mafeteng
Magdeburg
Magnisia
Magura
Mahakali
Maharashtra
Maine
Maio
Makamba
Makedonija
Makira
Malaga
Malaita
Malatya
Maldonado
Maluka
Maluku
Malvern
Manaia
Manawatu
Mangochi
Mangonui
Manikganj
Maniototo
Manipur
Manisa
Manitoba
Manzini
Maramures
Marche
Mardin
Marib
Markazi
Marlborough
Marrakech
Maryland
Mascara
Mass.
Massachusetts
Masterton
Matamata
Mauren
Mayaguana
Mayaro
Mayo
Maysan
Mazandaran
Mchinji
Md.
Me.
Meath
Mechi
Medea
Meemu
Meghalaya
Mehedinti
Meherpur
Meknes
Meneng
Messinia
Mich.
Michigan
Micoud
Mie
Mikhaylovgrad
Mila
Minn.
Minnesota
Mirdite
Miss.
Mississippi
Missouri
Miyagi
Miyazaki
Mizoram
Mo.
Moheli
Moka
Mokhotlong
Molise
Moluccas
Monaghan
Mont.
Montana
Mopti
Mostaganem
Moulavibazar
Mugla
Mulanje
Munshiganj
Muramvya
Murcia
Mures
Mus
Muyinga
Mwanza
Mymensingh
Mzimba
N Ireland
N. C.
N. Dak.
N. H.
N. Ireland
N. J.
N. M.
N. Mex.
N. Y.
N.C.
N.H.
N.J.
N.M.
N.Y.
Naama
Nabul
Nador
Nafarroa
Nagaland
Nagano
Nam Dinh
Namur
Nangarhar
Nangarhar 
Naogaon
Nara
Narail
Narayanganj
Narayani
Nariva
Narsingdi
Nator
Navarra
Navarre
Naviyani
Ncheu
Neamt
Nebr.
Nebraska
Netrakona
Neubrandenburg
Neuchatel
Nev.
Nevada
Nevsehir
New Brunswic
New Brunswick
New Hampshire
New Jersey
New Mexico
Newfoundland
Newfoundland and Labrador
Nghe An
Ngozi
Nibok
Nidwalden
Niederosterreich
Niedersachsen
Nigde
Nilphamari
Nimruz
Nimruz 
Ninawa
Ningxia
Ninh Binh
Ninh Thuan
NJ
Noakhali
Nograd
Noonu
Nord
Nordgronland
Nordjylland
North Carolina
North Dakota
North Khorasan
Northern Ireland
Nova Scotia
Nsanje
Ntchisi
Nurestan
Nurestan 
NY
O. H.
O.H.
Oberosterreich
Obwalden
Offaly
Ohinemuri
Ohio
Oio
Oita
Okayama
Okinawa
Okla.
Oklahoma
Olsztyn
Olt
Omnogovi
Ontario
Opole
Opotiki
Orange County
Ordino
Ordu
Ore.
Oreg.
Oregon
Orissa
Oroua
Oruzgan
Oruzgan 
Ostgronland
Ostroleka
Otamatea
Otorohanga
Ouargla
Ouarzazate
Ouest
Oujda
Ourense
Overijssel
Ovorhangay
Oxford
Pa.
Pabna
Paget
Pahiatua
Paktia
Paktia 
Paktika
Paktika 
Palau
Palauli
Palencia
Pamplemousses
Panchagar
Panjshir 
Paparua
Paphos
Parvan
Parvan 
Patea
Patuakhali
Paysandu
Pedernales
Pella
Pembroke
Penn.
Pennsylvania
Peravia
Permet
Pest
Phu Tho
Phu Yen
Piako
Picardie
Piemonte
Pieria
Pila
Piotrkow
Pirojpur
Plaisance
Planken
Plock
Plovdiv
Pogradec
Pohangina
Pohnpei
Ponape
Pondicherry
Pontevedra
Portalegre
Porto
Potsdam
Poznan
Prahova
Praslin
Preveza
Prince Edward Island
Prospect
Przemysl
Puglia
Puke
Punjab
Puntarenas
Qabis
Qafsah
Qazvin
Qibili
Qinghai
Qom
Quang Binh
Quang Nam
Quang Ngai
Quang Ninh
Quang Tri
Quebec
Quinara
Quthing
R. I.
R.I.
Raa
Radom
Raglan
Rajasthan
Rajbari
Rajshahi
Rangiora
Rangitikei
Rangpur
Rapti
Razavi Khorasan
Razgrad
Redonda
Relizane
Rethimni
Rhode Island
Riau
Ribe
Rigali
Ringkobing
Rivera
Rize
Rocha
Rodhopi
Roscommon
Roskilde
Rostock
Rotorua
Ruggell
Ruhengeri
Rumphi
Runanga
Rutana
Ruyigi
Rzeszow
S. C.
S. Dak.
S.C.
Saarland
Sabaragamuwa
Sadah
Safaqis
Saga
Sagarmatha
Saida
Saitama
Sakarya
Salaj
Salamanca
Salcedo
Salima
Salto
Salzburg
Samana
Samangan
Samangan 
Samos
Samsun
Sana
Sandys
Santarem
Sarande
Sardegna
Sardinia
Sar-e Pol 
Saskatchewan
Satkhira
Satupaitea
Savanne
Schaan
Schaffhausen
Schellenberg
Schwerin
Schwyz
Scotland
Seenu
Segou
Segovia
Selenge
Semnan
Serrai
Serravalle
Seti
Setif
Settat
Setubal
Sevilla
Seville
Shaanxi
Shaanxi 
Shabwah
Shandong
Shandong 
Shanxi
Shanxi 
Shariyatpur
Shaviyani
Sherpur
Shiga
Shimane
Shiselweni
Shizuoka
Shkoder
Siberia
Sibiu
Sichuan
Sichuan 
Sicilia
Siedlce
Sieradz
Siirt
Sikasso
Sikkim
Silverpeaks
Silyanah
Sindh
Sinop
Sirajganj
Sistan and Baluchistan
Sitrah
Sivas
Skierniewice
Skikda
Skrapar
Sligo
Slovenija
Slupsk
Smiths
Soc Trang
Sofiya
Solothurn
Somogy
Son La
Sonderjylland
Soria
Soriano
Soufriere
South Carolina
South Dakota
South Khorasan
Southern California
Southland
Srbija
Steiermark
Storstrom
Stratford
Strathallan
Suceava
Suhbaatar
Suhl
Sunamganj
Susah
Suwalki
Sylhet
Szolnok
Tacuarembo
Tagant
Tahiti
Taizz
Takamaka
Takhar
Takhar 
Tamanrasset
Tambacounda
Tangail
Taounate
Taranaki
Tarnobrzeg
Tarnow
Taroudannt
Tarrafal
Tarragona
Tartus
Tata
Tatawin
Taumarunui
Taupo
Tauranga
Tawzar
Tay Ninh
Taza
Tebessa
Tehran
Tekirdag
Teleorman
Temotu
Tenerife
Tenn.
Tennessee
Tepelene
Teruel
Tetouan
Tex.
Texas
Thaa
Thai Binh
Thai Nguyen
Thakurgaon
Thanh Hoa
Thesprotia
Thies
Thua Thien-Hue
Thurgau
Thyolo
Tiaret
Ticino
Tien Giang
Timis
Tindouf
Tipaza
Tipperary
Tirol
Tiznit
Tlemcen
Tobago
Tochigi
Tokat
Tokushima
Toledo
Tolna
Tombali
Tombouctou
Tongatapu
Torun
Toscana
Tottori
Tov
Toyama
Tra Vinh
Trabzon
Trarza
Triesen
Triesenberg
Trikala
Tripura
Tropoje
Truk
Tuamasaga
Tuapeka
Tulcea
Tunceli
Tuyen Quang
U. T.
U.T.
Uaboe
Umbria
Urfa
Uri
Usak
Utah
Utrecht
Uva
Uvs
Va.
Vaisigano
Valais
Valencia
Valenciana
Valladolid
Valverde
Vardak
Varna
Vaslui
Vaud
Vavau
Vejle
Veneto
Vermont
Vestgronland
Vestsjaelland
Veszprem
Viborg
Victoria
Vilcea
Vincent
Vinh Long
Vinh Phuc
Virginia
Viseu
Vizcaya
Voiotia
Vorarlberg
Vrancea
Vt.
W. Va.
Waavu
Waiapu
Waiheke
Waihemo
Waikato
Waikohu
Waimairi
Waimarino
Waimate
Waimea
Waipa
Waipawa
Waipukurau
Wairewa
Wairoa
Waitaki
Waitomo
Waitotara
Wakayama
Walbrzych
Wales
Wallace
Wanganui
Wardak 
Warszawa
Warwick
Wash.
Wasit
Waterford
Waverley
West Azarbaijan
West Virginia
Westland
Westmeath
Wexford
Whakatane
Whangarei
Whangaroa
Wicklow
Wien
Wis.
Wisconsin
Wloclawek
Woodville
Wroclaw
Wyo.
Wyoming
Xanthi
Xinjiang
Xizang
Yamagata
Yamaguchi
Yamanashi
Yazd
Yen Bai
Yogyakara
Yozgat
Yunnan
Yunnan 
Zabol
Zabol 
Zaghwan
Zakinthos
Zala
Zamora
Zamosc
Zanjan
Zaragoza
Zeeland
Zhejiang
Zhejiang 
Zhili
Ziguinchor
Zomba
Zonguldak
Zug
Zurich
