organization
organisation
line of defense
line organization
association
cooperative
club
society
guild
gild
lodge
order
athenaeum
atheneum
chapter
bookclub
chess club
country club
glee club
golf club
hunt
hunt club
jockey club
racket club
rowing club
slate club
tennis club
turnverein
yacht club
fraternity
frat
sorority
secret society
service club
family
fellowship
league
conference
major league
big league
majors
minor league
minors
baseball league
little league
basketball league
bowling league
football league
hockey league
class
division
consortium
pool
syndicate
trust
combine
cartel
professional association
gang
pack
ring
mob
nest
youth gang
legion
chamber of commerce
institute
polity
government
authorities
regime
ancien regime
court
empire
federal government
government-in-exile
local government
municipal government
commission plan
town meeting
palace
papacy
pontificate
state
welfare state
state government
institution
establishment
medical institution
clinic
eye clinic
hospital
financial institution
financial organization
giro
clearing house
lending institution
central bank
foundation
charity
philanthropic foundation
private foundation
public charity
acquirer
nondepository financial institution
brokerage
brokerage firm
securities firm
bucket shop
marriage brokerage
marriage mart
insurance company
insurance firm
insurance underwriter
insurer
pension fund
investment company
investment trust
investment firm
fund
hedge fund
mutual fund
open-end fund
open-end investment company
index fund
closed-end fund
closed-end investment company
face-amount certificate company
unit investment trust
nondiscretionary trust
fixed investment trust
finance company
consumer finance company
small loan company
industrial bank
industrial loan company
captive finance company
sales finance company
commercial finance company
commercial credit company
depository financial institution
bank
banking concern
banking company
credit union
reserve bank
agent bank
commercial bank
full service bank
national bank
state bank
lead bank
agent bank
member bank
merchant bank
acquirer
acquirer
thrift institution
savings and loan
savings and loan association
building society
savings bank
mutual savings bank
federal savings bank
trust company
trust corporation
issuer
charity
community chest
soup kitchen
company
broadcasting company
car company
auto company
drug company
electronics company
food company
furniture company
mining company
shipping company
trucking company
steel company
subsidiary company
subsidiary
transportation company
bus company
bus service
oil company
packaging company
packaging concern
pipeline company
printing concern
printing business
printing company
corporate investor
raider
target company
takeover target
sleeping beauty
white knight
white squire
limited company
holding company
bank holding company
multibank holding company
service
utility
public utility
public-service corporation
telephone company
telephone service
phone company
phone service
power company
power service
electric company
light company
water company
waterworks
gas company
gas service
bus company
bus service
livery company
open shop
closed shop
union shop
joint-stock company
mover
public mover
moving company
removal firm
removal company
think tank
think factory
religion
faith
church
established church
sect
religious order
cult
vicariate
vicarship
educational institution
preschool
kindergarten
nursery school
playschool
play group
school
academy
police academy
military academy
naval academy
air force academy
correspondence school
crammer
dancing school
driving school
flying school
graduate school
business school
dental school
school of dentistry
law school
school of law
medical school
school of medicine
language school
nursing school
school of nursing
riding school
secondary school
lyceum
lycee
Gymnasium
middle school
academy
trade school
vocational school
senior high school
senior high
high
highschool
high school
junior high school
junior high
preparatory school
prep school
choir school
schola cantorum
public school
grammar school
secondary modern school
comprehensive school
composite school
secretarial school
seminary
technical school
tech
polytechnic institute
polytechnic
engineering school
training school
veterinary school
conservatory
music school
school of music
alma mater
public school
private school
church school
parochial school
religious school
Catholic school
seminary
day school
boarding school
dance school
day school
night school
Sunday school
Sabbath school
grade school
grammar school
elementary school
primary school
junior school
infant school
school
college
university
academy
honorary society
enterprise
giant
collective
collective farm
kibbutz
kolkhoz
business
concern
business concern
business organization
agency
advertising agency
ad agency
credit bureau
detective agency
employment agency
mercantile agency
commercial agency
news agency
press agency
wire service
service agency
service bureau
service firm
travel agency
transfer agent
brokerage
commodity brokerage
carrier
common carrier
line
airline
airline business
airway
railway
railroad
railroad line
railway line
railway system
cable railway
funicular
funicular railway
cog railway
rack railway
elevated railway
elevated railroad
el
overhead railway
roller coaster
big dipper
chute-the-chute
metro
subway
tube
underground
monorail
rail
scenic railway
short line
steamship company
steamship line
fleet
argosy
transit line
bus line
trolley line
chain
apparel chain
discount chain
restaurant chain
retail chain
conglomerate
empire
corporation
closed corporation
close corporation
private corporation
privately held corporation
family business
closely held corporation
shell corporation
shell entity
firm
house
business firm
accounting firm
consulting firm
consulting company
publisher
publishing house
publishing firm
publishing company
newspaper
paper
newspaper publisher
magazine
magazine publisher
dealer
car dealer
computer dealer
jewelry dealer
jewelry store
truck dealer
law firm
auction house
franchise
dealership
manufacturer
maker
manufacturing business
armorer
armourer
car manufacturer
car maker
auto manufacturer
auto maker
computer business
partnership
copartnership
processor
shipbuilder
commercial enterprise
industry
aluminum business
aluminum industry
apparel industry
fashion industry
fashion business
automobile industry
chemical industry
coal industry
computer industry
construction industry
housing industry
electronics industry
entertainment industry
show business
show biz
film industry
movie industry
growth industry
lighting industry
munitions industry
arms industry
oil industry
refining industry
oil business
plastics industry
market
securities industry
bear market
bull market
money market
service industry
shipbuilding industry
shoe industry
sign industry
steel industry
tobacco industry
toy industry
toy business
trucking industry
banking industry
defense
defence
bastion
establishment
fire brigade
fire company
denomination
company
troupe
opera company
theater company
stock company
repertory company
ballet company
chorus
Greek chorus
circus
minstrel show
minstrelsy
unit
social unit
administrative unit
division
department
section
academic department
anthropology department
department of anthropology
art department
biology department
department of biology
chemistry department
department of chemistry
department of computer science
economics department
department of economics
English department
department of English
history department
department of history
linguistics department
department of linguistics
mathematics department
department of mathematics
philosophy department
department of philosophy
physics department
department of physics
music department
department of music
psychology department
department of psychology
sociology department
department of sociology
business department
advertising department
advertising division
editorial department
city desk
sports desk
parts department
personnel department
personnel office
staff office
plant department
building department
purchasing department
sales department
sales division
sales force
service department
government department
ministry
foreign office
treasury
local department
department of local government
fire department
fire brigade
police department
state department
federal department
federal office
department of the federal government
executive department
admiralty
security
branch
subdivision
arm
post office
local post office
executive branch
legislative branch
judicial branch
council
city council
executive council
privy council
divan
diwan
works council
soviet
world council
secretariat
secretariate
committee
commission
board
appeal board
appeals board
board of appeals
board of selectmen
governing board
board of regents
board of trustees
directorate
board of directors
staggered board of directors
advisory board
planning board
cabinet
draft board
school board
board of education
zoning board
election commission
fairness commission
planning commission
zoning commission
conservancy
subcommittee
standing committee
Ways and Means Committee
steering committee
ethics committee
ethics panel
finance committee
politburo
political action committee
PAC
presidium
praesidium
jury
panel
vestry
agency
government agency
bureau
office
authority
executive agency
organ
patent office
central bank
secret service
redevelopment authority
regulatory agency
regulatory authority
weather bureau
child welfare agency
child welfare service
intelligence
placement office
placement center
hiring hall
company
coronary care unit
family
household
house
home
menage
nuclear family
conjugal family
extended family
foster home
general delivery
poste restante
instrumentality
member
military unit
military force
force
command
enemy
task force
army unit
corps
division
regiment
brigade
battalion
company
platoon
detachment
guard
bodyguard
yeomanry
patrol
picket
press gang
provost guard
rearguard
vanguard
van
section
squad
firing squad
firing party
troop
shock troops
troop
artillery
artillery unit
battery
musketry
cavalry
squadron
horse cavalry
mechanized cavalry
infantry
foot
paratroops
naval unit
division
squadron
air unit
division
wing
air group
squadron
flight
legion
echelon
phalanx
militia
reserves
territorial
territorial reserve
home reserve
commando
contingent
detail
headquarters
task force
team
squad
battery
flying squad
major-league team
major-league club
minor-league team
minor-league club
farm team
farm club
baseball team
baseball club
ball club
club
nine
basketball team
five
football team
eleven
hockey team
varsity
first team
powerhouse
offense
defense
defence
defending team
platoon
section
little-league team
crew
gang
crew
work party
detail
chain gang
ground crew
ground-service crew
road gang
section gang
stage crew
combination
crew
aircrew
bomber crew
bomber aircrew
merchant marine
troop
scout troop
scout group
outfit
fifth column
Trojan horse
political unit
state
nation
country
land
commonwealth
res publica
body politic
Reich
suzerain
sea power
world power
major power
great power
power
superpower
city state
ally
union
confederation
confederacy
federation
nation
tribe
federation of tribes
league
customs union
cell
cadre
amphictyony
lunatic fringe
revolutionary group
underground
resistance
lobby
pressure group
third house
side
working group
expedition
force
personnel
military service
armed service
service
army
regular army
host
legion
standing army
navy
naval forces
coastguard
air force
airforce
military
armed forces
military reserve
reserve
paramilitary
paramilitary organization
police
police force
constabulary
law
gendarmerie
gendarmery
vice squad
secret police
posse
posse comitatus
security force
private security force
military police
shore patrol
work force
workforce
manpower
hands
men
complement
full complement
ship's company
company
shift
day shift
day watch
evening shift
night shift
patrol
border patrol
military personnel
soldiery
troops
cavalry
horse cavalry
horse
garrison
rank and file
rank
staff
office
office staff
research staff
sales staff
security staff
service staff
maintenance staff
general staff
headquarters staff
line personnel
management personnel
union
labor union
trade union
trades union
brotherhood
industrial union
vertical union
craft union
company union
musical organization
musical group
chorus
choir
ensemble
jug band
mariachi
skiffle group
section
string section
violin section
rhythm section
brass section
trumpet section
reed section
clarinet section
duet
duette
duo
trio
quartet
quartette
string quartet
string quartette
quintet
quintette
sextet
sextette
sestet
septet
septette
octet
octette
orchestra
chamber orchestra
string orchestra
symphony orchestra
symphony
band
brass band
concert band
military band
dance band
band
dance orchestra
big band
jazz band
jazz group
combo
rock group
rock band
steel band
party
political party
third party
machine
political machine
machine
alliance
coalition
alignment
alinement
combination
combination in restraint of trade
allies
bloc
axis
sterling area
sterling bloc
scheduled territories
entente
entente cordiale
popular front
world organization
international organization
federation
committee
citizens committee
vigilance committee
welcoming committee
hierarchy
power structure
pecking order
deputation
commission
delegation
delegacy
mission
diplomatic mission
legation
foreign mission
mission
missionary post
missionary station
foreign mission
blue
gray
grey
host
pool
administration
governance
establishment
brass
organization
organisation
executive
judiciary
bench
government officials
officialdom
civil service
bureaucracy
bureaucratism
management

