1st Silesian War
2nd Silesian War
Abkhazian War
Afghanistan Civil War
Albigensian Crusade
Algerian War
American Civil War
American Revolutionary War
Anglo-Dutch Java War
Anglo-Dutch War
Anglo-French War
Anglo-Irish War
Anglo-Scottish War
Anglo-Spanish War
Anglo-Zulu War
Angolan Civil War
Angolan War of Independence
Argentine War of Independence
Ashanti-Fante War
Aunus expedition
Austro-Prussian War
Austro-Transylvanian War
Austro-Turkish War
Battle of Actium
Battle of Pharsalus
Bay of Pigs
Belgian War
Biafra War
Black Hills War
Bohemian/Palatine Phase
Bolivar's War
Border war
Bosnian War
Boxer Rebellion
Brazilian War
Breton War of Succession
Burundi Civil War
Caesar's civil war
Cambodian Civil War
Caste War of Yucatan
Catalan Revolt
Cenepa War
Chaco War
Chad Civil War
Charles VIII's Italian War
Charles V's war with Maurice of Saxony
Children's Crusade
Chilean War
Chinese Civil War
Civil War
Colombian Civil War
Continuation War
Cossack Revolt against Poland
Crimean War
Croatian War
Crusade of 1101
Cuban Revolution
Danish Phase
Danish-Swedish War
Dano-Swedish War
Darfur conflict
Dog Tax War
Dutch Civil War
Dutch War of Independence
Dutch-Swedish War
East Cape War
Easter Rising rebellion
Egyptian Revolution
Egyptian-Wahhabi War
Eighth Crusade
Eighth War of Religion
Eighty Years' War
El Salvador Civil War
English Civil War
Estonian Liberation War
Ethiopian Civil War
Falklands War
Fifth Crusade
Fifth War of Religion
Finnish Civil War
First Anglo-Afghan War
First Anglo-Burmese War
First Anglo-Dutch War
First Anglo-Maratha War
First Arab-Israeli War
First Barbary War
First Bishops' War
First Boer War
First Carnatic War
First Chechen War
First Civil War
First Crusade
First Fronde
First Greco-Turkish War
First Italian
First Italo-Abyssinian War
First Kandyan War
First Kashmir War
First Maori War 
First Opium War
First Punic War
First Seminole War
First Silesian Uprising
First Sino-Japanese War
First Sudanese Civil War
First Taranaki War
First war of Francis and Charles V
First War of Religion
First war of Schleswig
First War of Scottish
Flagstaff War
Football War
Fourth Arab-Israeli War
Fourth Crusade
Fourth War of Religion
Francis I's first Italian war
Franco-Austrian War
Franco-British War
Franco-Dutch War
Franco-Prussian War
Franco-Russian War
Franco-Spanish Conquest of Naples
Franco-Spanish War
Franco-Spanish War over Naples
French Phase
French Revolutionary Wars
Fulani War
Ga-Fante War
Georgian civil war
Georgian civil war
Great Northern War
Great Poland Uprising
Great Russian War
Greek Civil War
Greek War
Guatemalan Civil War
Gustav III's Russian War
Haiti rebellion
Haiti Revolutionary War
Hats' Russian War
Huguenot Uprising
Huguenot Wars
Hundred Days War
Hundred Years' War
Hungarian Civil War
Hungarian Revolt
Hussite Wars
Hutt Valley Campaign
Iran-Iraq War
Irish Civil War
Irish Jacobite Uprising
Irish War
Irish War of Independence
Italian Wars
Jacobite Rebellion
Julius Caesar's Gallic Wars
July Revolution
Kargil Conflict
King George's War
King Philip's War
Korean War
Kosciuszko Uprising
Kosovo War
Lapland War
Last Italian War
Last War of Francis and Charles
Lebanese Civil War
Lebanon War
Liberian Civil War
Livonian War
Long War
Louis XII's war with Milan
Lovers' War
Macedonian War
Malayan Emergency
Mau Mau Uprising
Mexican War
Mexican-American War
Modoc War
Monmouth's Rebellion
Morisco Revolt
Mozambique's Ciwil War
Mozambique's War
Nagorno-Karabakh war
Namibian War
Napoleonic Wars
Neapolitan War
Ninth Crusade
Norman Conquest
Northern Expedition
Northern Seven Years' War
Operation Just Cause
Operation Urgent Fury
Opium War
Ottoman Civil War
Ottoman Conquest of Rhodes
Ottoman-Habsburg War
Ottoman-Hungarian War
Ottoman-Mamluk War
Ottoman-Safavid War
Pacific War
Padri War
Pastry War
Peloponnesian War
Peninsular War
Pequot War
Persian Gulf War
Persian Wars
Philippine-American War
Polish revolt against King Augustus II
Polish-Czech war
Polish-Russian war
Polish-Soviet war
Polish-Swedish War
Polish-Turkish War
Pontiac's Rebellion
Portuguese Civil War
Portuguese War
Pugachev's Rebellion
Quasi War
Queen Anne's War
Red Cloud's War
Renewed Austro-Transylvanian War
Renewed Ottoman-Habsburg War
Republican Campaign
Revolution of 1905
Roman Civil War
Russian Civil War
Russian Revolution
Russo-Japanese War
Russo-Persian War
Russo-Polish War
Russo-Swedish War
Russo-Swedish War
Russo-Turkish War
Rwanda Civil War
Samnite Wars
San Martin's War
Scanian War
Schmalkaldic War
Scottish Civil War
Scottish Rebellion against the French
Scottish Uprising
Second Anglo-Afghan War
Second Anglo-Burmese War
Second Anglo-Dutch War
Second Anglo-Maratha War
Second Barbary War
Second Bishops' War
Second Boer War
Second Carnatic War
Second Chechen War
Second Civil War
Second Crusade
Second Fronde
Second Greco-Turkish War
Second Italian
Second Italo-Abyssinian War
Second Kandyan War
Second Kashmir War
Second Liberian Civil War
Second Opium War
Second Phase
Second Punic War
Second Seminole War
Second Silesian Uprising
Second Sino-Japanese War
Second Sudanese Civil War
Second Taranaki War
Second Ugandan Civil War
Second War of Religion
Second war of Schleswig
Second War of Scottish
Seminole Wars
Serbian Revolt
Seven Weeks War
Seven Years' War
Seventh Crusade
Seventh War of Religion
Several Maori Land Wars
Sierra Leone Civil War
Sino-Indian War
Sino-Vietnamese War
Six-Day War
Sixth Crusade
Sixth War of Religion
Slovenian War
Social War
Somalian Civil War
South Ossetian war
Spanish Civil War
Spanish-American War
Spanish-Portuguese War
Suez Crisis
Sulla's civil war
Swedish Phase
Swedish-Brandenburg War
Swiss Civil War
Taiping Rebellion
Tauranga Campaign
Te Kooti's War
Tecumseh's War
Texan War
The Counts' War
The Creek War
The Cudgel War
The Deluge/Northern Wars
The Finnish War
The Forty-five war
The Fronde war
The Gurkha War
The Knights' War
The Pakistani Civil War
The Peasants' War
The Spartacist Rebellion
The Swedish War of Liberation
The War of 1812
The war of thousand days
Third Anglo-Afghan War
Third Anglo-Burmese War
Third Anglo-Dutch War
Third Anglo-Maratha War
Third Arab-Israeli War
Third Crusade
Third Italian War
Third Punic War
Third Seminole War
Third Silesian Uprising
Third War of Francis and Charles
Third War of Religion
Thirteen Years' War
Thirty Years' War
Titokowaru's War
Toledo War
Trojan War
Tukulor War
Turco-Italian War
Turco-Persian War
Turkish War
Turkish-Persian War
Turkish-Transylvanian War
Turkish-Venetian War
Turko-Persian War
Turko-Venetian War
Twenty-five Years' War
Two Balkan Wars
Tyrone Rebellion
United Irishmen Revolt
Uprising of the Comuneros
Utah War
Uva Rebellion
Vandal Wars
Venezuelan War
Viena expedition
Vietnam War
Vietnamese Civil War
Wairau Massacre
Wanganui Campaign
War of 1812
War of Devolution
War of Dutch Independence
War of Jenkins' Ear
War of Kalmar
War of Spanish Succession
War of Spanish Succession
War of the Austrian Succession
War of the Bavarian Succession
War of the Confederation of Bar
War of the Eight Princes
War of the Fifth Coalition
War of the First Coalition
War of the Fourth Coalition
War of the Grand Alliance
War of the Holy League
War of the League of Cambrai
War of the League of Cognac
War of the Mantuan Succession
War of the Oranges
War of the Pacific
War of the Polish Succession
War of the Quadruple Alliance
War of the Second Coalition
War of the Seventh Coalition
War of the Sixth Coalition
War of the Third Coalition
War of the Three Henries
War of the Triple Alliance
War of Three Kingdoms
Wars of Alexander the Great
Wars of Religion
Wars of the Roses
Winter War
World War I
World War II
WWI
WWII
Yemen Civil War
Yom Kippur War
Yugoslav Wars
Zapatista Revolution
Zulu Civil War
