AIDS
AIDS virus
ALV related
ALV related virus
Abelson leukemia
Abelson leukemia virus
Abelson murine leukemia
Abelson murine leukemia virus
Abelson's
Abelson's virus
Acetobacter aurantius
Actinobacillus actinomycetemcomitans
Actinomyces Israelii
Adelaide River
Adelaide River virus
Adenovirus
African horse sickness
African horse sickness virus
African swine fever
African swine fever virus
Agrobacterium tumefaciens
Aleutian mink disease parvovirus
Alphavirus
Amapari
Amapari virus
Anaplasma
Anaplasma marginale
Anaplasma phagocytophilum
Andean potato mottle
Andean potato mottle virus
Aphthovirus
Aquareovirus
Arenavirus group
Argentine hemorrhagic fever
Argentine hemorrhagic fever virus
Argentinian hemorrhagic fever
Argentinian hemorrhagic fever virus
Arterivirus
Astrovirus
Ateline herpesvirus group
Aujezky's disease
Aujezky's disease virus
Aura
Aura virus
Ausduk disease
Ausduk disease virus
Australian bat lyssavirus
Aviadenovirus
Avihepadnavirus
Avipoxvirus
Azorhizobium caulinodans
Azotobacter vinelandii
B
B virus
B19
B19 virus
BK
BK virus
Babanki
Babanki virus
Bacillus
Bacillus anthracis
Bacillus brevis
Bacillus cereus
Bacillus fusiformis
Bacillus licheniformis
Bacillus megaterium
Bacillus mycoides
Bacillus stearothermophilus
Bacillus subtilis
Bacteroides
Bacteroides fragilis
Bacteroides gingivalis
Bacteroides melaninogenicus
Barmah Forest
Barmah Forest virus
Barr
Barr virus
Bartonella
Bartonella henselae
Bartonella quintana
Bebaru
Bebaru virus
Berrimah
Berrimah virus
Birnavirus
Bittner
Bittner virus
Black Creek Canal
Black Creek Canal virus
Bolivian hemorrhagic fever
Bolivian hemorrhagic fever virus
Boma disease
Boma disease virus
Bordetella
Bordetella bronchiseptica
Bordetella pertussis
Borrelia burgdorferi
Branhamella catarrhalis
Bromovirus
Brucella
Brucella abortus
Brucella melitensis
Brucella suis
Buggy Creek
Buggy Creek virus
Bunyamwera
Bunyamwera virus supergroup
Bunyavirus
Burkholderia
Burkholderia cepacia
Burkholderia mallei
Burkholderia pseudomallei
Burkitt's lymphoma
Burkitt's lymphoma virus
Bwamba Fever
Bwattany hetero
Bwattany hetero virus
CA
CA virus
CPV
Calicivirus
California encephalitis
California encephalitis virus
Calymmatobacterium granulomatis
Campylobacter
Campylobacter coli
Campylobacter fetus
Campylobacter jejuni
Campylobacter pylori
Cano Delgadito
Cano Delgadito virus
Capillovirus
Caprine Herpes
Caprine Herpes Virus
Capripox
Capripox virus
Cardiovirus
Carlavirus
Carmovirus
Cassia yellow blotch
Cassia yellow blotch virus
Cauliflower mosaic
Cauliflower mosaic virus
Caulimovirus
Cercopithecine herpesvirus 1
Cercopithecine herpesvirus 2
Chandipura
Chandipura virus
Changuinola
Changuinola virus
Charleville
Charleville virus
Chikungunya
Chikungunya virus
Chlamydia
Chlamydia pneumoniae
Chlamydia psittaci
Chlamydia trachomatis
Chlamydophila
Chlamydophila pneumoniae
Chlamydophila psittaci
Closterovirus
Clostridium
Clostridium botulinum
Clostridium difficile
Clostridium perfringens
Clostridium tetani
Clostridium welchii
Cocal
Cocal virus
Coho salmon reovirus
Colorado tick fever
Colorado tick fever virus
Coltivirus
Columbia SK
Columbia SK virus
Commelina yellow mottle
Commelina yellow mottle virus
Comovirus
Congo hemorrhagic fever
Congo hemorrhagic fever virus
Coronavirus
Corriparta
Corriparta virus
Corynebacterium
Corynebacterium diphtheriae
Corynebacterium fusiforme
Coxiella burnetii
Crimean
Crypotovirus
Cucumovirus
Cypovirus
DNA
DNA virus
Deformed wing
Deformed wing virus DWV
Densovirus
Dependovirus
Dhori
Dhori virus
Dianthovirus
Drosophila C
Drosophila C virus
Duvenhage
Duvenhage virus
EB
EB virus
EEE
EEE virus
EIA
EIA virus
EMC
EMC virus
Ebola
Ebola virus
Ehrlichia chaffeensis
Emiliania huxleyi
Emiliania huxleyi virus 86
Enterococcus
Enterococcus avium
Enterococcus durans
Enterococcus faecalis
Enterococcus faecium
Enterococcus galllinarum
Enterococcus maloratus
Enterovirus
Epstein
Escherichia coli
Eubenangu
Eubenangu virus
European elk papillomavirus
European swine fever
European swine fever virus
Everglades
Everglades virus
Eyach
Eyach virus
Fabavirus
Fijivirus
Filovirus
Flanders
Flanders virus
Flavivirus
Fort Morgan
Fort Morgan virus
Four Corners hantavirus
Francisella tularensis
Friend
Friend virus
Furovirus
Fusobacterium nucleatum
GB
GB hepatitis
GB hepatitis virus
GB virus
Gardnerella vaginalis
Gay elephant tycomabanucleoid
Gay elephant tycomabanucleoid virus
Geminivirus
German measles
German measles virus
Getah
Getah virus
Gonometa
Gonometa virus
Gross'
Gross' virus
Guanarito
Guanarito virus
HCMV
Haemophilus
Haemophilus ducreyi
Haemophilus influenzae
Haemophilus parainfluenzae
Haemophilus pertussis
Haemophilus vaginalis
Hantaan
Hantaan virus
Hantavirus
Helicobacter pylori
Henipaviruses
Hepadnavirus
Hepatovirus
Herpesvirus ateles
Herpesvirus hominis
Herpesvirus infection
Herpesvirus saimiri
Herpesvirus suis
Herpesvirus varicellae
Highlands J
Highlands J virus
Hirame rhabdovirus
Hordeivirus
Ilarvirus
JC
JC virus
Japanese B
Japanese B virus
Japanese encephalitis
Japanese encephalitis virus
Junin
Junin virus
Kaposi's sarcoma
Kemerovo
Kemerovo virus
Kilham's rat
Kilham's rat virus
Klamath
Klamath virus
Klebsiella pneumoniae
Kolongo
Kolongo virus
Korean hemorrhagic fever
Korean hemorrhagic fever virus
Kysanur forest disease
Kysanur forest disease virus
Kyzylagach
Kyzylagach virus
LCM
LCM virus
La Crosse
La Crosse virus
Lactobacillus
Lactobacillus acidophilus
Lactobacillus casei
Lactococcus lactis
Lagos bat
Lagos bat virus
Lambda phage
Langur
Langur virus
Lassa
Lassa fever
Lassa fever virus
Lassa virus
Leaky
Leaky virus
Legionella pneumophila
Lentivirus
Leporipoxvirus
Listeria monocytogenes
Luteovirus
Lymphocryptovirus
Lyssavirus
ME
ME virus
MLV related
MLV related virus
MM
MM virus
Machupo
Machupo virus
Mapuera
Mapuera virus
Marafivirus
Marburg
Marburg virus
Mason Pfizer monkey
Mason Pfizer monkey virus
Mastadenovirus
Mayaro
Mayaro virus
Melandrium yellow fleck
Melandrium yellow fleck virus
Menangle
Menangle virus
Mengo
Mengo virus
Mengovirus
Methanobacterium extroquens
Microbacterium multiforme
Micrococcus luteus
Middelburg
Middelburg virus
Mokola
Mokola virus
Molluscipoxvirus
Molluscum contagiosum
Molluscum contagiosum virus
Mononegavirales
Moraxella catarrhalis
Morbillivirus
Mount Elgon bat
Mount Elgon bat virus
Mozambique
Mozambique virus
Mucambo
Mucambo virus
Muromegalovirus
Murray Valley encephalitis
Murray Valley encephalitis virus
Mycobacterium
Mycobacterium avium
Mycobacterium bovis
Mycobacterium diphtheriae
Mycobacterium intracellulare
Mycobacterium leprae
Mycobacterium lepraemurium
Mycobacterium phlei
Mycobacterium smegmatis
Mycobacterium tuberculosis
Mycoplasma
Mycoplasma fermentans
Mycoplasma genitalium
Mycoplasma hominis
Mycoplasma pneumoniae
Myxovirus
Myxovirus multiforme
Myxovirus parotitidis
Nairobi sheep disease
Nairobi sheep disease virus
Nairovirus
Nanirnavirus
Nariva
Nariva virus
Ndumo
Ndumo virus
Necrovirus
Neethling
Neethling virus
Neisseria
Neisseria gonorrhoeae
Neisseria meningitidis
Nelson Bay
Nelson Bay virus
Neopvirus
New World Arenavirus
Newcastle disease
Newcastle disease virus
Nipah
Nipah virus
Nocardia asteroides
Noravirus
Norwalk
Norwalk virus
O'nyong'nyong
O'nyong'nyong virus
Ockelbo
Ockelbo virus
Orbivirus
Orf
Orf virus
Oropouche
Oropouche virus
Orthohepadnavirus
Orthopoxvirus
Orthoreovirus
Orungo
Palyam
Palyam virus
Papillomavirus
Papillomavirus sylvilagi
Papovavirus
Paramyxovirus
Parapoxvirus
Parvovirus
Parvovirus B19
Pasteurella
Pasteurella multocida
Pasteurella tularensis
Peptostreptococcus
Pestivirus
Phlebovirus
Phytoreovirus
Picodnavirus
Picornavirus
Piry
Piry virus
Pixuna
Pixuna virus
Pneumovirus
Polydnavirus
Polyomavirus
Polyomavirus bovis
Polyomavirus cercopitheci
Polyomavirus hominis 2
Polyomavirus maccacae 1
Polyomavirus muris 1
Polyomavirus muris 2
Polyomavirus papionis 1
Polyomavirus papionis 2
Polyomavirus sylvilagi
Pongine herpesvirus 1
Porphyromonas gingivalis
Potato
Potato leaf roll
Potato leaf roll virus
Potato mop top
Potato mop top virus
Potato virus Y
Potexvirus
Potyvirus
Prevotella melaninogenica
Prospect Hill
Prospect Hill virus
Pseudomonas aeruginosa
Puumala
Puumala virus
RNA
RNA tumor
RNA tumor virus
RNA virus
Ranikhet
Ranikhet virus
Rauscher's
Rauscher's virus
Retrovirus
Rhabdovirus
Rhabdovirus carpia
Rhadinovirus
Rhizidiovirus
Rhizobium radiobacter
Rickettsia
Rickettsia prowazekii
Rickettsia psittaci
Rickettsia quintana
Rickettsia rickettsii
Rickettsia trachomae
Rift Valley fever
Rift Valley fever virus
Riley's
Riley's virus
Rochalimaea
Rochalimaea henselae
Rochalimaea quintana
Ross River
Ross River virus
Rotavirus
Rothia dentocariosa
Rous sarcoma
Rous sarcoma virus
Rubivirus
Russian autumn encephalitis
Russian autumn encephalitis virus
SA 11 simian
SA 11 simian virus
SA2
SA2 virus
SARS
SARS virus
SDAV
SSV 1
SSV 1 virus group
STLV type I
STLV type II
STLV type III
Sabia
Sabia virus
Sagiyama
Sagiyama virus
Saimirine herpesvirus 1
Salmonella
Salmonella enteritidis
Salmonella typhi
Salmonella typhimurium
Sandjimba
Sandjimba virus
Semliki Forest
Semliki Forest Virus
Sendai
Sendai virus
Seoul
Seoul virus
Serratia marcescens
Shigella dysenteriae
Shope fibroma
Shope fibroma virus
Shope papilloma
Shope papilloma virus
Simplexvirus
Sin Nombre
Sin Nombre virus
Sindbis
Sindbis virus
Sobemovirus
South American hemorrhagic fever
South American hemorrhagic fever viruses
Spumavirus
Staphylococcus
Staphylococcus aureus
Staphylococcus epidermidis
Stenotrophomonas maltophilia
Streptococcus
Streptococcus agalactiae
Streptococcus avium
Streptococcus bovis
Streptococcus cricetus
Streptococcus faceium
Streptococcus faecalis
Streptococcus ferus
Streptococcus gallinarum
Streptococcus lactis
Streptococcus mitior
Streptococcus mitis
Streptococcus mutans
Streptococcus oralis
Streptococcus pneumoniae
Streptococcus pyogenes
Streptococcus rattus
Streptococcus salivarius
Streptococcus sanguis
Streptococcus sobrinus
Suipoxvirus
Swiss mouse leukemia
Swiss mouse leukemia virus
T4 phage
T7 phage
TAC
TAC virus
Tacaribe
Tacaribe complex
Tacaribe complex virus
Tacaribe virus
Tanapox
Tanapox virus
Taterapox
Taterapox virus
Template:VIRUS76
Template:VIRUS76 viruslike particle
Tench reovirus
Tenvivirus
Theiler's
Theiler's encephalomyelitis
Theiler's encephalomyelitis virus
Theiler's virus
Thogoto
Thogoto virus
Thottapalayam
Thottapalayam virus
Tick borne encephalitis
Tick borne encephalitis virus
Tioman
Tioman virus
Tobamovirus
Tobravirus
Togavirus
Tomato spotted wilt
Tomato spotted wilt virus
Tombusvirus
Torovirus
Tospovirus
Treponema
Treponema denticola
Treponema pallidum
Tupaia
Tupaia virus
Tymovirus
Una
Una virus
Uukuniemi
Uukuniemi virus group
VEE
VEE virus
VSV (vesicular stomatitis
VSV (vesicular stomatitis virus)
Varicellovirus
Varicola
Varicola virus
Vasin Gishu disease
Vasin Gishu disease virus
Venezuelan equine encephalitis
Venezuelan equine encephalitis virus
Venezuelan equine encephalomyelitis
Venezuelan equine encephalomyelitis virus
Venezuelan hemorrhagic fever
Venezuelan hemorrhagic fever virus
Vesiculovirus
Vibrio
Vibrio cholerae
Vibrio comma
Vibrio parahaemolyticus
Vibrio vulnificus
Vilyuisk
Vilyuisk virus
Visna
Visna Maedi
Visna Maedi virus
Visna virus
WEE
WEE virus
WRSV
WRSV virus
Wallal
Wallal virus
Warrego
Warrego virus
West Nile
West Nile virus
Whataroa
Whataroa virus
Winter Vomiting
Winter Vomiting Virus
Wolbachia
Yaba
Yaba monkey tumor
Yaba monkey tumor virus
Yaba virus
Yatapoxvirus
Yersinia
Yersinia enterocolitica
Yersinia pestis
Yersinia pseudotuberculosis
Yug Bogdanovac
Yug Bogdanovac virus
ZYMV
acute laryngotracheobronchitis
acute laryngotracheobronchitis virus
adeno associated
adeno associated virus group
alfalfa mosaic
alfalfa mosaic virus
alpharetrovirus
arbovirus
arbovirus C
arbovirus group A
arbovirus group B
associated herpesvirus
avian erythroblastosis
avian erythroblastosis virus
avian infectious bronchitis
avian infectious bronchitis virus
avian leukemia
avian leukemia virus
avian leukosis
avian leukosis virus
avian lymphomatosis
avian lymphomatosis virus
avian myeloblastosis
avian myeloblastosis virus
avian paramyxovirus
avian pneumoencephalitis
avian pneumoencephalitis virus
avian reticuloendotheliosis
avian reticuloendotheliosis virus
avian sarcoma
avian sarcoma virus
avian type C retrovirus group
baboon herpesvirus
bacterial
bacterial virus
baculovirus
barley yellow dwarf
barley yellow dwarf virus
bean pod mottle
bean pod mottle virus
bean rugose mosaic
bean rugose mosaic virus
betaretrovirus
bluetongue
bluetongue virus
border disease of sheep
border disease of sheep virus
borna
borna virus
bovine alphaherpesvirus 1
bovine alphaherpesvirus 2
bovine coronavirus
bovine ephemeral fever
bovine ephemeral fever virus
bovine immunodeficiency
bovine immunodeficiency virus
bovine leukemia
bovine leukemia virus
bovine leukosis
bovine leukosis virus
bovine mammillitis
bovine mammillitis virus
bovine papillomavirus
bovine papular stomatitis
bovine papular stomatitis virus
bovine parvovirus
bovine syncytial
bovine syncytial virus
bovine type C oncovirus
bovine viral diarrhea
bovine viral diarrhea virus
bracovirus
broad bean mottle
broad bean mottle virus
broad bean stain
broad bean stain virus
brome mosaic
brome mosaic virus
bullet shaped
bullet shaped virus group
camelpox
camelpox virus
canarypox
canarypox virus
canid herpesvirus
canine coronavirus
canine distemper
canine distemper virus
canine herpesvirus
canine minute
canine minute virus
canine parvovirus
caprine arthritis
caprine arthritis virus
caprine encephalitis
caprine encephalitis virus
carrot mottle
carrot mottle virus
caviid herpesvirus 1
cereal yellow dwarf
cereal yellow dwarf virus
channel catfish
channel catfish virus
chickenpox
chickenpox virus
chimpanzee herpesvirus
chub reovirus
chum salmon
chum salmon virus
coital exanthema
coital exanthema virus
common cold
common cold virus
congenital cytomegalovirus
contagious ecthyma
contagious ecthyma virus
contagious pustular dermatitis
contagious pustular dermatitis virus
coryza
coryza virus
cowpea
cowpea chlorotic mottle
cowpea chlorotic mottle virus
cowpea mosaic
cowpea mosaic virus
cowpea virus
cowpox
cowpox virus
coxsackie
coxsackie virus
cricket paralysis
cricket paralysis virus
croup associated
croup associated virus
cytomegalovirus
cytomegalovirus group
cytoplasmic polyhedrosis
cytoplasmic polyhedrosis virus
deer papillomavirus
defective
defective virus
deltaretrovirus
dengue
dengue virus
diplorna
diplorna virus
duck hepatitis
duck hepatitis B
duck hepatitis B virus
duck hepatitis virus 1
duck hepatitis virus 2
duovirus
eastern equine encephalitis
eastern equine encephalitis virus
eastern equine encephalomyelitis
eastern equine encephalomyelitis virus
echo
echo virus
echovirus
echovirus 10
echovirus 28
echovirus 9
ectromelia
ectromelia virus
encephalitis
encephalitis virus
encephalomyocarditis
encephalomyocarditis group
encephalomyocarditis group virus
encephalomyocarditis virus
enzyme elevating
enzyme elevating virus
enzyme elevating virus (LDH)
epidemic hemorrhagic fever
epidemic hemorrhagic fever virus
epizootic hemorrhagic disease
epizootic hemorrhagic disease virus
equid alphaherpesvirus 1
equid alphaherpesvirus 4
equid herpesvirus 2
equine abortion
equine abortion virus
equine arteritis
equine arteritis virus
equine encephalosis
equine encephalosis virus
equine infectious anemia
equine infectious anemia virus
equine morbillivirus
equine rhinopneumonitis
equine rhinopneumonitis virus
equine rhinovirus
felid herpesvirus 1
feline calicivirus
feline fibrosarcoma
feline fibrosarcoma virus
feline herpesvirus
feline immunodeficiency
feline immunodeficiency virus
feline infectious peritonitis
feline infectious peritonitis virus
feline leukemia
feline leukemia /sarcoma
feline leukemia /sarcoma virus
feline leukemia virus
feline panleukopenia
feline panleukopenia virus
feline parvovirus
feline sarcoma
feline sarcoma virus
feline syncytial
feline syncytial virus
foot and mouth disease
foot and mouth disease virus
fowl adenovirus 1
fowlpox
fowlpox virus
gammaretrovirus
gibbon ape leukemia
gibbon ape leukemia virus
glandular fever
glandular fever virus
goatpox
goatpox virus
golden shinner
golden shinner virus
goose parvovirus
granulosis
granulosis virus
ground squirrel hepatitis B
ground squirrel hepatitis B virus
group A arbovirus
guinea pig cytomegalovirus
guinea pig type C
guinea pig type C virus
hard clam reovirus
hare fibroma
hare fibroma virus
helper
helper virus
hemadsorption
hemadsorption virus 2
hemagglutinating
hemagglutinating virus of Japan
hemorrhagic fever
hemorrhagic fever virus
hendra
hendra virus
hepatitis
hepatitis A
hepatitis A virus
hepatitis B
hepatitis B virus group
hepatitis C
hepatitis C virus
hepatitis D
hepatitis D virus
hepatitis E
hepatitis E virus
hepatitis F
hepatitis F virus
hepatitis G
hepatitis G virus
hepatitis delta
hepatitis delta virus
hepatitis nonA nonB
hepatitis nonA nonB virus
hepatitis virus
hepatitis virus (nonhuman)
hepatoencephalomyelitis reovirus 3
heron hepatitis B
heron hepatitis B virus
herpes B
herpes B virus
herpes simplex
herpes simplex virus
herpes simplex virus 1
herpes simplex virus 2
herpesvirus
herpesvirus 7
hog cholera
hog cholera virus
human B lymphotropic
human B lymphotropic virus
human T cell leukemia
human T cell leukemia virus
human T cell leukemia virus I
human T cell leukemia virus II
human T cell leukemia virus III
human T cell lymphoma
human T cell lymphoma virus I
human T cell lymphoma virus II
human T cell lymphotropic
human T cell lymphotropic virus type 1
human T cell lymphotropic virus type 2
human T lymphotropic
human T lymphotropic virus I
human T lymphotropic virus II
human T lymphotropic virus III
human adenovirus 2
human alphaherpesvirus 1
human alphaherpesvirus 2
human alphaherpesvirus 3
human betaherpesvirus 5
human coronavirus
human cytomegalovirus
human cytomegalovirus group
human foamy
human foamy virus
human gammaherpesvirus 4
human gammaherpesvirus 6
human hepatitis A
human hepatitis A virus
human herpesvirus 1 group
human herpesvirus 2 group
human herpesvirus 3 group
human herpesvirus 4 group
human herpesvirus 6
human herpesvirus 8
human immunodeficiency
human immunodeficiency virus
human immunodeficiency virus 1
human immunodeficiency virus 2
human papillomavirus
ichnovirus
infantile gastroenteritis
infantile gastroenteritis virus
infectious bovine rhinotracheitis
infectious bovine rhinotracheitis virus
infectious haematopoietic necrosis
infectious haematopoietic necrosis virus
infectious pancreatic necrosis
infectious pancreatic necrosis virus
influenza
influenza A
influenza A virus
influenza B
influenza B virus
influenza virus (unspecified)
influenzavirus (unspecified)
influenzavirus A
influenzavirus B
influenzavirus C
influenzavirus D
influenzavirus pr8
insect
insect iridescent
insect iridescent virus
insect virus
interfering
interfering virus
iridovirus
johnson mosaic
johnson mosaic virus
kumba
kumba virus
lactic dehydrogenase
lactic dehydrogenase elevating
lactic dehydrogenase elevating virus
lactic dehydrogenase virus
lapine parvovirus
latent rat
latent rat virus
leukemia
leukemia virus
leukovirus
like
like virus
lumpy skin disease
lumpy skin disease virus
lymphadenopathy associated
lymphadenopathy associated virus
lymphocytic choriomeningitis
lymphocytic choriomeningitis virus
lymphoproliferative
lymphoproliferative virus group
mad itch
mad itch virus
maize chlorotic dwarf
maize chlorotic dwarf virus
maize rough dwarf
maize rough dwarf virus
mammalian type B oncovirus group
mammalian type B retroviruses
mammalian type C retrovirus group
mammalian type D retroviruses
mammary tumor
mammary tumor virus
measles
measles virus
milkers nodule
milkers nodule virus
mink enteritis
mink enteritis virus
minute
minute virus of mice
monkey B
monkey B virus
monkeypox
monkeypox virus
mouse K
mouse K virus
mouse cytomegalovirus
mouse encephalomyelitis
mouse encephalomyelitis virus
mouse hepatitis
mouse hepatitis virus
mouse leukemia
mouse leukemia virus
mouse mammary tumor
mouse mammary tumor virus
mouse minute
mouse minute virus
mouse pneumonia
mouse pneumonia virus
mouse poliomyelitis
mouse poliomyelitis virus
mouse polyomavirus
mouse sarcoma
mouse sarcoma virus
mousepox
mousepox virus
mucosal disease
mucosal disease virus
mumps
mumps virus
murid betaherpesvirus 1
murid cytomegalovirus 2
murine cytomegalovirus group
murine encephalomyelitis
murine encephalomyelitis virus
murine hepatitis
murine hepatitis virus
murine leukemia
murine leukemia virus
murine nodule inducing
murine nodule inducing virus
murine polyomavirus
murine sarcoma
murine sarcoma virus
myxoma
myxoma virus
neurotropic
neurotropic virus
newborn pneumonitis
newborn pneumonitis virus
nipple neck
nipple neck virus
noncytopathogenic
noncytopathogenic virus
nuclear polyhedrosis
nuclear polyhedrosis virus (NPV)
oat sterile dwarf
oat sterile dwarf virus
oncogenic
oncogenic virus
oncogenic viruslike particle
oncornavirus
orthomyxovirus
ovine catarrhal fever
ovine catarrhal fever virus
ovine papillomavirus
owl monkey herpesvirus
parainfluenza
parainfluenza virus
parainfluenza virus type 1
parainfluenza virus type 2
parainfluenza virus type 3
parainfluenza virus type 4
paravaccinia
paravaccinia virus
parsnip yellow fleck
parsnip yellow fleck virus
parvovirus group
pea enation mosaic
pea enation mosaic virus
phocine distemper
phocine distemper virus
pig cytomegalovirus
pigeonpox
pigeonpox virus
plant
plant rhabdovirus group
plant virus
pneumonia
pneumonia virus of mice
poliomyelitis
poliomyelitis virus
poliovirus
polyhedral
polyhedral virus
polyoma
polyoma virus
porcine epidemic diarrhea
porcine epidemic diarrhea virus
porcine hemagglutinating encephalomyelitis
porcine hemagglutinating encephalomyelitis virus
porcine parvovirus
porcine transmissible gastroenteritis
porcine transmissible gastroenteritis virus
porcine type C
porcine type C virus
pox
pox virus
poxvirus
poxvirus variolae
provirus
pseudocowpox
pseudocowpox virus
pseudorabies
pseudorabies virus
psittacinepox
psittacinepox virus
quailpox
quailpox virus
rabbit fibroma
rabbit fibroma virus
rabbit kidney vaculolating
rabbit kidney vaculolating virus
rabbit papillomavirus
rabies
rabies virus
raccoon parvovirus
raccoonpox
raccoonpox virus
radish mosaic
radish mosaic virus
rat
rat cytomegalovirus
rat parvovirus
rat virus
recombinant
recombinant vaccinia
recombinant vaccinia virus
recombinant virus
reovirus
reovirus 1
reovirus 2
reovirus 3
reptilian type C
reptilian type C virus
respiratory
respiratory infection
respiratory infection virus
respiratory syncytial
respiratory syncytial virus
respiratory virus
reticuloendotheliosis
reticuloendotheliosis virus
rhinovirus
rice dwarf
rice dwarf virus
rice gall dwarf
rice gall dwarf virus
rice ragged stunt
rice ragged stunt virus
rinderpest
rinderpest virus
rougeole
rougeole virus
rubella
rubella virus
rubeola
rubeola virus
salivary gland
salivary gland virus
sandfly fever
sandfly fever virus group
satellite
satellite virus
sealpox
sealpox virus
sheeppox
sheeppox virus
sialodacryoadenitis virus
simian
simian T cell lymphotrophic
simian T cell lymphotrophic virus
simian T lymphotropic virus type I
simian T lymphotropic virus type II
simian T lymphotropic virus type III
simian foamy
simian foamy virus
simian hepatitis A
simian hepatitis A virus
simian human immunodeficiency
simian human immunodeficiency virus
simian immunodeficiency
simian immunodeficiency virus
simian parainfluenza
simian parainfluenza virus
simian virus
simian virus 40
smallpox
smallpox virus
sparrowpox
sparrowpox virus
spring beauty latent
spring beauty latent virus
squash mosaic
squash mosaic virus
squirrel fibroma
squirrel fibroma virus
squirrel monkey retrovirus
stomatitis papulosa
stomatitis papulosa virus
submaxillary
submaxillary virus
suid alphaherpesvirus 1
suid herpesvirus 2
swamp fever
swamp fever virus
swinepox
swinepox virus
tobacco mosaic
tobacco mosaic virus
tobacco rattle
tobacco rattle virus
tomato bushy stunt
tomato bushy stunt virus
transforming
transforming virus
tumor
tumor virus
turkey rhinotracheitis
turkey rhinotracheitis virus
turkeypox
turkeypox virus
turnip yellow mosaic
turnip yellow mosaic virus
type C retroviruses
type D oncovirus
type D retrovirus group
ulcerative disease rhabdovirus
vaccinia
vaccinia virus
vacuolating
vacuolating virus
varicella zoster
varicella zoster virus
variola
variola major
variola major virus
variola virus
vesicular stomatitis
vesicular stomatitis virus
viper retrovirus
viral haemorrhagic septicemia
viral haemorrhagic septicemia virus
volepox
volepox virus
wart
wart virus
western equine encephalitis
western equine encephalitis virus
western equine encephalomyelitis
western equine encephalomyelitis virus
woodchuck hepatitis B
woodchuck hepatitis B virus
woolly monkey sarcoma
woolly monkey sarcoma virus
wound tumor
wound tumor virus
yellow fever
yellow fever virus
zucchini yellow mosaic virus
