23-Man Squamush
Adventure racing
Aerobatics
Aeromodelling
Aggressive skating
Aikido
Air Racing
Airsoft
Alpine skiing
Alpineskiing
Amateur radio contesting
Amateur Radio Direction Finding
American football
American handball
Anbo-Jitsu
Apnea
Apopudobalia
Archery
Artistic gymnastics
Artistic roller skating
Athletics
Atlatl
Australian rules football
Auto racing
Backcountry skiing
Badminton
Baguazhang
Ball Badminton
Ballet
Ballooning
Ballroom dance
Bandy
Bar billiards
Barefoot water skiing
BASE jumping
Baseball
Basketball
Basque pelota
Beach handball
Beach rugby
Beach soccer
Beach volleyball
Beach wrestling
Biathlon
Bicycle polo
Billiard Sports
Billiards
Blernsball
Blitzball
BMX racing
Boating
Bobsleigh
Bocce
Boccia
Bodyboarding
Bodybuilding
Bowling
Box lacrosse
Boxing
Brazilian Jiu-Jitsu
Bridge
Briscola
Brockian Ultra-Cricket
BroomBall
Brutal Woods
Bullfighting
Bungee jumping
Buzkashi
Calva
Calvinball
Camogie
Canadian football
Canoe Polo
Canoeing
Canyoning
Capoeira
Carambole billiard
Casting
Caving
Cestoball
Checkers
Chess
Chess boxing
Children playground sport
Colorguard
Combat robot
Combat sports
Competitive board games
Cricket
Croquet
Cross country skiing
Cross-countryskiing
Curling
Cycling
Cycloball
Cyclocross
Danball
Dance
DanceSport
Darts
Disabled sports
Disc golf
Discs of Tron
Discus
Diving
Diving off springboards or off platforms
Diving under water
Dodgeball
Dominoes
Downhill skiing
Drag Racing
Dragon Boat Racing
Draughts
Dwarf throwing
Equestrian
Equestrianism
Eton Wall Game
Extreme snowboarding
Extreme sports
Fell running
Fencing
Field Hockey
Figure skating
Figureskating
Fin swimming
Firediving
Fishing
Fistball
Floorball
Flying disc
Footbag
Football
Footskating
Footvolley
Free-diving
Freestyle skiing
Freestyle snowboarding
Freestyleskiing
Frontenis
Frungy
Futsal
Futuresport
Gaelic football
Gateball
Gliding
Goalball
Golf
Golfcross
Grass skiing
Guyball
Gymnastics
hacky sack
Haggis Hurling
Hammer throw
Handball
Hang gliding
Hapkido
Harness racing
High jump
High Speed Telegraphy
Hip hop dance
Hockey
Hornussen
horseshoe throwing
Horseshoes
Hurdling
Hurling
Hydroplane racing
Iaido
Ice climbing
Ice hockey
Ice_dance
Icehockey
Indoor lacrosse
Indoor surfing
Inline hockey
Inline speed skating
Irish dance
Jai-Alai
Javelin
Jazz dance
Jet sprint boat racing
Judo
Ju-jitsu
Jumping
Kabaddi
Kabucha Toli
Karate
Karting
Kayaking
Kempo
Kendo
Keysport
Kickball
Kickboxing
Kite surfing
Kiteboarding
Kitesurfing
Kolhii
Korfball
Kosho
Krav Maga
Kung-fu
Kyudo
La Llave
Lacrosse
Land luge
Laser Tag
Lawn bowls
Lion dancing
Long distance
Long jump
Lotball
Luge
Lyrical dance
Marbles
Marching Band
Matball
Mesoamerican ballgame
Middle distance
Mixed martial arts
Modern dance
Modern pentathlon
ModernPentathlon
Monopoly
Motocross
Motor boating
Motor Vehicle racing
Motorboat racing
Motorcycle racing
Motorsports
Mountain bicycling
Mountain unicycling
Mountainboarding
Mountaineering
Muay Thai
Naginata-do
Netball
Nordic skiing
Nordiccombined
Off Piste skiing
Offshore powerboat racing
Open Water Swimming
Orienteering
Outrigger Canoe racing
Paddleball
Paintball
Pall mall
Parachuting
Paragliding
Parasailing
Parkour
Pato
Pelota
Pencak Silat
Pesapallo
Petanque
Pigeon sport
Pington
Platform tennis
Podracing
Poker
Pole vault
Polo
Pool
Powerlifting
Pradal Serey
Professional Wrestling
Quarterhorse racing
Quidditch
Racketlon
Racquetball
Racquets
Rafting
Real tennis
Relay races
Rescue swimming
Rhythmic gymnastics
Ringette
Ringo
Rink hockey
Rinkball
Road bicycle racing
Road hockey
road luge
Rock climbing
Roller derby
Roller hockey
Roller skating
Roller skiing
Roller speed skating
Rollerball
Rounders
Rowing
Royal Shrovetide Football
Rugby League
Rugby Union
Running
Sabaac
Sailing
Sambo
Scrabble
Scuba diving
Scuffleball
Sepak Takraw
Shinty
Shogi
Shooting
Short track speed skating
Shorttrack
Shot put
Skateboarding
Skater hockey
Skating sports
Skeleton
Ski flying
ski jumping
Ski touring
Skibob
Skijoring
Skijumping
Skimboarding
Skittles
Skurfing
Skydiving
Slamball
Snake bashing
Snooker
Snorkeling
Snow sports
Snowboarding
Snowshoeing
soccer
Soft tennis
Softball
Speed golf
Speed skating
Speed skiing
Speedball
Speed-o-Ball
Speedskating
Speedway Racing
Splash Padding
Sport fishing
Sport flying
Sports acrobatics
Sports aerobics
Sprints
Spy Wars
Squash
Squash tennis
Steeplechase
Stickball
Sticke
street luge
Subbuteo
Sumo
Surf lifesaving
Surfing
Swimming
Synchronized diving
Synchronized skating
Synchronized swimming
Table Football
Table-Football
Table Tennis
Table-Tennis
Taekwondo
Tai Chi Chuan
Takraw
Tang Soo Do (tangsudo)
Tap dance
Target sports
Tchoukball
Team sports
Telemark skiing
Tennis
Tennis Polo
Tetherball
Thong Grabbin'
Thoroughbred racing
Throwball
Throwing
Toboggan
Toli
Track cycling
Trampolining
Triathlon
Trick Shot Snooker
Triple jump
Trugo
Tubing down
Tug of war
Ultimate
Ultimate Frisbee
Underwater hockey
Underwater photography
Underwater rugby
Unicycle trials
Volleyball
Wado Ryu
Wake skating
Wakeboarding
Walking
Water aerobics
Water basketball
Water gymnastics
Water polo
Water skiing
Water sports
WaterPolo
Weightlifting
Wiffle ball
Winchester College Football
Windsurfing
Wing Chun
WinterGuard
Wok Racing
Wrestling
Wushu
Xare
Yachting
Zero Gee Football
Zorbing
Zourkhaneh
