Aberdeen granite
Ancaster stone
Barnack rag
Bearl
Blaxter
Caen stone
Carrara marble
Catcastle
Chalk
Clipsham stone
Clunch
Corallian limestone
Corsehill
Cotswold stone
Dolomite
Dunhouse Blue
Dunhouse Buff
Flaggy Limestone
Flint
Forest marble
Granite
Granite
Jerusalem stone
Ketton Stone
Limestone
Limestone
Locharbriggs
Magnesian limestone
Marble
Oolitic limestone
Pierre de Comblanchien
Portland Admiralty Roach
Portland Bowers Basebed
Portland Bowers Lynham Whitbed
Portland Bowers Saunders Whitbed
Portland Grove Whitbed
Portland Hard Blue
Portland Independent Basebed
Portland Independent Bottom Whitbed
Portland Independent Top Whitbed
Portland New Independent Whitbed
Portland stone
Portoro Buono
Purbeck marble
Sandstone
Sandstone
Slate
Slate
Tournai limestone
Tournai marble
Travertine
Tuffeau stone
Verde Antico
Welsh Slate
Woodkirk

Amphibolite
Andesite
Anorthosite
Aplite
Arkose
Basalt
Basanite
Blueschist
Breccia
Carbonatite
Chalk
Charnockite
Chert
Coal
Conglomerate
Coquina
Dacite
Diabase
Diatomite
Diorite
Dolerite
Dolomite
Dunite
Eclogite
Epidiorite
Epidosite
Essexite
Evaporite
Flint
Foidolite
Gabbro
Gneiss
Granite
Granodiorite
Granophyre
Granulite
Greenschist
Greenstone
Greywacke
Gypsum
Harzburgite
Hornblendite
Hornfels
Ignimbrite
Ijolite
Jasperoid
Jaspillite
Kimberlite
Komatiite
Lamproite
Lamprophyre
Larvikite
Latite
Lherzolite
Limestone
Litchfieldite
Luxullianite
Marble
Marble
Marl
Migmatite
Monzonite
Mudstone
Mylonite
Nepheline syenite
Nephelinite
Norite
Novaculite
Obsidian
Ophiolite
Pegmatite
Peridotite
Petoskey stone
Phonolite
Phyllite
Phyllite
Picrite
Porphyry
Pseudotachylyte
Pumice
Pyroclastic rock
Pyroxenite
Quartz monzonite
Quartzite
Quartzite
Rapakivi granite
Rhomb porphyry
Rhyodacite
Rhyolite
Sandstone
Schist
Scoria
Serpentinite
Shale
Siltstone
Skarn
Slate
Syenite
Tachylyte
Taconite
Tephrite
Theralite
Tonalite
Trachyte
Troctolite
Trondhjemite
Tuff
Turbidite
Wackestone
Websterite
Wehrlite
