AMD
AMDEA
AMT
Acid
Alcohol
Alprazolam
Amines
Aminoketones
Amphetamines
Amphetamines
Antipsychotics
Atomoxetine
Atropine
Atypical antipsychotics
Barbiturates
Benzodiazepines
Betel nut
Bupropion
CBD
Caffeine
Cannabis
Cathinone
Chloral hydrate
Chloroform
Chlorpromazine
Cholinergics
Clozapine
Cocaine
Codeine
DMT
DOM
DXM
Deliriants
Depressants
Diazepam
Diethylpropion
Dimenhydrinate
Diphenhydramine
Dissociative anesthetics
Dissociatives
Ecstasy
Ephedrine
Ether
Fentanyl
Flunitrazepam
Fluoxetine
Fluphenazine
Fluvoxamine
GHB
Hallucinogens
Haloperidol
Heroin
Hydrocodone
Ibogaine
Ibotenic acid
Ketamine
Ketamine
Khat
LSD
Legend
Lorazepam
MAOIs
MDM
Maprotiline
Marijuana
Mescaline
Methadone
Methaqualone
Methylphenidate
Methylxanthines
Mirtazapine
Morphine
Muscarine
Muscimol
Narcotic Analgesics
Nicotine
Nitrous oxide
Olanzapine
Opium
Oxycodone
PCP
Paroxetine
Perphenazine
Pimozide
Pseudoephedrine
Psilocybin
Psychedelics
Psychedelics
Psychomotor
Quetiapine
Risperidone
Rohypnol
SSRIs
Salvinorin A
Scopolamine
Sedative Hypnotics
Sertraline
Stimulants
Stimulants
Sulpiride
Sympathomimetic
TCAs
THC
TeCAs
Temazepam
Theobromine
Theophylline
Thioridazine
Tiletamine
Trazodone
Typical antipsychotics
Ziprasidone
