Adelaide Peninsula
Alaska Peninsula
Al-Faw peninsula
Alfred Wegeners Halvo
Antarctic Peninsula
Apsheron
Arabia
Araya Peninsula
Ardnamurchan
Ards Peninsula
Asia Minor
Avalon Peninsula
Bakassi
Banks Peninsula
Banks Peninsula
Barrio Obrero
Barrow Peninsula
Bataan Peninsula
Beara Peninsula
Becher Peninsula
Beecroft Peninsula
Beekman Peninsula
Bell Peninsula
Bell Peninsula
Black Isle
Bluff Peninsula
Blunt Peninsula
Bonavista Peninsula
Bondoc peninsula
Boothia Peninsula
Borden Peninsula
Boso-hanto
Bream Head
Brittany
Brodeur Peninsula
Bruce Peninsula
Brunswick Peninsula
Buri Peninsula
Burin Peninsula
Butjadingen
Ca Mau Peninsula
Cabo Blanco
Cabo Carvoeiro
Cabo de Sao Vicente
Cabo Espichel
Calabria
Cape Brett
Cape Campbell
Cape Cod
Cape Foulwind
Cape Kidnappers
Cape May Peninsula
Cape of Good Hope
Cape Turnagain
Cape York Peninsula
Cap-Vert
Ceuta
Chalkidiki
Chukchi Peninsula
Cleveland Peninsula
Cobourg Peninsula
Colin Archer Peninsula
Collinson Peninsula
Cooley Peninsula
Cornwall
Coromandel Peninsula
Cotentin Peninsula
Cowal
Crimea
Cumberland Peninsula
Delmarva Peninsula
Diamond Jennes Peninsula
Dingle Peninsula
Door Peninsula
Douglas Peninsula
Dunlas Peninsula
Dunnet Head
Durham
East Peninsula
Edward VII Peninsula
Eyre Peninsula
Fairpoint Peninusla
Fanad Peninsula
Faraid Head
Farewell Spit
Fletcher Peninsula
Fleurieu Peninsula
Florida Peninsula
Fosen
Fowler Peninsula
Foxe Peninsula
Freycinet Peninsula
Fylde
Gallipoli
Gazelle Peninsula
Gibraltar
Gower Peninsula
Grenen
Guajira Peninsula
Gwadar peninsula
Hall Peninsula
Hamarey Peninsula
Hayes Halvo
Hel Peninsula
Henry Kater Peninsula
Hook Peninsula
Horn Head
Howth Head
Huon
Hurumlandet
Iberian Peninsula
Ingnerit
Inishowen
Inskip Peninsula
Inubo-zaki
Island Magee
Isle of Dogs
Isle of Purbeck
Istria
Italian Peninsula
Italian Peninsula
Iveragh Peninsula
Izu-hanto
Jervis Bay Territory
Jutland Peninsula
Jutland Peninsula
Kaikoura Peninsula
Kamchatka Peninsula
Kapidagi Yarimadasi
Karaburun peninsula
Karikari Peninsula
Kassandra
Kathiawar Peninsula
Kenai Peninsula
Kent Peninsula
Keweenaw Peninsula
Key Peninsula
Kintyre
Kitsap Peninsula
Knoydart
Kola Peninsula
Korean Peninsula
Kowloon Peninsula
Kunisaki-hanto
Labrador Peninsula
Lecale Peninsula
Leelanau Peninsula
Leith Peninsula
Leizhou Bandao
Liaodong Bandao
Lista
Lleyn Peninsula
Lower Peninsula
Lyngen Peninsula
Mahia Peninsula
Malay Peninsula
Mani Peninsula
Martin Peninsula
Melville Peninsula
Meta Incognita Peninsula
Middle Peninsula
Miramar Peninsula
Miura-hato
Mizen Head Peninsula
Mokapu
Mornington Peninsula
Morvern
Mount Athos
Mount Maunganui
Mount Nicaragua
Mullet Peninsula
Mumbai city
Musandam peninsula
Natkusiak Peninsula
Niagara Peninsula
Nicoya Peninsula
Nishi-sonogi-hanto
Nordkinn Peninsula
North Auckland Peninsula
North Holland
North Peninsula
Northern Neck
Noto-hanto
Nuussuaq Halvo
Ofothalviya
Oga-hanto
Old Mission Peninsula
Olympic Peninsula
Oshika-hanto
Osumi-hanto
Otago Peninsula
Palos Verdes Peninsula
Pangertot Peninsula
Paracas Peninsula
Paraguana
Paria Peninsula
Parry Peninsula
Peloponnesos
Peninsula de Azuero
Peninsule de la Gaspasie
Peninsule d'Ungava
Penisola salentina
Penisola sorrentina
Penwith
Pethel Peninsula
Pilio
Pinellas Peninsula
Piran
Point Pelee
Poluostrov Yamau
Ponta de Sao Lourenco
Porsanger Peninsula
Port au Port Peninsula
Prince Albert Peninsula
Prince Edward Peninsula
Promontorio del Gargano
Promontorio di Orbetello
Province of Nova Scotia
Punta Durnford
Qatar
Raas Xaafuun peninsula
Ras Hafun
Rosguill
Rotherhithe
Rybachiy Peninsula
Saanich Peninsula
San Francisco Peninsula
San Ildefonso peninsula
Sandy Hook
Satsuma-hanto
Scandinavian Peninsula
Semenanjung Blambangan
Semenanjung Minahassa
Seward Peninsula
Shandong Bandao
Sheep's Head Peninsula
Shiriya-zaki
Simpson peninsula
Sinai Peninsula
Siorarsuk Peninsula
Sithonia
South Peninsula
South-east Peninsula
Spurn
Stad
Steensby Peninsula
Storkerson Peninsula
Strathy Point
Svaerholthalvoya
Svartenhuk Halvo
Taitao Peninsula
Tasman Peninsula
Taymyr Peninsula
The Penwith Peninsula
Tiwai Point
Troia Peninsula
Upper Peninsula
Valdes Peninsula
Varangerhalviya
Verde Peninsula
Virginia Peninsula
Walcheren
Whangaparaoa Peninsula
Wilsons Promontory
Wirral
Wollaston Peninsula
Yamal Peninsula
Yorke Peninsula
Younghusband Peninsula
Zadar
Zamboanga
Zuid-Beveland
