15/Love
20/20
21 Jump Street
227
2DTV
2gether
3-South
30 Rock
31 Minutos
3rd Rock from the Sun
413 Hope St.
4400, The
48 Hours
5 colonnes a la une
60 Minutes
64 Zoo Lane
77 Sunset Strip
7th Heaven
8 Simple Rules for Dating My Teenage Daughter
8:15 from Manchester A Country Practice
A.E.S. Hudson Street
ALF
Aaahh!!! Real Monsters
About Anglia
Absolutely Fabulous
Access Hollywood
According to Jim
Ace Lightning
Active Kids
Adam 12
Adam Adamant Lives
Adventures in Paradise
Adventures of Brisco County, Jr.
Adventures of Jimmy Neutron: Boy Genius
Adventures of Superman
AfterMASH
Airwolf
Alas Smith and Jones
AlfTales
Alfred Hitchcock Presents
Alfred J. Kwak
Alias
Alias Smith and Jones
Alien Nation
Aliens in America
All About Me
All American Girl
All Grown Up
All My Children
All in the Family
All of Us
Ally McBeal
Amazing Stories
America's Funniest Home Videos
America's Most Wanted
America's Next Top Model
American Bandstand
American Chopper
American Dad!
American Dreams
American Gladiators
American High
American Idol
Andromeda
Andy Richter Controls the Universe
Angel
Angry Beavers
Animaniacs
Annie Oakley
Another World
Anything But Love
Aqua Teen Hunger Force
Are You Afraid of the Dark
Are You Being Served?
Are You Smarter Than a 5th Grader?
Armstrong Circle Theatre
Arnie
Arrested Development
Arthur Godfrey and His Friends
Arthur Godfrey's Talent Scouts
As Told By Ginger
As the World Turns
Atom Ant
Attack Of The Show
Australia's Next Top Model
Avatar: The Last Airbender
B.J. and the Bear
Baa Baa Black Sheep
Babes
Babylon 5
Bachelor Father
Backyard Blitz
Bagpuss
Banacek
Band of Brothers
Barbarian Chronicles
Baretta
Barnaby Jones
Barney Miller
Basil Brush
Bat Masterson
Batfink
Batman
Batman: The Animated Series
Battle B-Daman
Battlestar Galactica
Bay City Blues
Baywatch
Beadle's About
BeastMaster
Beat The Chef
Beat the Clock
Beating Heart
Beauty and the Beast
Beauty and the Geek
Beavis and Butt-head
Behind the Music
Being Ian
Ben Casey
Ben the Bear
Besame Tonto
Bettina S.
Beverly Hills 90210
Bewitched
Beyblade
Bienvenidos
Big Arvo
Big Brother
Big Town
Bill Nye the Science Guy
Bill and Ben
Billy Bunter of Greyfriars School
Black Books
Blackadder
Blake's 7
Blossom
Blow Out
Blue Peter
Blue Thunder
Bob Hope Presents the Chrysler Theatre
Bob and Margaret
Bob the Builder
Bobby's World
BodyShaping
Bonanza
Bones
Booker
Boston Common
Boston Legal
Boston Public
Bourbon Street Beat
Boy Meets World
Braceface
Bracken's World
Brady's Beasts
Branded
Brandy and Mr. Whiskers
Brat Camp
Break the Bank
Breaking Away
Bridget Loves Bernie
Brimstone
Broken Arrow
Bronco
Brothers & Sisters
Buck Rogers
Buck Rogers in the 25th Century
Buckskin
Buffy the Vampire Slayer
Bug Juice
Bumpety Boo
C.A.B.
CODCO
CSI: Crime Scene Investigation
CSI: Miami
CSI: New York
Cade's County
Caesar's Hour
Cagney & Lacey
Caillou
California Dreams
Candid Camera
Cannon
Cannonball
Captain Kangaroo
Captain Planet and the Planeteers
Captain Scarlet
Captain Video and His Video Rangers
Car 54, Where Are You?
Cara Sucia
Card Sharks
Carefree Gardener,The
CatDog
Catalyst
Catscratch
Centennial
Chalk
Champion the Wonder Horse
Charlie Chalk
Charlie's Angels
Charmed
Cheers
Cheez tv
Cheyenne
Chicago Hope
Chico and the Man
China Beach
Chip 'n Dale Rescue Rangers
Ciao Darwin
Ciel mon mardi
Circus Boy
Civil Wars
Clangers
Class of '74
Cleopatra 2525
Clerks: The Animated Series
Climax
Cold Case
Cold Feet
Colgate Theatre
Columbo
Combat!
Commander in Chief
Contraption
Cops
Corner Gas
Coronation Street
Cosmetic Surgery Live
Cotorreando
Count Duckula
Countdown
Courage the Cowardly Dog
Cover Up
Cow and Chicken
Cowboy Bebop
Cracker
Cracking Up
Craft Corner Deathmatch
Criminal Minds
Crossing Jordan
Crowned
Crusade
Crusade in Europe
Curb Your Enthusiasm
D.I.C.E.
D.I.Y Rescue
Da Ali G Show
Daktari
Dan August
Dance Fever
Dancing with the Stars
DangerMouse
Daniel Boone
Danny Phantom
Daria
Dark Angel
Dark Oracle
Dark Shadows
Darkwing Duck
Dave the Barbarian
David Cassidy: Man Under Cover
Dawson's Creek
Days of Our Lives
Dead Like Me
Dead at 21
Deadwood
Deal or No Deal
Dean Martin Presents
Dear Phoebe
Death Valley Days
Degrassi High
Degrassi Junior High
Degrassi Talks
Degrassi: The Next Generation
Delvecchio
Dennis the Menace
Designing Women
Desperate Housewives
Detective School
Dexter's Laboratory
Dharma & Greg
Diagnosis: Murder
Dick Powell's Zane Grey Theater
Diff'rent Strokes
Digimon
Dilbert
Dirt
Divorce Court
Dixon of Dock Green
Doc Martin
Doctor Kildare
Doctor Who
Dolhouse Stories
Don't Forget Your Toothbrush
Don't Panic
Doogie Howser, M.D.
Dora the Explorer
Dos Mujeres, un Camino
Doug
Down to Earth
Dr. Quinn, Medicine Woman
Dragnet
DragonBall
DragonBall GT
DragonBall Z
Drake & Josh
Dream On
Droit de Reponse
DuckTales
Due South
Dynasty
Dynomutt, Dog Wonder
E Street
E! True Hollywood Story
E.N.G.
ER
EZ Streets
Early Doors
Early Edition
Earth 2
Earthworm Jim
East Midlands Today
EastEnders
Ebert and Roeper
Ed, Edd, and Eddy
Eek! the Cat
Eerie, Indiana
Eight Days a Week
Eight is Enough
Elizabeth R
Emergency Vets
Emergency!
Emmerdale
Encantadia
Entertainment Tonight
Entourage
Ernie in Kovacsland
Escrava Isaura
Even Stevens
Evening Shade
Everwood
Everybody Hates Chris
Everybody Loves Raymond
Exosquad
Extra Challenge
F Troop
Faking It
Falcon Crest
Family Affair
Family Affairs
Family Feud
Family Fortunes
Family Guy
Family Matters
Family Ties
Fantasy Island
Farmer Wants a Wife
Farscape
Fashion House
Fast Forward
Fastlane
Father Dowling Mysteries
Father Knows Best
Father Murphy
Father Ted
Fawlty Towers
Felicity
Felony Squad
Fernwood 2-Night
Ferris Bueller
Fifth Estate
Fight Back! With David Horowitz
Firefly
Five Fingers
Flambards
Flamingo Road
Flipper
Fly Tales
Flying Rhino Junior High
For My People
Ford Theatre
Forever Knight
Forgive or Forget
Foster's Home for Imaginary Friends
Four Star Playhouse
Fraggle Rock
Frasier
Freakazoid
FreakyLinks
Freewheelers
Fridays
Frontline
Full House
Futurama
G-Saviour
G.I. Joe: A Real American Hero
Gabriel's Fire
Gadget Boy & Heather
Gamer TV
Gamezville
Garden Invaders
Gardeners' World
Gargoyles
Garry at Large
General Electric Theater
General Hospital
Gentle Ben
George Negus Tonight
Get A Life
Get Real
Get Smart
Ghost Trackers
Ghost in the Shell: Stand Alone Complex
Ghostwriter
Gideon Oliver
Gidget
Gilligan's Island
Gilmore Girls
Gimme a Break
Girl Stuff, Boy Stuff
Girlfriends
Girls Behaving Badly
Girls Club
Gogs
Going Live!
Gomer Pyle, U.S.M.C.
Good Day L.A.
Good Grief
Good Morning, Miami
Good Morning, Miss Bliss
Good Times
Goodness Gracious Me
Goodyear TV Playhouse
Gossip Girl
Grace Under Fire
Greed
Green Acres
Greg the Bunny
Grey's Anatomy
Grim & Evil
Grounded For Life
Growing Pains
Guiding Light
Gundam Seed
Gundam Seed Destiny
Gundam Wing
Gundam X
Gunsmoke
HBO Boxing
HBO Boxing After Dark
Hamtaro
Hang Time
Hangin' With Mr. Cooper
Hannah Montana
Happy Days
Hardcastle & McCormick
Harsh Realm
Have Gun, Will Travel
Have I Got News For You
Hawaii
Hawaii Five-O
Hawaiian Eye
Hawk
Hazel
He & She
He-Man and the Masters of the Universe
Head Cases
Head of the Class
Hearts Afire
Hec Ramsey
Hee Haw
Help Me Help You
Hercules: The Legendary Journeys
Here Come the Brides
Here Come the Double Deckers
Here's Lucy
Hex
Hey Arnold!
Hey Dad
Hey Dude
Hidden Palms
Highlander
Highway Patrol
Highway to Heaven
Hill Street Blues
Hockey Night In Canada
Hogan's Heroes
Holding the Baby
Hollywood Screen Test
Hollywood Squares
Home Improvement
Home and Away
Homicide: Life on the Street
Hooperman
Hoota And Snoz
Horizons
House Calls
House of Cards
How I Met Your Mother
Howdy Doody
Huckleberry Hound
Huff
Hunter
I Dream of Jeannie
I Love Lucy
I Pity the Fool
I'm Alan Partridge
I'm with Her
In Living Color
In the Heat of the Night
InuYasha
Invader Zim
It Takes a Thief
It's a Knockout
It's a Miracle
J.J. Starbuck
JAG
Jackass
Jacob Two-Two
Jake 2.0
Jake and the Fatman
James at 15
Jane and the Dragon
Jeopardy!
Jericho
Jesse
Jimmy Kimmel Live
Joan of Arcadia
Joe Millionaire
Joey
Johnny Bravo
Johnny Staccato
Joking Apart
Jonny Quest
Judd, for the Defense
Judge Joe Brown
Judge John Deed
Judge Judy
Judging Amy
Juke Box Jury
Julia
Junkyard Wars
Just for Laughs
Just for Laughs Gags
Justice League
Justice League Unlimited
Juvenile Jury
Kablam!
Kate & Allie
Kath and Kim
Kay Kyser's Kollege of Musical Knowledge
Keeping Up Appearances
Kids in the Hall
Killer Instinct
Killer Instinct with Rob Bredl
King of Kensington
King of the Hill
Kingdom Hospital
Knight Rider
Knightmare
Knots Landing
Knowing Me, Knowing You
Kojak
Kolchak: The Night Stalker
Kraft Television Theatre
Krypto the Superdog
Kukla, Fran & Ollie
Kung Fu
Kyle XY
Kyo-ryu- Sentai Zyuranger
L.A. Law
La Femme Nikita
Laguna Beach: The Real Orange County
Lancer
Land of the Giants
Land of the Lost
Laramie
Laredo
Larry King Live
Las Vegas
Lassie
Late Night with Conan O'Brien
Late Night with David Letterman
Later with Bob Costas
Later with Greg Kinnear
Laverne and Shirley
Law & Order
Law & Order: Criminal Intent
Law & Order: Special Victims Unit
Law & Order: Trial by Jury
Law of the Plainsman
LazyTown
Le Bebete Show
Le Grand Echiquier
Leave It to Beaver
Leave It to the Girls
Legends of the Hidden Temple
Les Guignols de l'info
Let The Blood Run Free
Let's Make a Deal
Lexx
Liberty Street
Lidsville
Life Begins at Eighty
Life Goes On
Life is Wild
Life is Worth Living
Lifestyles of the Rich and Famous
Lights Out
Lindenstrasse
Little Ghosts
Little House on the Prairie
Little Lulu
Little Robots
Live It Up!
Live with Regis and Kathie Lee
Live with Regis and Kelly
Living It Up! With Ali & Jack
Living Single
Lizzie McGuire
Lobo
Loft Story
Lois & Clark: The New Adventures of Superman
Lonesome Dove: The Series
Look Around You
Lost in Space
Lou Grant
Love on a Rooftop
Love, American Style
Love, Sidney
Lucky Pup
Lupin the 3rd
Lux Video Theatre
M.A.S.K.
MASH
MI5
MTV
MTV Unplugged
MacGyver
Mad About You
Magnum, P.I.
Major Dad
Make Room for Daddy
Malcolm in the Middle
Malu Mulher
Mama's Family
Man Against Crime
Man Without A Gun
Man from Atlantis
Manhunt
Manimal
Mannix
Marcus Welby, M.D.
Mark Saber
Married... with Children
Martha Stewart Living
Martial Law
Martin Kane, Private Eye
Martin Mystery
Mary Hartman, Mary Hartman
Mary Kay and Johnny
Masquerade
Masquerade Party
Masterpiece Playhouse
Match Game
Match of the Day
Matlock
Matt Houston
Maude
Maverick
Max Headroom
McCloud
McMillan and Wife
Medical Center
Meet Millie
Meet Your Congress
Meet the Press
MegaMan NT Warrior
Melrose Place
Men Behaving Badly
Men Of Annapolis
Metal Mickey
Method & Red
Miami Vice
Mickey Spillane's Mike Hammer
Mickey the Criminal
Midnight Caller
Mighty Max
Mighty Morphin Alien Rangers
Mighty Morphin Power Rangers
Mike, Lu, and Og
Millennium
Minga y Petraca
Misfits of Science
Miss Match
Mission: Impossible
Mister Bean
Mister Ed
Mister Rogers' Neighborhood
Mobile Suit Gundam
Mobile Suit Gundam 0083: Stardust Memory
Mobile Suit Gundam ZZ
Mobile Suit Victory Gundam
Mobile Suit Zeta Gundam
Monday Night Football
Monk
Monkey
Monster Allergy
Monsters
Monty Python's Flying Circus
Moonlighting
Mork & Mindy
MotorSport Ranch
Mr. & Mrs. Smith
Mr. Belvedere
Mr. Novak
Mr. Peepers
Mr. Show
Mujer, Casos de la Vida Real
Muktha
Murder, She Wrote
Murphy Brown
Mutant X
My Big Fat Obnoxious Fiance
My Favorite Martian
My Friend Flicka
My Mother the Car
My Name Is Earl"
My So-Called Life
My Super Sweet 16
My Three Sons
My World and Welcome to It
Mysterious Ways
Mystery Science Theater 3000
MythBusters
N.Y.P.D.
NCIS
NET Playhouse
NYPD Blue
Naked City
Naked Josh
Name That Tune
Nanny and the Professor
Naruto
National Geographic Explorer
Navy Log
Ned and Stacey
Neighbours
Newhart
News and Business
NewsRadio
Night Court
Night Gallery
Night Heat
Night Stalker
Night Stand
Night Visions
Nightline
Nine to Five
Nineteen Eighty-Four
Nip/Tuck
Noah and Saskia
Nobody's Watching
North Shore
North and South
Northern Exposure
Not the Nine O'Clock News
Nothing Sacred
Noticentro 4
Numb3rs
Number 96
Nurses
Odd Job Jack
Odyssey 5
Ohara
Oliver Beene
Omnibus
Once and Again
One Day at a Time
One Foot in the Grave
One Life to Live
One Man's Family
One Tree Hill
Online Nation
Only Fools and Horses
Open Hearing
Opposite Sex
Our Friends in the North
Our House
Out of Control
Over There
Owen Marshall: Counselor at Law
Oz
Ozark Jubilee
PM Magazine
Pacific Beach
Pacific Blue
Palmerstown, U.S.A.
Panorama
Pantomime Quiz
Paradise
Parker Lewis Can't Lose
Party of Five
Passions
Password
Paul Whiteman's Goodyear Revue
Paul Whiteman's TV Teen Club
Pensacola: Wings of Gold
People Are Funny
People Like Us
Pepper Dennis
Perfect Hair Forever
Perfect Strangers
Perry Mason
Person to Person
Perversions of Science
Peter Gunn
Petticoat Junction
Peyton Place
Phil of the Future
Philco TV Playhouse
Philly
Phyllis
Picket Fences
Pigeon Boy
Pinky and the Brain
Play School
Playhouse 90
Playing It Straight
Please, Sir
Plonsters
Pluto Show
Point Pleasant
Pokemon
Police Squad!
Police Story
Police Woman
Poltergeist, The Legacy
Pop! Goes the Country
Pop-up Video
Popstars
Potatoes and Dragons
Power Rangers
Praise The Lord
Press Your Luck
Primetime Live
Primeval UK Science Fiction Series
Prisoners of Gravity
Producer's Showcase
Profiler
Project G.e.e.K.e.R.
Project Runway
Protagonistas De La Musica
Psi Factor
Pulitzer Prize Playhouse
Punk'd
Punky Brewster
Pussycat Dolls Present
QI
Quantum Leap
Quark
Que Locura
Que Suegros!
Queer Eye for the Straight Guy
Queer as Folk
Quill Awards
Quincy, M.E.
Quintuplets
Quiz Kids
Rachael Ray
Radio Free Roscoe
Rawhide
Real People
Real World/Road Rules Challenge
Reaper
Reba
Red Dwarf
Remington Steele
Reno 911!
Rescue 8
Rescue 911
Return to Peyton Place
Rhoda
Rich Man, Poor Man-Book I
Rich Man, Poor Man-Book II
Richard Diamond, Private Detective
Rick Mercer Report
Rin Tin Tin K-9 Cop
Ripping Yarns
Riptide
Road to Avonlea
Robert Montgomery Presents
Rocket Power
Rocket Robin Hood
Rocko's Modern Life
Rocky King, Inside Detective
Rocky Road
Rocky and the Dodo's
Roger Ramjet
Room 222
Roots: The Next Generation
Roseanne
Roswell
Route 66
Rowan and Martin's Laugh-In
Royal Canadian Air Farce
Rugrats
Runaway
S.W.A.T.
SWAT Kats: The Radical Squadron
Sabrina, the Animated Series
Sabrina, the Teenage Witch
Safari to Adventure
Sailor Moon
Samurai Jack
Sanford and Son
Saturday Night Live
Savannah
Saved by the Bell
Saved by the Bell: The College Years
Saved by the Bell: The New Class
Scarecrow and Mrs. King
Schlitz Playhouse of Stars
Science Fiction Theatre
Scooby-Doo, Where Are You!
Scoop and Doozie
Scrubs
Sea Hunt
Sealab 2020
Sealab 2021
Search for Tomorrow
Second City TV
Secret Agent
Secrets of the Cryptkeeper's Haunted House
See It Now
Seeing Things
Seinfeld
Sergeant Preston of the Yukon
Sesame Street
Sex and the City
Shark
She-Ra: Princess of Power
Shindig!
Shining Time Station
Shower of Stars
Sidewalks Entertainment
Sidewalks: Video Nite
Silk Stalkings
Silver Spoons
Simon & Simon
Sing Along with Mitch
Siskel and Ebert
Sister Kate
Sister, Sister
Six Feet Under
Six Five Special
Skippy the Bush Kangaroo
Sliders
Smack the Pony
Small Fry Club
Small Wonder
Smallville
So You Think You Can Dance
Soap
Sooty and Sweep
Soupy Sales
South Park
Space Patrol
Space Rangers
Space: 1999
Space: Above and Beyond
Spaced
Speed Racer
Spenser: For Hire
Spin City
SpongeBob SquarePants
Spooks
Sports Tonight
SportsCenter
Spy
Square Pegs
St. Elsewhere
Standoff
Star Search
Star Trek: Deep Space Nine
Star Trek: Enterprise
Star Trek: The Next Generation
Star Trek: The Original Series
Star Trek: Voyager
Star Wars: Clone Wars
Star Wars: Droids
Star Wars: Ewoks
Stargate Atlantis
Stargate SG-1
Stark Raving Mad
Starman
Starsky and Hutch
Stella
Step by Step
Steptoe and Son
Still Standing
Stop the Music
Strange Days at Blake Holsey High
Street Legal
Stressed Eric
Strike It Rich
Stromso
Studio One
Suddenly Susan
Sugarfoot
Summerland
Super Greed
Superboy
Supernatural
Supertrain
Surfside Six
Survivor
Sweet and Sour
Sabado Gigante
T.J. Hooker
TV Funhouse
TV's Bloopers & Practical Jokes
TV's Top Tunes
Tagesschau
Take the High Road
Takeshi's Castle
Takin' Over the Asylum
Tale Spin
Tales From Fat Tulip's Garden
Tales from the Crypt
Tales from the Cryptkeeper
Tales from the Darkside
Tales of Wells Fargo
Tallship chronicles
Teen Titans
Teletubbies
Television Screen Magazine
Texaco Star Theatre
Texas Country Reporter
Texas Justice
Thank Your Lucky Stars
That '70s Show
That '80s Show
That Girl
That Was The Week That Was
That's Hollywood
That's Incredible!
That's My Boy
That's My Bush!
That's So Raven
The $25,000 Pyramid
The $64,000 Question
The 20th Century
The 700 Club
The A-Team
The Abbott and Costello Show
The Addams Family
The Adventures of Ellery Queen
The Adventures of Pete & Pete
The Adventures of Rin Tin Tin
The Adventures of Robin Hood
The Adventures of Wild Bill Hickok
The Alan Young Show
The Amazing Chan and the Chan Clan
The Amazing Race
The American Embassy
The Andy Dick Show
The Andy Griffith Show
The Andy Williams Show
The Apprentice
The Arsenio Hall Show
The Arthur Murray Party
The Avengers
The Bachelor
The Bachelorette
The Barbara Stanwyck Show
The Ben Stiller Show
The Benny Hill Show
The Beverly Hillbillies
The Big Gig
The Big House
The Big Picture
The Big Valley
The Bionic Woman
The Bob Cummings Show
The Bob Newhart Show
The Bold and the Beautiful
The Box
The Brady Brides
The Brady Bunch
The Brady Bunch Hour
The Bugaloos
The Bugs Bunny Show
The Cape
The Catherine Tate Show
The Cisco Kid
The Colbys
The Colgate Comedy Hour
The Collector
The Commish
The Contender
The Cosby Mysteries
The Cosby Show
The Courtship of Eddie's Father
The Crew
The Critical Hour
The Crocodile Hunter
The Daily Show
The Danny Kaye Show
The Danny Thomas Show
The Dating Game
The David Frost Show
The Day Today
The Dead Zone
The Dean Martin Show
The Dean Martin Summer Show
The Defenders
The Demon Headmaster
The Dick Cavett Show
The Dick Van Dyke Show
The Dinah Shore Chevy Show
The Dinah Shore Show
The Disney Afternoon
The Donna Reed Show
The Dotty Mack Show
The Drew Carey Show
The Dukes of Hazzard
The Ed Sullivan Show
The Ed Wynn Show
The Ellen DeGeneres Show
The Equalizer
The F.B.I.
The Facts of Life
The Fairly OddParents
The Fall Guy
The Family Genius
The Family-Ness
The Fast Show
The Flintstones
The Flowerpot Men
The Flying Nun
The Ford Show
The Fred Waring Show
The Fresh Prince of Bel-Air
The Fugitive
The G.E. College Bowl
The Gale Storm Show
The Garry Moore Show
The Gavin Crawford Show
The Gene Autry Show
The George Burns and Gracie Allen Show
The George Gobel Show
The Ghost and Mrs. Muir
The Girl With Something Extra
The Girl from U.N.C.L.E.
The Girls Next Door
The Glen Campbell Goodtime Hour
The Goldbergs
The Golden Girls
The Golden Palace
The Gong Show
The Greatest American Hero
The Hardy Boys Mysteries
The Herb Shriner Show
The High Chaparral
The Hills
The Hollywood Palace
The Holmes Show
The Honeymooners
The House Of Mouse
The Howard Stern Show
The Hughleys
The Huntley-Brinkley Report
The Huntress
The Inside
The Jack Benny Show
The Jack Paar Program
The Jackie Gleason Show
The Jeffersons
The Jerry Springer Show
The Jersey
The Jetsons
The Jimmie Rodgers Show
The Jimmy Dean Show
The Jimmy Durante Show
The Joe Schmo Show
The Johnny Cash Show
The Johns Hopkins Science Review
The Joker's Wild
The Jury
The Kids of Degrassi Street
The King Family Show
The Kraft Music Hall
The Late Late Show with Tom Snyder
The Late Show with David Letterman
The Lawman
The Lawrence Welk Show
The Lawyers
The League of Gentlemen
The Letter People
The Liberace Show
The Life and Legend of Wyatt Earp
The Lineup
The Little Vampire
The LiveWire
The Lone Gunmen
The Lone Ranger
The Loner
The Loretta Young Show
The Love Boat
The Magic Hour
The Magnificent Seven
The Man from U.N.C.L.E.
The Many Loves of Dobie Gillis
The Marshall Plan in Action
The Martha Raye Show
The Mary Tyler Moore Show
The Maxx
The Merv Griffin Show
The Midnight Special
The Millionaire
The Milton Berle Show
The Mod Squad
The Monkees
The Monroes
The Mothers-in-Law
The Munsters
The Muppet Show
The NBC Mystery Movie
The Name of the Game
The Name's the Same
The Nancy Drew Mysteries
The Nanny
The Nat King Cole Show
The Nature of Things
The New Adventures of He-Man
The New Dick Van Dyke Show
The New Doctors
The Newlywed Game
The NewsHour with Jim Lehrer
The Nine
The Norm Show
The Nurses
The O'Reilly Factor
The O.C.
The Odd Couple
The Office
The Original Amateur Hour
The Others
The Outer Limits
The Paper Chase
The Partridge Family
The Pat Boone-Chevy Showroom
The Patty Duke Show
The Paul Winchell-Jerry Mahoney Show
The People's Court
The Perry Como Show
The Phil Silvers Show
The Pitts
The Plainclothesman
The Powerpuff Girls
The Practice
The Pretender
The Price is Right
The Prisoner
The Psychiatrist
The Quatermass Experiment
The RCA Victor Show
The Rat Patrol
The Real World
The Rebel
The Rebel Billionaire: Branson's Quest for the Best
The Red Skelton Show
The Ren & Stimpy Show
The Restaurant
The Restless Years
The Rifleman
The Roaring Twenties
The Rock Collectors
The Rockford Files
The Rookies
The Roundhouse
The Roy Rogers Show
The Ruggles
The Saddle Club
The Saint
The Sammy Kaye Show
The Secret World of Alex Mack
The Senator
The Sentinel
The Sheriff of Cochise
The Shield
The Simple Life
The Simpsons
The Six Million Dollar Man
The Six Wives of Henry VIII
The Smothers Brothers Comedy Hour
The Smurfs
The Sonny and Cher Comedy Hour
The Sopranos
The Spike Jones Show
The Steve Allen Show
The Stork Club
The Streets of San Francisco
The Stu Erwin Show
The Suite Life of Zack and Cody
The Sunday Comics
The Surreal Life
The Tick
The Time Tunnel
The Tomorrow Show
The Tonight Show Starring Johnny Carson
The Tonight Show with Jay Leno
The Tony Danza Show
The Tracey Ullman Show
The Twilight Zone
The U.S. Steel Hour
The Unit
The Untouchables
The View
The Vintage Vehicle Show
The Virginian
The Visitor
The Voice of Firestone
The Walter Winchell Show
The Waltons
The Way of the Master
The Web
The West Wing
The Whirlybirds
The White Shadow
The Wild Thornberrys
The Wild Wild West
The Wizard
The Wizard of Oz
The Wonder Years
The Wonderful World of Disney
The X-Files
The Yellow Rose
The Young Doctors
The Young Indiana Jones Chronicles
The Young Ones
The Young Riders
The Young and the Restless
They Stand Accused
Thierry La Fronde
This Hour Has 22 Minutes
This Is Show Business
This Is Your Day
This Is Your Life
Thomas the Tank Engine and Friends
Three's Company
Thunderbirds
Tic Tac Dough
Till Death Us Do Part
TimeTrax
Timecop
Timecracks
Timeslip
Timothy Goes To School
Tiny Toon Adventures
Titus
To Tell the Truth
Today's Special
Tom Corbett, Space Cadet
Top Cat
Top Chef
Top Gear
Top Of The Pops
Total Request Live
Totally Spies
Touched by an Angel
Touching Evil
Tough Crowd with Colin Quinn
Tour of Duty
Trading Spaces
Trailer Park Boys
Transformers - Beast Machines
Transformers - Beast Wars
Transformers: Robots in Disguise
Tranzor Z
Trapper John, M.D.
Tru Calling
Truth or Consequences
Turbogirl
Turboman
Turn A Gundam
Turn-On
Turnabout
Turquoise Street
Twelve O'Clock High
Twenty One
Twenty Questions
Twin Peaks
Two Guys and a Girl
Two and a Half Men
Two of a Kind
UC: Undercover
USA Tuesday Night Fights
USA Up All Night
Ugly Betty
Ultimate Force
Ultimate Muscle: The Kinnikuman Legacy
Under the Umbrella Tree
Unfabulous
Unsolved Mysteries
Upstairs, Downstairs
VH-1
VR Troopers
VR.5
Vanished
Veronica Mars
Vets in Practice
Vets in the Country
Victory at Sea
Video Game Hour Live
Voice of Firestone Televues
Volver a empezar
Voyage to the Bottom of the Sea
WKRP in Cincinnati
WWE Friday Night Smackdown!
Wagon Train
Walker, Texas Ranger
Wanted: Dead or Alive
Warship
Watch Mr. Wizard
We, the People
Weakest Link
Webster
Weeds
Welcome Back, Kotter
West 57th
West Point Story
What About Brian
What Really Happened to the Class of '65?
What the Papers Say
What's Happening!!
What's My Line?
What's New Scooby Doo?
What's the Story?
Whatever Happened to Robot Jones?
Wheel of Fortune
When Games Attack
While You Were Out
Whirlybirds
Whistler
Who Said That?
Who Wants to Be a Millionaire?
Who's the Boss?
Whose Line Is It Anyway?
Wild Kingdom
Wild On!
Wildfire
Will & Grace
Win Ben Stein's Money
Win, Lose or Draw
Wire in the Blood
Wiseguy
With This Ring
Without a Trace
Wizards and Warriors
Wok with Yan
Wonder Woman
Wonderfalls
Working Girl
World's Wildest Police Videos
X-Men
X-Men: Evolution
X-play
Xena: Warrior Princess
Xuxa
Yancy Derringer
Yes Minister
Yes, Dear
Yes, Prime Minister
Yo Se Que Mentia
Yo Yogi
Yogi Bear
Yogi's Gang
You Are There
You Are an Artist
You Asked for It
You Bet Your Life
You Can't Do That on Television
Young Robin Hood
Young Talent Time
Your Hit Parade
Your Show of Shows
Youth Wants to Know
Yu-Gi-Oh!
Yu-Gi-Oh! GX
Z-Cars
ZOOM
Zoe, Duncan, Jack and Jane
Zoey 101
Zorro
Zorro and Son
mariposaHD
seaQuest DSV
the King of Queens
thirtysomething
aeon Flux
