Afghan

Afghane

Afghanes

Afghano

Afghans

Africain

Africaine

Africaines

Africains

Africo

Albanais

Albanaise

Albanian

Albaniases

Albano

Algerian

Algerien

Algerienne

Algeriennes

Algeriens

Algero

Algérien

Algérienne

Algériennes

Algériens

Algéro

Allemand

Allemande

Allemandes

Allemands

Americain

Americaine

Americaines

Americains

American

American Samoan

Americano

Andorran

Andorran

Andorrane

Andorranes

Andorrans

Andorro

Anglais

Anglaise

Anglaises

Anglo

Angolais

Angolaise

Angolaises

Angolan

Angolo

Anguillan

Antiguan

Antillais

Antillaise

Antillaises

Antillo

Argentin

Argentine

Argentine

Argentines

Argentinian

Argentino

Argentins

Aruban

Asiatique

Asiatiques

Australien

Australienne

Australiennes

Australiens

Australo

Austrian

Austro

Autrichien

Autrichienne

Autrichiennes

Autrichiens

Azerbaijani

Bahamian

Bahraini

Bangladesh

Barbadian

Belge

Belges

Belgian

Belgo

Belizean

Beninese

Bermudeen

Bermudeenne

Bermudeennes

Bermudeens

Bermudian

Bhutanese

Bielorusse

Bielorusses

Birman

Birmane

Birmanes

Birmano

Birmans

Bolivian

Bolivien

Bolivienne

Boliviennes

Boliviens

Bolivo

Botswanais

Botswanaise

Botswanaises

Botswano

Brazilian

Bresilien

Bresilienne

Bresiliennes

Bresiliens

Bresilo

Brésilien

Brésilienne

Brésiliennes

Brésiliens

Brésilo

Britannique

Britanniques

Britanno

British

Bruneian

Bulgare

Bulgares

Bulgarian

Bulgaro

Burkina-

Burkinabe

Burmese

Burundais

Burundaise

Burundaises

Burundi

Burundo

Caledonien

Caledonienne

Caledoniennes

Caledoniens

Calédonien

Calédonienne

Calédoniennes

Calédoniens

Cambodgien

Cambodgienne

Cambodgiennes

Cambodgiens

Cambodian

Cameroonian

Camerounais

Camerounaise

Camerounaises

Canadian

Canadien

Canadienne

Canadiennes

Canadiens

Canado

Cape Verdean

Caymanian

Centrafricain

Centrafricaine

Centrafricaines

Centrafricains

Central African

Chadian

Channel Islander

Chilean

Chilien

Chilienne

Chiliennes

Chiliens

Chinese

Chinois

Chinoise

Chinoises

Chypriote

Chypriotes

Cisjordanien

Cisjordanienne

Cisjordaniennes

Cisjordaniens

Cisjordano

Clermont-

Colombian

Colombien

Colombienne

Colombiennes

Colombiens

Comoran

Comoreen

Comoreenne

Comoreennes

Comoreens

Comoréen

Comoréenne

Comoréennes

Comoreens

Congolais

Congolaise

Congolaises

Congolese

Coreen

Coreenne

Coreennes

Coreens

Coréen

Coréenne

Coréennes

Coréens

Costa Rican

Croate

Croates

Cubain

Cubaine

Cubaines

Cubains

Cuban

Cypriot

Czech

Czechoslovak

Czechoslovakian

Danish

Danois

Danoise

Danoises

Djiboutian

Dominicain

Dominicaine

Dominicaines

Dominican

Dutch

East German

Ecossais

Ecossaise

Ecossaises

Ecuadorian

Egyptian

Egyptien

Egyptienne

Egyptiennes

Egyptiens

Egypto

Emirats Arabes 

Emirian

English

Equatorial Guinean

Espagnol

Espagnole

Espagnoles

Espagnols

Estonian

Estonien

Estonienne

Estoniennes

Estoniens

Et Element Coordination

Ethiopian

Ethiopien

Ethiopienne

Ethiopiennes

Ethiopiens

Europeano

Europeen

Europeenne

Europeennes

Europeens

Faroese

Fijian

Finlandais

Finlandaise

Finlandaises

Finlando

Finnish

Finois

Finoise

Finoises

Foreign

Francais

Francaise

Francaises

Français

Française

Françaises

Franco

French

French Polynesian

Gabonnais

Gabonnaise

Gabonnaises

Gambian

Gambien

Gambienne

Gambiennes

Gambiens

Georgian

German

Germano

Ghanaian

Ghaneen

Ghaneenne

Ghaneennes

Ghanéens

Ghanéen

Ghanéenne

Ghanéennes

Ghanéens

Grec

Greco

Grecque

Grecques

Grecs

Greenlander

Greenlandic

Grenadian

Guadelopeen

Guadelopeenne

Guadelopeennes

Guadelopeens

Guamanian

Guatemalan

Guatemalteque

Guatemalteques

Guinea Bissauan

Guinean

Guineen

Guineenne

Guineennes

Guineens

Guyanais

Guyanaise

Guyanaises

Guyanese

Haitian

Haitien

Haitienne

Haitiennes

Haitiens

Helvetico

Helvetique

Helvetiques

Helvético

Helvétique

Helvétiques

Hispano

Hollandais

Hollandaise

Hollandaises

Hongro

Hongrois

Hongroise

Icelandic

Indian

Indien

Indienne

Indiennes

Indiens

Indo

Indonesian

Indonesien

Indonesienne

Indonesiennes

Indonesiens

Indonesio

Irakien

Irakienne

Irakiennes

Irakiens

Irako

Iranian

Iranien

Iranienne

Iraniennes

Iraniens

Irano

Iraqi

Iraqien

Iraqienne

Iraqiennes

Iraqiens

Iraqo

Irish

Irlandais

Irlandaise

Irlandaises

Irlando

Islandais

Islandaise

Islandaises

Islando

Israeli

Israelien

Israelienne

Israeliennes

Israeliens

Israelo

Italian

Italien

Italienne

Italiennes

Italiens

Italo

Ivoirien

Ivoirienne

Ivoiriennes

Ivoiriens

Ivorian

Jamaicain

Jamaicainne

Jamaicainnes

Jamaicains

Jamaican

Jamaico

Japanese

Japonais

Japonaise

Japonaises

Japono

Jordanian

Jordanien

Jordanienne

Jordaniennes

Jordaniens

Jordano

Kazakhstani

Kenyan

Kenyan

Kenyane

Kenyanes

Kenyans

Korean

Koweitien

Koweitienne

Koweitiennes

Koweitiens

Koweito

Kuwaiti

Laotian

Latvian

Lebanese

Letton

Lettonne

Lettonnes

Lettons

Libanais

Libanaise

Libanaises

Libano

Liberian

Liberien

Liberienne

Liberiennes

Liberiens

Libyan

Lithuanian

Lithuanien

Lithuanienne

Lithuaniennes

Lithuaniens

Luxembourg

Luxembourgeois

Luxembourgeoise

Luxembourgeoises

Macau

Mahoran

Malagasy

Malaisien

Malaisienne

Malaisiennes

Malaisiens

Malawian

Malaysian

Maldive

Maldives

Maldivian

Malgache

Malgaches

Malian

Malien

Malienne

Maliennes

Maliens

Maltais

Maltaise

Maltaises

Maltese

Margarita, Location City

Marocain

Marocaine

Marocaines

Marocains

Martiniquais

Martiniquais

Martiniquaise

Martiniquaises

Mauritanian

Mauritanien

Mauritanienne

Mauritaniennes

Mauritaniens

Mauritian

Mexicain

Mexicaine

Mexicaines

Mexicains

Mexican

Micronesian

Monacan

Monagasque

Monegasque

Monegasques

Mongolian

Mongolien

Mongolienne

Mongoliennes

Mongoliens

Montserratian

Moroccan

Motswana

Mozambican

Namibian

Namibien

Namibienne

Namibiennes

Namibiens

Nation Locationelement Country

Nations Locationelement Country

Nauruan

Nepalais

Nepalaise

Nepalaises

Nepalese

New Caledonian

New Zealand

Nicaraguan

Nicaraguayen

Nicaraguayenne

Nicaraguayennes

Nicaraguayens

Nigerian

Nigerian

Nigeriane

Nigerianes

Nigerians

Nigérian

Nigérian

Nigériane

Nigérianes

Nigérians

Nigerien

Nigerien

Nigerienne

Nigeriennes

Nigeriens

Nippon

Nippone

Nippones

Nippons

Niuean

North Korean

Northern Irish

Norvegien

Norvegienne

Norvegiennes

Norvegiens

Norwegian

Omani

Pakistani

Panamanian

Papua New Guinean

Peruvian

Peruvien

Peruvienne

Peruviennes

Peruviens

Philippin

Philippine

Philippine

Philippines

Philippins

Polish

Portugais

Portugaise

Portugaises

Portuguese

Puerto Rican

Qatari

Quebeco

Quebecois

Quebecoise

Quebecoises

Reunionais

Reunionaise

Reunionaises

Reunionese

Québeco

Québecois

Québecoise

Québecoises

Réunionais

Réunionaise

Réunionaises

Réunionese

Romanian

Roumain

Roumaine

Roumaines

Roumains

Roumano

Russian

Russo

Rwandais

Rwandaise

Rwandaises

Rwandan

Salvadoran

Sanmarinese

Saoudien

Saoudienne

Saoudiennes

Saoudiens

Saudi

Saudi Arabian

Scotch

Scots

Scottish

Senegalais

Senegalaise

Senegalaises

Senegalese

Senegalo

Sénégalais

Sénégalaise

Sénégalaises

Sénégalese

Sénégalo

Serbe

Serbes

Sierra Leonean

Singaporian

Sino

Slovak

Slovakian

Somali

Somalien

Somalienne

Somaliennes

Somaliens

Sotho

Soudanais

Soudanaise

Soudanaises

South African

South Korean

Southern Irish

Sovietique

Sovietiques

Sovieto

Spanish

Sri Lankan

Sri-Lankais

Sri-Lankaise

Sri-Lankaises

St. Lucian

Sudanese

Suedo

Suedois

Suedoise

Suedoises

Suèdo

Suèdois

Suèdoise

Suèdoises

Suisse

Suisses

Surinamese

Swazi

Swedish

Swiss

Syrian

Syrien

Syrienne

Syriennes

Syriens

Taiwanais

Taiwanaise

Taiwanaises

Taiwanese

Tajikistani

Tanzanian

Tanzanien

Tanzanienne

Tanzaniennes

Tanzaniens

Tchadien

Tchadienne

Tchadiennes

Tchadiens

Tcheco

Tchecoslovaque

Tchecoslovaques

Tcheque

Tcheques

Tchèque

Tchèques

Thai

Thailandais

Thailandaise

Thailandaises

Togolais

Togolaise

Togolaises

Togolese

Tokelauan

Tongan

Trinidadian

Tswana

Tunisian

Tunisien

Tunisienne

Tunisiennes

Tunisiens

Tunisio

Turc

Turco

Turcs

Turkish

Turkmenistani

Turque

Turques

Tuvaluan

Ugandan

Ukrain

Ukrainien

Ukrainienne

Ukrainiennes

Ukrainiens

Uruguayan

Uzbek

Vanuatuan

Venezuelan

Venezuelien

Venezuelienne

Venezueliennes

Venezueliens

Vénézuelien

Vénézuelienne

Vénézueliennes

Vénézueliens

Vietnamese

Vietnamien

Vietnamienne

Vietnamiennes

Vietnamiens

Washington, Location City

Welsh

West German

Western Samoan

Yemeni

Yougoslave

Yougoslaves

Yugoslav

Yugoslavian

Zairian

Zairois

Zairoise

Zairoises

Zaïrois

Zaïroise

Zaïroises

Zambian

Zambien

Zambienne

Zambiennes

Zambiens

Zimbabwean

