Asian Currency Unit
B Fr
BFr
CFA franc
CFP franc
Costa Rican colon
DM
Deutsch Mark
Deutsch Marks
Deutsche mark
Deutsche marks
ECU
East Caribbean dollar
Ecu
EURO
EUROS
Euro
Euros
European Currency Units
F Fr
FFr
Fr
German mark
German marks
GBP
Macau Palaca
New Taiwan dollar
New Taiwan dollars
NT dollar
NT dollars
Ost Mark
S Fr
SFr
Saudi riyal
US dollar
US dollars
austral
baht
balboa
birr
bolivar
cedi
cent
cents
colon
cordoba
couronne
couronnes
cruzeiro
dalasi
deutsch mark
deutsch marks
deutschemark
deutschemarks
dinar
dinari
dirham
dollar
dollars
drach
drachma
drachmas
ecu
escudo
escudos
euc
euro
euros
floren
florens
forint
franc
francs
guarani
guilder
guilders
kina
koruna
krona
krone
kroner
kronor
kuna
kwacha
kwanza
kyat
lempira
leone
leu
lev
lilangeni
lira
liras
lire
livre
maloti
mark
markka
markkaa
marks
metical
naira
nuevo sol
ostmark
ouguiya
palaca
p
pence
pences
peseta
pesetas
peso
pesos
pound
pound sterling
pounds
pounds sterling
pula
punt
punts
quetzal
rand
rands
renminbi
rial
ringgit
riyal
ruble
rubles
rupee
rupees
rupiah
schilling
schillings
shekel
shekels
shilling
shillings
sol
sterling
sucre
taka
tugrik
vatu
won
yen
zaire
zloty
Austral
Baht
Balboa
Birr
Bolivar
Cedi
Cent
Cents
Colon
Cordoba
Couronne
Couronnes
Cruzeiro
Dalasi
Deutsch Mark
Deutsch Marks
Deutschemark
Deutschemarks
Dinar
Dinari
Dirham
Dollar
Dollars
Drach
Drachma
Drachmas
Ecu
Escudo
Escudos
Euc
Floren
Florens
Forint
Franc
Francs
Guarani
Guilder
Guilders
Kina
Koruna
Krona
Krone
Kroner
Kronor
Kuna
Kwacha
Kwanza
Kyat
Lempira
Leone
Leu
Lev
Lilangeni
Lira
Liras
Lire
Livre
Maloti
Mark
Markka
Markkaa
Marks
Metical
Naira
Nuevo Sol
Ostmark
Ouguiya
Palaca
Pence
Pences
Peseta
Pesetas
Peso
Pesos
Pound
Pound Sterling
Pounds
Pounds Sterling
Pula
Punt
Punts
Quetzal
Rand
Rands
Renminbi
Rial
Ringgit
Riyal
Ruble
Rubles
Rupee
Rupees
Rupiah
Schilling
Schillings
Shekel
Shekels
Shilling
Shillings
Sol
Sterling
Sucre
Taka
Tugrik
Vatu
Won
Yen
Zaire
Zloty

