ASSOCIATES
Acquisition
Affaires
Affairs
Aircraft
Associates
Assurance
Aviation
Bancorp
Boat Company
Boats
Brands
Capital
Care
Chemicals
Chronicle
Circus
Committee
Communications
Computer
Containers
Corps
Cost
Data
Department Store
Design
Development
Distance
Drew
Drilling
Education
Electric
Electricity
Electriques
Energie
Energy
Enterprise
Enterprises
Equitable
Federal
Financial
Fire Rescue
Fédéral
Gas
Gestion
Général
Générale
Holdings
Industriale
Industries
Institute of Technology
Insurance
Interstate
Investissements
Investments
Kennels
Machines
Magasins
Management
Marine
Marketing
Markets
Media
Mercantile Exchange
Mining
Motor
Motors
News
News Service
Oil
Optical
Organization
Petrole
Petroleum
Pharmaceutical
Pharmaceutiques
Pottery
Power
Press
Radio
Recherche
Records
Rescue
Research
Reserve
Rouge
Régulation
Savings
Secure Electronic Transaction
Securities
Services
State Police
Stock Exchange
Stores
Systems
TV
Technologie
Technologies
Technology
Telegraph
Television
Times
Tours
Télévision
Utilities
Ware