AA-8000
Actinium
AL-6XN
Al-Li
Alloy 20
Alnico
Aluminium
Aluminium bronze
Amalgam
Americium
Anthracite iron
Antimony
Arsenic
Astatine
Barium
Bell metal
Berkelium
Beryllium
Beryllium copper
Billon
Biosteel
Bismuth
Bohrium
Brass
Britannia silver
Britannium
Bronze
Bulat steel
Cadmium
Caesium
Calamine brass
Calcium
Californium
Cast iron
Celestrium
Cerium
Cerrobend
Chinese silver
Chromel
Chromium
Chromoly
Cobalt
Constantan
Copper
Copper-Nickel
Corinthian brass
Crucible steel
Cunife
Cupronickel
Curium
Cymbal alloys
Damascus steel
Darmstadtium
Devarda's alloy
Dubnium
Duralumin
Dysprosium
Einsteinium
Electrical steel
Electrum
Elinvar
Erbium
Europium
Fermium
Fernico
Ferroalloys
Ferroboron
Ferrochrome
Ferromagnesium
Ferromanganese
Ferromolybdenum
Ferronickel
Ferrophosphorus
Ferrosilicon
Ferrotitanium
Ferrovanadium
Field's metal
Francium
Gadolinium
Galinstan
Gallium
German silver
Germanium
Gilding metal
Gold
Guanin
Gunmetal
Hafnium
Hardened steel
Hassium
Hastelloy
Hepatizon
Heusler alloy
High speed steel
Holmium
HSLA steel
Inconel
Indium
Invar
Iridium
Iron
Kovar
Lanthanum
Lawrencium
Lead
Lithium
Lutetium
Magnesium
Magnox
Manganese
Manganin
Maraging steel
Marine grade stainless
Martensitic stainless steel
Megallium
Meitnerium
Mendelevium
Mercury
Mischmetal
MKM steel
Molybdenum
Monel metal
Mu-metal
Muntz metal
Nambe
Neodymium
Neptunium
Nichrome
Nickel
Nickel silver
Nicrosil
Niobium
Nisil
Nitinol
Nobelium
Nordic gold
Ormolu
Osmium
Palladium
Pewter
Phosphor bronze
Pig iron
Pinchbeck
Plain-carbon steel
Platinum
Plutonium
Polonium
Potassium
Praseodymium
Prince's metal
Promethium
Protactinium
Radium
Reynolds 531
Rhenium
Rhodium
Roentgenium
Rose gold
Rose metal
Rubidium
Ruthenium
Rutherfordium
Samarium
Scandium
Seaborgium
Shakudo
Silicon steel
Silumin
Silver
Sodium
Solder
Solder
Speculum metal
Spiegeleisen
Stainless steel
Steel
Stellite
Sterling silver
Strontium
Surgical stainless steel
Talonite
Tamahagane
Tantalum
Technetium
Tellurium
Terbium
Terne
Thallium
Thorium
Thulium
Tin
Titanium
Tombac
Tool steel
Tumbaga
Tungsten
Type metal
Ununbium
Ununhexium
Ununoctium
Ununpentium
Ununquadium
Ununseptium
Ununtrium
Uranium
Vanadium
Vitallium
White gold
Wood's metal
Wootz steel
Wrought iron
Ytterbium
Yttrium
Zamak
Zinc
Zircaloy
Zirconium
