Aconcagua
Ahaggar Mountains
Ainos
Albert Peak
Allalinhorn
Alphubel
Alps
Amealco
Anamudi
Ancohuma
Andes
Aneto
Annapurna
Annapurna II
Antisana
Aoraki
Aran Fawddwy
Ararat
Asleep Woman
Atacazo
Auasberge
Baekdu
Baintha Brak
Baitou Mountain
Bali
Baltistan Peak
Belukha
Ben Bulben 
Ben Lawers
Ben Nevis
Bietschhorn
Bishop's Mitre
Blackcomb Mountain
Blue Knob
Blue Mountains
Bluemlisalp
Bluff Knoll
Botev
Brave Mountain
Bridge Mountain
Broad Peak
Buni Zom
Camel's Hump
Cannon Mountain
Carihuairazo
Carnes Peak
Carrantuohill
Cathedral Peak
Cayambe
Ceboruco
Cerberus Mountain
Cerro Bravo
Cerro de la Estrella
Cerro del Garbanzo
Cerro del Potosi
Cerro Hermoso
Cerro La Cruz del Marques
Cerro Las Nieves
Cerro Mercedario
Cerro San Valentin
Cerro Torre
Chachacomani
Chichinautzin
Chiles
Chimborazo
Cho Oyu
Chomo Lhari
Cofre de Perote
Corazon
Corno Grande
Cotacachi
Cotopaxi
Cradle Mountain National Park
Crater de La Olleta
Cronus Peak
Cross Fell
Cvrsnica
Dachstein
Dais Mountain
Damavand
Dammastock
Dent Blanche
Dent du Midi
Devil's Bit
Devils Thumb
Devils Tower
Dhaulagiri
Diablerets
Dinara
Diran
Distaghil Sar
Doi Inthanon
Dom
Drakensberg Cathkin Peak
Eiger
El Altar
El Chichon
El Coahuilon
El Jorullo
Emi Koussi
Etna
Evermann
Fairweather Mountain
Falls Creek
Fansipan
Farallones de Cali
Farallones de Citara
Feldberg
Fichtelberg
Finsteraarhorn
Fitz Roy
Galdhopiggen
Gangkhar Puensum
Gannett Peak
Gasherbrum I
Gasherbrum II
Gasherbrum III
Gasherbrum IV
Gasherbrum V
Gerlachovsky stit
Glacier Peak
Golden Hinde
Gongga Shan
Good Hope Mountain
Gran Paradiso
Grand Combin
Grand Teton
Grandes Jorasses
Grossglockner
Gurla Mandhata
Gyachung Kang
Gyala Peri
Haleakala 
Half Dome
Halla Mountain
Haltiatunturi
Haramosh
Hehuan Mountain
Hekla
Hilmalchuli
Himalayas
Hkakabo Razi
Hochkonig
Holotepec
Horsetooth Mountain
Hoverla
Howse Peak
Howser Spire
HPeak
Huascaran
Huayna Potosi
Hymettus
Iconoclast Mountain
Iliniza Norte
Iliniza Sur
Illampu
Illimani
Imbabura
Independence Peak
Ismail Samani Peak
Istor-o-nal
Iztaccihuatl
Jade Mountain
Jahuey
Jbel Toubkal
Jeanette Peak
Jobs Peak
Jungfrau
K12
K2
Kailash
Kamet
Kangchenjunga
Kanjut Sar
Karluk Peak
Kates Needle
Kawa Karpo
Kebnekaise
Kekes
Kilauea 
Kinder Scout
King Peak
Kings Peak
Klein Matterhorn
Klyuchevskaya Sopka
Kompassberg
Kongur
Kopaonik
Korab
Koschuta
Kula Kangri
Kunyang Chhish
La Calle
La Malinche
La Martha
La Mota Grande
La Primavera
La Viga
Laila Peak
Lanin Volcano
Lhotse
Liskamm
Llullaillaco
Lone Peak
Longs Peak
Los Humeros
Los Tres Reyes Magos
Machhapuchhre
Majestic Mountain
Makalu
Malubiting
Mam Tor
Mammoth Mountain
Man O'War Peak
Manaslu
Marble Mountain
Maroon Bells
Masherbrum
Matacanes
Matterhorn
Mauna Kea 
Mauna Loa
Melungtse
Mitre Peak
Moco
Monarch Mountain
Monmouth Mountain
Mont Blanc
Mont Ventoux
Monte Cristallo
Monte Pissis
Monte Rosa
Monte Sarmiento
Mount Adams
Mount Agung 
Mount Anglem 
Mount Apo
Mount Aspiring 
Mount Assiniboine
Mount Augusta
Mount Aylmer
Mount Baker
Mount Ball
Mount Baxter
Mount Bogong
Mount Bona
Mount Borah
Mount Brazeau
Mount Buffalo
Mount Buller
Mount Cameroon
Mount Caubvik
Mount Charleston
Mount Chown
Mount Churchill
Mount Circeo
Mount Clemenceau
Mount Cline
Mount Columbia
Mount Cook
Mount Cooper
Mount Dampier 
Mount Dana
Mount Dandenong
Mount Dawson
Mount Delano
Mount Diablo
Mount Edgecumbe 
Mount Edith Cavell
Mount Elbert
Mount Elbrus
Mount Elgon
Mount Emin
Mount Erebus
Mount Ethelbert
Mount Evan-Thomas
Mount Everest
Mount Fa- British Columbia 
Mount Fairweather
Mount Feathertop
Mount Findlay
Mount Foraker
Mount Forbes
Mount Fridtjof Nansen
Mount Fryatt
Mount Fuji
Mount Galatea
Mount Garibaldi
Mount Gessi
Mount Goodsir
Mount Grenville
Mount Greylock
Mount Gunnbjorn
Mount Harrison
Mount Hector
Mount Hikurangi 
Mount Hood
Mount Hopkins 
Mount Hornickel
Mount Hotham
Mount Hubbard
Mount Hutt 
Mount Ida
Mount Jackson
Mount Jefferson
Mount Joffre
Mount Kadam
Mount Karisimbi
Mount Katahdin
Mount Kazbek
Mount Keira
Mount Kembla
Mount Kenya
Mount Kerinci
Mount Kilimanjaro
Mount Kinabalu
Mount King George
Mount Kinyeti
Mount Kirkpatrick
Mount Kosciuszko
Mount Lafayette
Mount Lassen
Mount Lemmon
Mount Logan
Mount Lucania
Mount Luigi di Savoia
Mount Lyell
Mount Mansfield
Mount Marathon
Mount Marcus Baker
Mount Markham
Mount Massive
Mount Matthews 
Mount Maunganui 
Mount McKinley or Denali
Mount Merapi
Mount Meru
Mount Mike
Mount Mitchell
Mount Moloch
Mount Monadnock
Mount Monashee
Mount Moore
Mount Moroto
Mount Morungole
Mount Ngauruhoe 
Mount Olympus
Mount Ossa
Mount Owen 
Mount Pirongia 
Mount Quan- British Columbia 
Mount Queen Bess
Mount Queen Mary
Mount Rae
Mount Rainier
Mount Raleigh
Mount Ratz
Mount Robson
Mount Rogers
Mount Roraima
Mount Ruapehu 
Mount Saint Bride
Mount Saint Elias
Mount Sanford
Mount Saskatchewan
Mount Seattle
Mount Shasta
Mount Shuksan
Mount Si
Mount Silberhorn 
Mount Sir Alexander
Mount Sir Douglas
Mount Sir Sandford
Mount Sir Wilfrid Laurier
Mount Smolikas
Mount Speke
Mount St. Helens
Mount Stanley
Mount Stewart
Mount Stuart
Mount Tallebudgera
Mount Tambora
Mount Taranaki or Mount Egmont 
Mount Tarawera 
Mount Tasman 
Mount Tatlow
Mount Temple
Mount Templeman
Mount Terror
Mount Thor
Mount Timpanogos
Mount Tisiphone
Mount Tongariro 
Mount Torbert
Mount Tyree
Mount Ulysses
Mount Upton
Mount Vancouver
Mount Vesuvius
Mount Vishnu
Mount Waddington
Mount Walsh
Mount Washburn
Mount Washington
Mount Wellington
Mount Wellington 
Mount Werner
Mount Whitney
Mount Willingdon
Mount Wood
Mount Zulia
Mulhacen
Musala
Muztagh Ata
Muztagh Tower
Nadelhorn
Namcha Barwa
Nanda Devi
Nanga Parbat
Napf
Neptune Peak
Nevado
Nevado de Colima
Nevado de Santa Isabel
Nevado de Sumapaz
Nevado de Toluca
Nevado del Huila
Nevado del Ruiz
Nevado del Tolima
Nevado Sajama
Newberry Volcano
North Twin
Noshaq
Ober Gabelhorn
Ojos del Salado
Old Goat Mountain
Ololica
Olympus
oraefajokull
Orjen
Ortler
Panachaicus
Pancake Peak
Papua
Paramillo del Cisne
Paramillo del Quindio
Paramo de pisba
Paricutin
Parnassus
Pasochoa
Passu Sar
Peak Jengish Chokusu
Pelvoux
Pen y Fan
Pena de Bernal
Pichincha
Pico Alto
Pico Bolivar
Pico Cristobal Colon
Pico Cuauhtemoc
Pico da Neblina
Pico de Orizaba
Pico del aguila
Pico del Norte
Pico del Teide
Pico Everest
Pico Perico
Pico Piramide
Pikes Peak
Pilatus
Pinacate
Piz Bernina
Piz Morteratsch
Piz Palu
Plockenstein
Popocatepetl
Pumlumon Fawr
Pumori
Puncak Jaya
Pyrenees
Qurnat as Sawda'
Rakaposhi
Rakhiot Peak
Ras Dejen
Razorback Mountain
Reventador
Rigi
Rimpfischhorn
Ruminahui
Rungwe
Saltoro Kangri
San Jacinto Peak
Sangaguey
Sangay
Sangemarmar Sar
sar mountain
Saraghrar
Scafell Pike
Schneeberg
Schreckhorn
Sciliar
See also: Alps
Serra da Estrela
Shillong Peak
Shishapangma
Sia Kangri
Sierra Negra
Sierra Nevada de Santa Marta
Sierra Nevada del Cocuy
Simon Peak
Sincholagua
Skil Brum
Slieve Donard
Snaefell
Snaefellsjokull
Snowdon
Snowdonia
Square Mountain
Sri Pada
Star Mountain
Sugarloaf Mountain
Sumaco
Sunwapta Peak
Table Mountain
Tacana
Talchako Mountain
Tapuae-o-Uenuku 
Taseko Mountain
Teide
Telapon
Tepetiltic
Tetlalmanche
Teutli
The Brocken
The Rajah
The Victorian Alps
Three Sisters
Tirich Mir
Titlis
Tlaloc Mountain
Tlalocatepetl
Todi
Trango Towers
Traunstein
Tres Virgenes
Triglav
Tronador
Tsar Mountain
Tungurahua
Tusk Peak
Ultar Peak
Untersberg
Varful Moldoveanu
Vergina
Vihren
Villarrica
Vinson Massif
Volcan Antuco
Volcan cumbal
Volcan de Ahuacatlan
Volcan de Chiles
Volcan de Fuego de Colima
Volcan de Purace
Volcan de San Quintin
Volcan de Tequila
Volcan Galeras
Volcan Purace
Volcan San Martin Tuxtla
Volcan Sotara
Weisshorn
Weissmies
Wetterhorn
Wheeler Peak
Whistler Mountain
White Woman
Whitehorn Mountain
Wildspitze
Wood Peak
Xinantecatl
Yeloxochtl
Zapotepetl
Zinalrothorn
Zlatibor
Zugspitze
